<html>
<body>
<pre>
<h1>µVision Build Log</h1>
<h2>Tool Versions:</h2>
IDE-Version: ¦ÌVision V5.17.0.0
Copyright (C) 2015 ARM Ltd and ARM Germany GmbH. All rights reserved.
License Information: kingchad wu, csust, LIC=V8574-F4FDN-49VG2-98DKB-XZRPL-GKWC7
 
Tool Versions:
Toolchain:       MDK-ARM Professional  Version: 5.17
Toolchain Path:  C:\Keil_v5\ARM\ARMCC\Bin
C Compiler:      Armcc.exe V5.06 update 1 (build 61)
Assembler:       Armasm.exe V5.06 update 1 (build 61)
Linker/Locator:  ArmLink.exe V5.06 update 1 (build 61)
Library Manager: ArmAr.exe V5.06 update 1 (build 61)
Hex Converter:   FromElf.exe V5.06 update 1 (build 61)
CPU DLL:         SARMCM3.DLL V5.17
Dialog DLL:      DARMCM1.DLL V1.12.0.0
Target DLL:      Segger\JL2CM3.dll V2.99.16.0
Dialog DLL:      TARMCM1.DLL V1.9.0.0
 
<h2>Project:</h2>
Z:\home\nephne\bluetoothLamp\BlueTest\proxrTest\prj_proxr\keil\proxr.uvproj
Project File Date:  01/22/2016

<h2>Output:</h2>
*** Using Compiler 'V5.06 update 1 (build 61)', folder: 'C:\Keil_v5\ARM\ARMCC\Bin'
Build target 'proxr'
compiling app_main.c...
compiling system.c...
compiling usr_design.c...
compiling app_util.c...
compiling app_env.c...
compiling app_printf.c...
compiling app_sys.c...
compiling app_task.c...
compiling app_gap.c...
compiling app_gap_task.c...
compiling app_gatt.c...
compiling app_gatt_task.c...
compiling app_smp.c...
compiling app_smp_task.c...
compiling app_proxr.c...
compiling app_proxr_task.c...
compiling prf_utils.c...
compiling proxr.c...
compiling proxr_task.c...
compiling uart.c...
compiling gpio.c...
compiling sleep.c...
compiling pwm.c...
compiling syscon.c...
compiling wdt.c...
compiling timer.c...
compiling rtc.c...
compiling dma.c...
compiling serialflash.c...
compiling adc.c...
compiling analog.c...
compiling led.c...
compiling button.c...
compiling retarget.c...
compiling buzz.c...
compiling joysticks.c...
linking...
Program Size: Code=19908 RO-data=1388 RW-data=388 ZI-data=3588  
After Build - User command #1: fromelf --bin --output ./bin/proxr.bin ./obj/proxr.axf
".\obj\proxr.axf" - 0 Error(s), 0 Warning(s).
Build Time Elapsed:  00:00:24
</pre>
</body>
</html>
