Component: ARM Compiler 5.06 update 1 (build 61) Tool: armlink [4d35a8]

==============================================================================

Section Cross References

    startup.o(RESET) refers to startup.o(STACK) for __initial_sp
    startup.o(RESET) refers to startup.o(.text) for Reset_Handler
    startup.o(RESET) refers to gpio.o(i.GPIO_IRQHandler) for GPIO_IRQHandler
    startup.o(RESET) refers to analog.o(i.ACMP0_IRQHandler) for ACMP0_IRQHandler
    startup.o(RESET) refers to analog.o(i.ACMP1_IRQHandler) for ACMP1_IRQHandler
    startup.o(RESET) refers to lib.o(i.BLE_IRQHandler) for BLE_IRQHandler
    startup.o(RESET) refers to sleep.o(i.OSC_EN_IRQHandler) for OSC_EN_IRQHandler
    startup.o(RESET) refers to dma.o(i.DMA_IRQHandler) for DMA_IRQHandler
    startup.o(RESET) refers to uart.o(i.UART0_TX_IRQHandler) for UART0_TX_IRQHandler
    startup.o(RESET) refers to uart.o(i.UART0_RX_IRQHandler) for UART0_RX_IRQHandler
    startup.o(RESET) refers to timer.o(i.TIMER0_IRQHandler) for TIMER0_IRQHandler
    startup.o(RESET) refers to timer.o(i.TIMER1_IRQHandler) for TIMER1_IRQHandler
    startup.o(RESET) refers to timer.o(i.TIMER2_IRQHandler) for TIMER2_IRQHandler
    startup.o(RESET) refers to timer.o(i.TIMER3_IRQHandler) for TIMER3_IRQHandler
    startup.o(RESET) refers to wdt.o(i.WDT_IRQHandler) for WDT_IRQHandler
    startup.o(.text) refers to entry.o(.ARM.Collect$$$$00000000) for __main
    app_main.o(i.assert_err) refers to printf8.o(i.__0printf$8) for __2printf
    app_main.o(i.assert_warn) refers to printf8.o(i.__0printf$8) for __2printf
    app_main.o(i.main) refers to math.o(REG_ACCESS_SECTION) for __wr_reg_with_msk
    app_main.o(i.main) refers to lib.o(i.dc_dc_enable) for dc_dc_enable
    app_main.o(i.main) refers to lib.o(i.plf_init) for plf_init
    app_main.o(i.main) refers to system.o(i.SystemInit) for SystemInit
    app_main.o(i.main) refers to lib.o(i.ble_init) for ble_init
    app_main.o(i.main) refers to app_env.o(i.app_init) for app_init
    app_main.o(i.main) refers to usr_design.o(i.usr_init) for usr_init
    app_main.o(i.main) refers to sleep.o(i.sleep_init) for sleep_init
    app_main.o(i.main) refers to sleep.o(i.wakeup_by_sleep_timer) for wakeup_by_sleep_timer
    app_main.o(i.main) refers to lib.o(i.ke_schedule) for ke_schedule
    app_main.o(i.main) refers to sleep.o(i.usr_sleep) for usr_sleep
    app_main.o(i.main) refers to lib.o(i.ble_sleep) for ble_sleep
    app_main.o(i.main) refers to sleep.o(i.enter_sleep) for enter_sleep
    app_main.o(i.main) refers to prf_utils.o(i.prf_init) for prf_init
    app_main.o(i.main) refers to prf_utils.o(i.prf_dispatch_disconnect) for prf_dispatch_disconnect
    app_main.o(i.main) refers to app_main.o(.bss) for .bss
    app_main.o(i.main) refers to sleep.o(i.sleep_cb) for sleep_cb
    system.o(i.SystemInit) refers to math.o(REG_ACCESS_SECTION) for __wr_reg
    system.o(i.SystemInit) refers to syscon.o(i.syscon_set_sysclk_src) for syscon_set_sysclk_src
    system.o(i.SystemInit) refers to syscon.o(i.syscon_set_ahb_clk) for syscon_set_ahb_clk
    system.o(i.SystemInit) refers to syscon.o(i.syscon_set_ble_clk) for syscon_set_ble_clk
    system.o(i.SystemInit) refers to syscon.o(i.syscon_set_apb_clk) for syscon_set_apb_clk
    system.o(i.SystemInit) refers to syscon.o(i.syscon_set_timer_clk) for syscon_set_timer_clk
    system.o(i.SystemInit) refers to syscon.o(i.syscon_set_usart_clk) for syscon_set_usart_clk
    system.o(i.SystemInit) refers to gpio.o(i.gpio_init) for gpio_init
    system.o(i.SystemInit) refers to led.o(i.led_init) for led_init
    system.o(i.SystemInit) refers to button.o(i.button_init) for button_init
    system.o(i.SystemInit) refers to uart.o(i.uart_init) for uart_init
    system.o(i.SystemInit) refers to usr_design.o(i.gpio_interrupt_callback) for gpio_interrupt_callback
    usr_design.o(i.app_button_timer_handler) refers to app_main.o(i.assert_err) for assert_err
    usr_design.o(i.app_button_timer_handler) refers to gpio.o(i.gpio_read_pin) for gpio_read_pin
    usr_design.o(i.app_button_timer_handler) refers to app_gap.o(i.app_gap_adv_stop_req) for app_gap_adv_stop_req
    usr_design.o(i.app_button_timer_handler) refers to app_util.o(i.app_get_local_service_flag) for app_get_local_service_flag
    usr_design.o(i.app_button_timer_handler) refers to app_util.o(i.app_set_scan_rsp_data) for app_set_scan_rsp_data
    usr_design.o(i.app_button_timer_handler) refers to app_util.o(i.app_set_adv_data) for app_set_adv_data
    usr_design.o(i.app_button_timer_handler) refers to app_gap.o(i.app_gap_adv_start_req) for app_gap_adv_start_req
    usr_design.o(i.app_button_timer_handler) refers to buzz.o(i.buzzer_off) for buzzer_off
    usr_design.o(i.app_button_timer_handler) refers to sleep.o(.data) for sleep_env
    usr_design.o(i.app_button_timer_handler) refers to app_env.o(.bss) for app_env
[...]
    i.led_set                                0x10003740   Section        0  led.o(i.led_set)
    i.lld_sleep_init_new                     0x10003768   Section        0  lib.o(i.lld_sleep_init_new)
    i.lld_sleep_lpcycles_2_us                0x10003780   Section        0  lib.o(i.lld_sleep_lpcycles_2_us)
    lld_sleep_lpcycles_2_us                  0x10003781   Thumb Code    50  lib.o(i.lld_sleep_lpcycles_2_us)
    i.lld_stop_ind_handler_new               0x100037bc   Section        0  lib.o(i.lld_stop_ind_handler_new)
    lld_stop_ind_handler_new                 0x100037bd   Thumb Code    36  lib.o(i.lld_stop_ind_handler_new)
    i.llm_lld_data_ind_handler_new           0x100037e8   Section        0  lib.o(i.llm_lld_data_ind_handler_new)
    llm_lld_data_ind_handler_new             0x100037e9   Thumb Code   314  lib.o(i.llm_lld_data_ind_handler_new)
    i.main                                   0x1000394c   Section        0  app_main.o(i.main)
    i.nvds_copy                              0x10003a3c   Section        0  lib.o(i.nvds_copy)
    nvds_copy                                0x10003a3d   Thumb Code    58  lib.o(i.nvds_copy)
    i.nvds_erase                             0x10003a7c   Section        0  lib.o(i.nvds_erase)
    nvds_erase                               0x10003a7d   Thumb Code    40  lib.o(i.nvds_erase)
    i.nvds_read                              0x10003aa8   Section        0  lib.o(i.nvds_read)
    nvds_read                                0x10003aa9   Thumb Code   138  lib.o(i.nvds_read)
    i.nvds_restore_backup                    0x10003b3c   Section        0  lib.o(i.nvds_restore_backup)
    nvds_restore_backup                      0x10003b3d   Thumb Code    98  lib.o(i.nvds_restore_backup)
    i.nvds_write                             0x10003bac   Section        0  lib.o(i.nvds_write)
    nvds_write                               0x10003bad   Thumb Code    78  lib.o(i.nvds_write)
    i.plf_init                               0x10003bfc   Section        0  lib.o(i.plf_init)
    i.plf_reset_cb                           0x10003f10   Section        0  lib.o(i.plf_reset_cb)
    plf_reset_cb                             0x10003f11   Thumb Code    12  lib.o(i.plf_reset_cb)
    i.power_off_flash                        0x10003f20   Section        0  serialflash.o(i.power_off_flash)
    i.power_on_flash                         0x10003f48   Section        0  serialflash.o(i.power_on_flash)
    i.powerup_calibration                    0x10003f88   Section        0  lib.o(i.powerup_calibration)
    powerup_calibration                      0x10003f89   Thumb Code   330  lib.o(i.powerup_calibration)
    i.prf_dispatch_disconnect                0x1000410c   Section        0  prf_utils.o(i.prf_dispatch_disconnect)
    i.prf_init                               0x10004134   Section        0  prf_utils.o(i.prf_init)
    i.prf_server_error_ind_send              0x1000413c   Section        0  prf_utils.o(i.prf_server_error_ind_send)
    i.proxr_alert_start                      0x10004168   Section        0  proxr.o(i.proxr_alert_start)
    i.proxr_create_db_req_handler            0x10004198   Section        0  proxr_task.o(i.proxr_create_db_req_handler)
    proxr_create_db_req_handler              0x10004199   Thumb Code   140  proxr_task.o(i.proxr_create_db_req_handler)
    i.proxr_disable                          0x10004248   Section        0  proxr.o(i.proxr_disable)
    i.proxr_enable_req_handler               0x100042b8   Section        0  proxr_task.o(i.proxr_enable_req_handler)
    proxr_enable_req_handler                 0x100042b9   Thumb Code   104  proxr_task.o(i.proxr_enable_req_handler)
    i.proxr_init                             0x10004334   Section        0  proxr.o(i.proxr_init)
    i.pwm_config                             0x10004354   Section        0  pwm.o(i.pwm_config)
    i.pwm_enable                             0x10004404   Section        0  buzz.o(i.pwm_enable)
    pwm_enable                               0x10004405   Thumb Code    56  buzz.o(i.pwm_enable)
    i.pwm_init                               0x10004444   Section        0  pwm.o(i.pwm_init)
    i.read_flash_id                          0x10004480   Section        0  serialflash.o(i.read_flash_id)
    i.restore_ble_setting                    0x10004490   Section        0  lib.o(i.restore_ble_setting)
    i.rf_tx_power_level_get                  0x100044e0   Section        0  qnrf.o(i.rf_tx_power_level_get)
    i.rwble_slot_2_lpcycles                  0x10004538   Section        0  lib.o(i.rwble_slot_2_lpcycles)
    i.sector_erase_flash_patch               0x1000455c   Section        0  lib.o(i.sector_erase_flash_patch)
    sector_erase_flash_patch                 0x1000455d   Thumb Code    40  lib.o(i.sector_erase_flash_patch)
    i.set_dbg_info                           0x1000458c   Section        0  lib.o(i.set_dbg_info)
    i.sleep_cb                               0x1000459c   Section        0  sleep.o(i.sleep_cb)
    i.sleep_init                             0x100045b4   Section        0  sleep.o(i.sleep_init)
    i.sleep_post_process                     0x100045e8   Section        0  lib.o(i.sleep_post_process)
    i.smp_rtx_ind_handler_patch              0x10004654   Section        0  lib.o(i.smp_rtx_ind_handler_patch)
    smp_rtx_ind_handler_patch                0x10004655   Thumb Code    70  lib.o(i.smp_rtx_ind_handler_patch)
    i.syscon_GetBLESR                        0x100046ac   Section        0  sleep.o(i.syscon_GetBLESR)
    syscon_GetBLESR                          0x100046ad   Thumb Code    10  sleep.o(i.syscon_GetBLESR)
    i.syscon_GetBLESR                        0x100046b6   Section        0  lib.o(i.syscon_GetBLESR)
    syscon_GetBLESR                          0x100046b7   Thumb Code    10  lib.o(i.syscon_GetBLESR)
    i.syscon_SetADCCRWithMask                0x100046c0   Section        0  adc.o(i.syscon_SetADCCRWithMask)
    syscon_SetADCCRWithMask                  0x100046c1   Thumb Code    10  adc.o(i.syscon_SetADCCRWithMask)
    i.syscon_SetCMDCRWithMask                0x100046ca   Section        0  sleep.o(i.syscon_SetCMDCRWithMask)
    syscon_SetCMDCRWithMask                  0x100046cb   Thumb Code    10  sleep.o(i.syscon_SetCMDCRWithMask)
    i.syscon_SetCMDCRWithMask                0x100046d4   Section        0  syscon.o(i.syscon_SetCMDCRWithMask)
    syscon_SetCMDCRWithMask                  0x100046d5   Thumb Code    10  syscon.o(i.syscon_SetCMDCRWithMask)
    i.syscon_SetIvrefX32WithMask             0x100046de   Section        0  sleep.o(i.syscon_SetIvrefX32WithMask)
    syscon_SetIvrefX32WithMask               0x100046df   Thumb Code    10  sleep.o(i.syscon_SetIvrefX32WithMask)
    i.syscon_SetIvrefX32WithMask             0x100046e8   Section        0  lib.o(i.syscon_SetIvrefX32WithMask)
    syscon_SetIvrefX32WithMask               0x100046e9   Thumb Code    10  lib.o(i.syscon_SetIvrefX32WithMask)
    i.syscon_SetPGCR0WithMask                0x100046f2   Section        0  sleep.o(i.syscon_SetPGCR0WithMask)
    syscon_SetPGCR0WithMask                  0x100046f3   Thumb Code    10  sleep.o(i.syscon_SetPGCR0WithMask)
    i.syscon_SetPGCR1WithMask                0x100046fc   Section        0  lib.o(i.syscon_SetPGCR1WithMask)
    syscon_SetPGCR1WithMask                  0x100046fd   Thumb Code    10  lib.o(i.syscon_SetPGCR1WithMask)
    i.syscon_SetPGCR2WithMask                0x10004706   Section        0  sleep.o(i.syscon_SetPGCR2WithMask)
    syscon_SetPGCR2WithMask                  0x10004707   Thumb Code    10  sleep.o(i.syscon_SetPGCR2WithMask)
    i.syscon_set_ahb_clk                     0x10004710   Section        0  syscon.o(i.syscon_set_ahb_clk)
    i.syscon_set_apb_clk                     0x10004748   Section        0  syscon.o(i.syscon_set_apb_clk)
    i.syscon_set_ble_clk                     0x1000477c   Section        0  syscon.o(i.syscon_set_ble_clk)
    i.syscon_set_sysclk_src                  0x100047bc   Section        0  syscon.o(i.syscon_set_sysclk_src)
    i.syscon_set_timer_clk                   0x10004878   Section        0  syscon.o(i.syscon_set_timer_clk)
    i.syscon_set_usart_clk                   0x100048a4   Section        0  syscon.o(i.syscon_set_usart_clk)
    i.task_app_desc_register                 0x10004914   Section        0  app_task.o(i.task_app_desc_register)
    i.task_gatt_desc_register                0x1000494c   Section        0  lib.o(i.task_gatt_desc_register)
    task_gatt_desc_register                  0x1000494d   Thumb Code   124  lib.o(i.task_gatt_desc_register)
    i.task_proxr_desc_register               0x10004a10   Section        0  proxr_task.o(i.task_proxr_desc_register)
    i.timer_timer_ClrIntFlag                 0x10004a48   Section        0  timer.o(i.timer_timer_ClrIntFlag)
    timer_timer_ClrIntFlag                   0x10004a49   Thumb Code    10  timer.o(i.timer_timer_ClrIntFlag)
    i.timer_timer_GetIntFlag                 0x10004a52   Section        0  timer.o(i.timer_timer_GetIntFlag)
    timer_timer_GetIntFlag                   0x10004a53   Thumb Code    10  timer.o(i.timer_timer_GetIntFlag)
    i.uart_check_tx_free                     0x10004a5c   Section        0  uart.o(i.uart_check_tx_free)
    i.uart_init                              0x10004a98   Section        0  uart.o(i.uart_init)
    i.uart_rx_int_enable                     0x10004b30   Section        0  uart.o(i.uart_rx_int_enable)
    uart_rx_int_enable                       0x10004b31   Thumb Code    18  uart.o(i.uart_rx_int_enable)
    i.uart_tx_int_enable                     0x10004b44   Section        0  uart.o(i.uart_tx_int_enable)
    uart_tx_int_enable                       0x10004b45   Thumb Code    46  uart.o(i.uart_tx_int_enable)
    i.uart_uart_ClrIntFlag                   0x10004b7c   Section        0  uart.o(i.uart_uart_ClrIntFlag)
    uart_uart_ClrIntFlag                     0x10004b7d   Thumb Code    10  uart.o(i.uart_uart_ClrIntFlag)
    i.uart_uart_GetIntFlag                   0x10004b86   Section        0  uart.o(i.uart_uart_GetIntFlag)
    uart_uart_GetIntFlag                     0x10004b87   Thumb Code    10  uart.o(i.uart_uart_GetIntFlag)
    i.uart_uart_SetTXD                       0x10004b90   Section        0  uart.o(i.uart_uart_SetTXD)
    uart_uart_SetTXD                         0x10004b91   Thumb Code     8  uart.o(i.uart_uart_SetTXD)
    i.usr_button1_cb                         0x10004b98   Section        0  usr_design.o(i.usr_button1_cb)
    i.usr_button2_cb                         0x10004bd0   Section        0  usr_design.o(i.usr_button2_cb)
    i.usr_init                               0x10004c00   Section        0  usr_design.o(i.usr_init)
    i.usr_led1_set                           0x10004c74   Section        0  usr_design.o(i.usr_led1_set)
    usr_led1_set                             0x10004c75   Thumb Code    72  usr_design.o(i.usr_led1_set)
    i.usr_sleep                              0x10004cc8   Section        0  sleep.o(i.usr_sleep)
    i.usr_sleep_restore                      0x10004d48   Section        0  usr_design.o(i.usr_sleep_restore)
    i.wakeup_32k_xtal_start_timer            0x10004d7c   Section        0  sleep.o(i.wakeup_32k_xtal_start_timer)
    i.wakeup_32k_xtal_switch_clk             0x10004d90   Section        0  sleep.o(i.wakeup_32k_xtal_switch_clk)
    i.wakeup_by_sleep_timer                  0x10004de4   Section        0  sleep.o(i.wakeup_by_sleep_timer)
    i.wdt_irq_clear                          0x10004e4c   Section        0  wdt.o(i.wdt_irq_clear)
    i.wdt_wdt_SetLKR                         0x10004e74   Section        0  wdt.o(i.wdt_wdt_SetLKR)
    wdt_wdt_SetLKR                           0x10004e75   Thumb Code    14  wdt.o(i.wdt_wdt_SetLKR)
    .constdata                               0x10004e84   Section      296  app_task.o(.constdata)
    .constdata                               0x10004fac   Section       48  app_task.o(.constdata)
    .constdata                               0x10004fdc   Section       36  proxr.o(.constdata)
    .constdata                               0x10005000   Section       36  proxr.o(.constdata)
    .constdata                               0x10005024   Section       36  proxr.o(.constdata)
    .constdata                               0x10005048   Section        2  proxr.o(.constdata)
    .constdata                               0x1000504a   Section        5  proxr.o(.constdata)
    .constdata                               0x10005050   Section        2  proxr.o(.constdata)
    .constdata                               0x10005052   Section        5  proxr.o(.constdata)
    .constdata                               0x10005058   Section        2  proxr.o(.constdata)
    .constdata                               0x1000505a   Section        5  proxr.o(.constdata)
    .constdata                               0x10005060   Section        8  proxr_task.o(.constdata)
    .constdata                               0x10005068   Section        8  proxr_task.o(.constdata)
    .constdata                               0x10005070   Section        8  proxr_task.o(.constdata)
    .constdata                               0x10005078   Section        8  proxr_task.o(.constdata)
    .constdata                               0x10005080   Section       32  proxr_task.o(.constdata)
    .constdata                               0x100050a0   Section       51  uart.o(.constdata)
    .constdata                               0x100050d4   Section       16  lib.o(.constdata)
    .constdata                               0x100050e4   Section       13  qnrf.o(.constdata)
    .constdata                               0x100050f1   Section      129  ctype_o.o(.constdata)
    .constdata                               0x10005174   Section        4  ctype_o.o(.constdata)
    table                                    0x10005174   Data           4  ctype_o.o(.constdata)
    .conststring                             0x10005178   Section      214  app_gap_task.o(.conststring)
    .conststring                             0x10005250   Section      173  app_smp_task.o(.conststring)
    .data                                    0x10005330   Section        4  usr_design.o(.data)
    .data                                    0x10005334   Section        2  app_task.o(.data)
    .data                                    0x10005338   Section        4  app_proxr_task.o(.data)
    .data                                    0x1000533c   Section        2  proxr_task.o(.data)
    .data                                    0x10005340   Section        4  gpio.o(.data)
    gpio_env                                 0x10005340   Data           4  gpio.o(.data)
    .data                                    0x10005344   Section       32  sleep.o(.data)
    .data                                    0x10005364   Section       12  syscon.o(.data)
    .data                                    0x10005370   Section        4  wdt.o(.data)
    .data                                    0x10005374   Section       32  timer.o(.data)
    .data                                    0x10005394   Section        4  dma.o(.data)
    dma_env                                  0x10005394   Data           4  dma.o(.data)
    .data                                    0x10005398   Section        8  serialflash.o(.data)
    .data                                    0x100053a0   Section       12  adc.o(.data)
    ADC_VCM_flag                             0x100053a0   Data           1  adc.o(.data)
    adc_offset_get_done                      0x100053a1   Data           1  adc.o(.data)
    scan_ch_num                              0x100053a2   Data           1  adc.o(.data)
    ADC_SCALE                                0x100053a4   Data           2  adc.o(.data)
    ADC_VCM                                  0x100053a6   Data           2  adc.o(.data)
    ADC_OFFSET                               0x100053a8   Data           2  adc.o(.data)
    ADC_VREF                                 0x100053aa   Data           2  adc.o(.data)
    .data                                    0x100053ac   Section       12  analog.o(.data)
    acmp0_env                                0x100053b0   Data           4  analog.o(.data)
    acmp1_env                                0x100053b4   Data           4  analog.o(.data)
    .data                                    0x100053b8   Section        8  joysticks.o(.data)
    adc_done                                 0x100053b8   Data           1  joysticks.o(.data)
    adc_key_value_avg                        0x100053ba   Data           2  joysticks.o(.data)
    key_value0                               0x100053bc   Data           2  joysticks.o(.data)
    .data                                    0x100053c0   Section        4  retarget.o(.data)
    .data                                    0x100053c4   Section      232  lib.o(.data)
    ext_ctrl                                 0x100053c4   Data           1  lib.o(.data)
    app_flags                                0x100053c5   Data           1  lib.o(.data)
    acc                                      0x100053c6   Data           1  lib.o(.data)
    dc_dc_flag                               0x100053c7   Data           1  lib.o(.data)
    l2cm_default_handler                     0x100053d4   Data           8  lib.o(.data)
    gatt_default_handler_new                 0x100053dc   Data           8  lib.o(.data)
    smpc_default_handler_new                 0x100053e4   Data           8  lib.o(.data)
    llm_default_handler_new                  0x100053ec   Data           8  lib.o(.data)
    llc_default_handler_new                  0x100053f4   Data           8  lib.o(.data)
    .data                                    0x100054ac   Section        4  rand.o(.data)
    _rand_state                              0x100054ac   Data           4  rand.o(.data)
    .data                                    0x100054b0   Section        4  errno.o(.data)
    _errno                                   0x100054b0   Data           4  errno.o(.data)
    .bss                                     0x100054b4   Section     1240  app_main.o(.bss)
    ble_heap                                 0x100054b4   Data        1240  app_main.o(.bss)
    .bss                                     0x1000598c   Section      244  app_env.o(.bss)
    .bss                                     0x10005a80   Section       12  proxr.o(.bss)
    .bss                                     0x10005a8c   Section       48  uart.o(.bss)
    uart0_env                                0x10005a8c   Data          24  uart.o(.bss)
    uart1_env                                0x10005aa4   Data          24  uart.o(.bss)
    .bss                                     0x10005abc   Section       20  adc.o(.bss)
    adc_env                                  0x10005abc   Data          20  adc.o(.bss)
    .bss                                     0x10005ad0   Section       20  joysticks.o(.bss)
    adc_key_value                            0x10005ad0   Data          20  joysticks.o(.bss)
    .bss                                     0x10005ae4   Section     1488  lib.o(.bss)
    gatt_state_handler_new                   0x10005ae4   Data          16  lib.o(.bss)
    atts_resource_init_state_new             0x10005af4   Data          32  lib.o(.bss)
    atts_state_handler_new                   0x10005b14   Data          24  lib.o(.bss)
    llm_default_state_new                    0x10005b2c   Data         304  lib.o(.bss)
    llc_default_state_new                    0x10005c5c   Data         296  lib.o(.bss)
    l2cm_default_state_new                   0x10005d84   Data          72  lib.o(.bss)
    gatt_default_state_new                   0x10005ecc   Data         272  lib.o(.bss)
    smpc_default_state_new                   0x10005fdc   Data         200  lib.o(.bss)
    llc_stopping_new                         0x100060a4   Data          16  lib.o(.bss)
    STACK                                    0x100060b8   Section      512  startup.o(STACK)

    Global Symbols

    Symbol Name                              Value     Ov Type        Size  Object(Section)

    BuildAttributes$$THM_ISAv3M$S$PE$A:L22$X:L11$S22$IEEE1$IW$USESV6$~STKCKD$USESV7$~SHL$OSPACE$ROPI$EBA8$MICROLIB$REQ8$PRES8$EABIv2 0x00000000   Number         0  anon$$obj.o ABSOLUTE
    __ARM_use_no_argv                        0x00000000   Number         0  app_main.o ABSOLUTE
    __use_no_errno                           0x00000000   Number         0  useno.o ABSOLUTE
    __use_no_exception_handling              0x00000000   Number         0  useno.o ABSOLUTE
    __use_no_fp                              0x00000000   Number         0  useno.o ABSOLUTE
    __use_no_heap                            0x00000000   Number         0  useno.o ABSOLUTE
    __use_no_heap_region                     0x00000000   Number         0  useno.o ABSOLUTE
    __use_no_semihosting                     0x00000000   Number         0  useno.o ABSOLUTE
    __use_no_semihosting_swi                 0x00000000   Number         0  useno.o ABSOLUTE
    __use_no_signal_handling                 0x00000000   Number         0  useno.o ABSOLUTE
    _printf_a                                0x00000000   Number         0  stubs.o ABSOLUTE
    _printf_c                                0x00000000   Number         0  stubs.o ABSOLUTE
    _printf_charcount                        0x00000000   Number         0  stubs.o ABSOLUTE
    _printf_d                                0x00000000   Number         0  stubs.o ABSOLUTE
    _printf_e                                0x00000000   Number         0  stubs.o ABSOLUTE
    _printf_f                                0x00000000   Number         0  stubs.o ABSOLUTE
    _printf_flags                            0x00000000   Number         0  stubs.o ABSOLUTE
    _printf_fp_dec                           0x00000000   Number         0  stubs.o ABSOLUTE
    _printf_fp_hex                           0x00000000   Number         0  stubs.o ABSOLUTE
    _printf_g                                0x00000000   Number         0  stubs.o ABSOLUTE
    _printf_i                                0x00000000   Number         0  stubs.o ABSOLUTE
    _printf_int_dec                          0x00000000   Number         0  stubs.o ABSOLUTE
    _printf_l                                0x00000000   Number         0  stubs.o ABSOLUTE
    _printf_lc                               0x00000000   Number         0  stubs.o ABSOLUTE
    _printf_ll                               0x00000000   Number         0  stubs.o ABSOLUTE
    _printf_lld                              0x00000000   Number         0  stubs.o ABSOLUTE
    _printf_lli                              0x00000000   Number         0  stubs.o ABSOLUTE
    _printf_llo                              0x00000000   Number         0  stubs.o ABSOLUTE
    _printf_llu                              0x00000000   Number         0  stubs.o ABSOLUTE
    _printf_llx                              0x00000000   Number         0  stubs.o ABSOLUTE
    _printf_longlong_dec                     0x00000000   Number         0  stubs.o ABSOLUTE
    _printf_longlong_hex                     0x00000000   Number         0  stubs.o ABSOLUTE
    _printf_longlong_oct                     0x00000000   Number         0  stubs.o ABSOLUTE
    _printf_ls                               0x00000000   Number         0  stubs.o ABSOLUTE
    _printf_mbtowc                           0x00000000   Number         0  stubs.o ABSOLUTE
    _printf_n                                0x00000000   Number         0  stubs.o ABSOLUTE
    _printf_o                                0x00000000   Number         0  stubs.o ABSOLUTE
    _printf_p                                0x00000000   Number         0  stubs.o ABSOLUTE
    _printf_percent                          0x00000000   Number         0  stubs.o ABSOLUTE
    _printf_pre_padding                      0x00000000   Number         0  stubs.o ABSOLUTE
    _printf_return_value                     0x00000000   Number         0  stubs.o ABSOLUTE
    _printf_s                                0x00000000   Number         0  stubs.o ABSOLUTE
    _printf_sizespec                         0x00000000   Number         0  stubs.o ABSOLUTE
    _printf_str                              0x00000000   Number         0  stubs.o ABSOLUTE
    _printf_truncate_signed                  0x00000000   Number         0  stubs.o ABSOLUTE
    _printf_truncate_unsigned                0x00000000   Number         0  stubs.o ABSOLUTE
    _printf_u                                0x00000000   Number         0  stubs.o ABSOLUTE
    _printf_wc                               0x00000000   Number         0  stubs.o ABSOLUTE
    _printf_wctomb                           0x00000000   Number         0  stubs.o ABSOLUTE
    _printf_widthprec                        0x00000000   Number         0  stubs.o ABSOLUTE
    _printf_x                                0x00000000   Number         0  stubs.o ABSOLUTE
    __cpp_initialize__aeabi_                  - Undefined Weak Reference
    __cxa_finalize                            - Undefined Weak Reference
    _clock_init                               - Undefined Weak Reference
    _microlib_exit                            - Undefined Weak Reference
    __Vectors_Size                           0x000000c0   Number         0  startup.o ABSOLUTE
    __Vectors                                0x10000000   Data           4  startup.o(RESET)
    __Vectors_End                            0x100000c0   Data           0  startup.o(RESET)
    __main                                   0x100000c1   Thumb Code     0  entry.o(.ARM.Collect$$$$00000000)
    _main_stk                                0x100000c1   Thumb Code     0  entry2.o(.ARM.Collect$$$$00000001)
    _main_scatterload                        0x100000c5   Thumb Code     0  entry5.o(.ARM.Collect$$$$00000004)
    __main_after_scatterload                 0x100000c9   Thumb Code     0  entry5.o(.ARM.Collect$$$$00000004)
    _main_clock                              0x100000c9   Thumb Code     0  entry7b.o(.ARM.Collect$$$$00000008)
    _main_cpp_init                           0x100000c9   Thumb Code     0  entry8b.o(.ARM.Collect$$$$0000000A)
    _main_init                               0x100000c9   Thumb Code     0  entry9a.o(.ARM.Collect$$$$0000000B)
    __rt_final_cpp                           0x100000d1   Thumb Code     0  entry10a.o(.ARM.Collect$$$$0000000D)
    __rt_final_exit                          0x100000d1   Thumb Code     0  entry11a.o(.ARM.Collect$$$$0000000F)
    Reset_Handler                            0x100000d5   Thumb Code    14  startup.o(.text)
    NMI_Handler                              0x100000e3   Thumb Code     2  startup.o(.text)
    HardFault_Handler                        0x100000e5   Thumb Code     2  startup.o(.text)
    MemManage_Handler                        0x100000e7   Thumb Code     2  startup.o(.text)
    BusFault_Handler                         0x100000e9   Thumb Code     2  startup.o(.text)
    UsageFault_Handler                       0x100000eb   Thumb Code     2  startup.o(.text)
    SVC_Handler                              0x100000ed   Thumb Code     2  startup.o(.text)
    DebugMon_Handler                         0x100000ef   Thumb Code     2  startup.o(.text)
    PendSV_Handler                           0x100000f1   Thumb Code     2  startup.o(.text)
    SysTick_Handler                          0x100000f3   Thumb Code     2  startup.o(.text)
    ADC_IRQHandler                           0x100000f5   Thumb Code     0  startup.o(.text)
    CALIB_IRQHandler                         0x100000f5   Thumb Code     0  startup.o(.text)
    I2C_IRQHandler                           0x100000f5   Thumb Code     0  startup.o(.text)
    PWM0_IRQHandler                          0x100000f5   Thumb Code     0  startup.o(.text)
    PWM1_IRQHandler                          0x100000f5   Thumb Code     0  startup.o(.text)
    RTC_CAP_IRQHandler                       0x100000f5   Thumb Code     0  startup.o(.text)
    RTC_IRQHandler                           0x100000f5   Thumb Code     0  startup.o(.text)
    SPI0_IRQHandler                          0x100000f5   Thumb Code     0  startup.o(.text)
    SPI1_IRQHandler                          0x100000f5   Thumb Code     0  startup.o(.text)
    TUNER_RX_IRQHandler                      0x100000f5   Thumb Code     0  startup.o(.text)
    TUNER_SETTING_IRQHandler                 0x100000f5   Thumb Code     0  startup.o(.text)
    TUNER_TX_IRQHandler                      0x100000f5   Thumb Code     0  startup.o(.text)
    UART1_RX_IRQHandler                      0x100000f5   Thumb Code     0  startup.o(.text)
    UART1_TX_IRQHandler                      0x100000f5   Thumb Code     0  startup.o(.text)
    __aeabi_lmul                             0x10000105   Thumb Code   166  math.o(.text)
    __aeabi_uldivmod                         0x100001ab   Thumb Code   256  math.o(.text)
    __aeabi_uidiv                            0x100002ab   Thumb Code     0  uidiv.o(.text)
    __aeabi_uidivmod                         0x100002ab   Thumb Code    44  uidiv.o(.text)
    rand                                     0x100002d9   Thumb Code    18  rand.o(.text)
    srand                                    0x100002eb   Thumb Code     6  rand.o(.text)
    __aeabi_memcpy                           0x100002fd   Thumb Code    36  memcpya.o(.text)
    __aeabi_memcpy4                          0x100002fd   Thumb Code     0  memcpya.o(.text)
    __aeabi_memcpy8                          0x100002fd   Thumb Code     0  memcpya.o(.text)
    __aeabi_memset                           0x10000321   Thumb Code    14  memseta.o(.text)
    __aeabi_memset4                          0x10000321   Thumb Code     0  memseta.o(.text)
    __aeabi_memset8                          0x10000321   Thumb Code     0  memseta.o(.text)
    __aeabi_memclr                           0x1000032f   Thumb Code     4  memseta.o(.text)
    __aeabi_memclr4                          0x1000032f   Thumb Code     0  memseta.o(.text)
    __aeabi_memclr8                          0x1000032f   Thumb Code     0  memseta.o(.text)
    _memset$wrapper                          0x10000333   Thumb Code    18  memseta.o(.text)
    memcmp                                   0x10000345   Thumb Code    26  memcmp.o(.text)
    strcpy                                   0x1000035f   Thumb Code    18  strcpy.o(.text)
    atoi                                     0x10000371   Thumb Code    26  atoi.o(.text)
    strtol                                   0x1000038d   Thumb Code   108  strtol.o(.text)
    __scatterload                            0x100003fd   Thumb Code    28  init.o(.text)
    __scatterload_rt2                        0x100003fd   Thumb Code     0  init.o(.text)
    __rt_ctype_table                         0x10000421   Thumb Code     4  ctype_o.o(.text)
    _strtoul                                 0x10000429   Thumb Code   166  _strtoul.o(.text)
    _chval                                   0x100004cf   Thumb Code    30  _chval.o(.text)
    __decompress                             0x100004ed   Thumb Code     0  __dczerorl.o(.text)
    __decompress0                            0x100004ed   Thumb Code    58  __dczerorl.o(.text)
    __rd_reg                                 0x10000529   Thumb Code     6  math.o(REG_ACCESS_SECTION)
    __wr_reg                                 0x10000531   Thumb Code     6  math.o(REG_ACCESS_SECTION)
    __wr_reg_with_msk                        0x10000539   Thumb Code    14  math.o(REG_ACCESS_SECTION)
    ACMP0_IRQHandler                         0x10000549   Thumb Code    12  analog.o(i.ACMP0_IRQHandler)
    ACMP1_IRQHandler                         0x10000559   Thumb Code    12  analog.o(i.ACMP1_IRQHandler)
    BLE_IRQHandler                           0x10000569   Thumb Code   150  lib.o(i.BLE_IRQHandler)
    DMA_IRQHandler                           0x10000615   Thumb Code    54  dma.o(i.DMA_IRQHandler)
    GPIO_IRQHandler                          0x10000655   Thumb Code    64  gpio.o(i.GPIO_IRQHandler)
    OSC_EN_IRQHandler                        0x100006a5   Thumb Code    44  sleep.o(i.OSC_EN_IRQHandler)
    SystemInit                               0x100006e1   Thumb Code   220  system.o(i.SystemInit)
    TIMER0_IRQHandler                        0x100007e5   Thumb Code    70  timer.o(i.TIMER0_IRQHandler)
    TIMER1_IRQHandler                        0x10000835   Thumb Code    70  timer.o(i.TIMER1_IRQHandler)
    TIMER2_IRQHandler                        0x10000885   Thumb Code    70  timer.o(i.TIMER2_IRQHandler)
    TIMER3_IRQHandler                        0x100008d5   Thumb Code    70  timer.o(i.TIMER3_IRQHandler)
    UART0_RX_IRQHandler                      0x10000925   Thumb Code   106  uart.o(i.UART0_RX_IRQHandler)
    UART0_TX_IRQHandler                      0x10000999   Thumb Code    66  uart.o(i.UART0_TX_IRQHandler)
    UartPutc                                 0x100009e5   Thumb Code    38  uart.o(i.UartPutc)
    WDT_IRQHandler                           0x10000a11   Thumb Code    18  wdt.o(i.WDT_IRQHandler)
    __0printf$8                              0x10000a29   Thumb Code    24  printf8.o(i.__0printf$8)
    __1printf$8                              0x10000a29   Thumb Code     0  printf8.o(i.__0printf$8)
    __2printf                                0x10000a29   Thumb Code     0  printf8.o(i.__0printf$8)
    __ARM_common_switch8                     0x10000a49   Thumb Code    26  app_gap_task.o(i.__ARM_common_switch8)
    __aeabi_errno_addr                       0x10000b29   Thumb Code     4  errno.o(i.__aeabi_errno_addr)
    __rt_errno_addr                          0x10000b29   Thumb Code     0  errno.o(i.__aeabi_errno_addr)
    __nvds_get                               0x10000b31   Thumb Code    46  lib.o(i.__nvds_get)
    __scatterload_copy                       0x10000c45   Thumb Code    14  handlers.o(i.__scatterload_copy)
    __scatterload_null                       0x10000c53   Thumb Code     2  handlers.o(i.__scatterload_null)
    __scatterload_zeroinit                   0x10000c55   Thumb Code    14  handlers.o(i.__scatterload_zeroinit)
    adc_clean_fifo                           0x100010ed   Thumb Code    24  adc.o(i.adc_clean_fifo)
    adc_init                                 0x10001109   Thumb Code   214  adc.o(i.adc_init)
    adc_read                                 0x100011fd   Thumb Code   264  adc.o(i.adc_read)
    app_add_bonded_dev                       0x10001379   Thumb Code    32  app_util.o(i.app_add_bonded_dev)
    app_button_timer_handler                 0x1000139d   Thumb Code   140  usr_design.o(i.app_button_timer_handler)
    app_clear_local_service_flag             0x10001451   Thumb Code    10  app_util.o(i.app_clear_local_service_flag)
    app_create_server_service_DB             0x10001461   Thumb Code    14  app_util.o(i.app_create_server_service_DB)
    app_enable_server_service                0x10001475   Thumb Code    64  app_util.o(i.app_enable_server_service)
    app_event_adc_key_sample_cmp_handler     0x100014c9   Thumb Code   172  joysticks.o(i.app_event_adc_key_sample_cmp_handler)
    app_event_button1_press_handler          0x100015a1   Thumb Code    36  usr_design.o(i.app_event_button1_press_handler)
    app_event_button2_press_handler          0x100015d5   Thumb Code    36  usr_design.o(i.app_event_button2_press_handler)
    app_find_bonded_dev                      0x10001609   Thumb Code    50  app_util.o(i.app_find_bonded_dev)
    app_gap_adv_intv_update_timer_handler    0x10001645   Thumb Code    64  usr_design.o(i.app_gap_adv_intv_update_timer_handler)
    app_gap_adv_req_cmp_evt_handler          0x10001691   Thumb Code    34  app_gap_task.o(i.app_gap_adv_req_cmp_evt_handler)
    app_gap_adv_start_req                    0x100016d9   Thumb Code   128  app_gap.o(i.app_gap_adv_start_req)
    app_gap_adv_stop_req                     0x10001761   Thumb Code    26  app_gap.o(i.app_gap_adv_stop_req)
    app_gap_bond_req_cmp_ind_handler         0x10001785   Thumb Code   110  app_gap_task.o(i.app_gap_bond_req_cmp_ind_handler)
    app_gap_bond_req_ind_handler             0x100017fd   Thumb Code    82  app_gap_task.o(i.app_gap_bond_req_ind_handler)
    app_gap_bond_resp                        0x10001859   Thumb Code    52  app_gap.o(i.app_gap_bond_resp)
    app_gap_change_param_req_cmp_handler     0x10001895   Thumb Code    44  app_gap_task.o(i.app_gap_change_param_req_cmp_handler)
    app_gap_discon_cmp_evt_handler           0x100018e1   Thumb Code    86  app_gap_task.o(i.app_gap_discon_cmp_evt_handler)
    app_gap_le_create_conn_req_cmp_evt_handler 0x10001995   Thumb Code   100  app_gap_task.o(i.app_gap_le_create_conn_req_cmp_evt_handler)
    app_gap_param_update_req                 0x10001a39   Thumb Code    42  app_gap.o(i.app_gap_param_update_req)
    app_gap_param_update_resp_handler        0x10001a6d   Thumb Code    46  app_gap_task.o(i.app_gap_param_update_resp_handler)
    app_gap_read_bdaddr_req                  0x10001ac5   Thumb Code    10  app_gap.o(i.app_gap_read_bdaddr_req)
    app_gap_read_bdaddr_req_cmp_evt_handler  0x10001ad9   Thumb Code    48  app_gap_task.o(i.app_gap_read_bdaddr_req_cmp_evt_handler)
    app_gap_read_ver_req                     0x10001b2d   Thumb Code    10  app_gap.o(i.app_gap_read_ver_req)
    app_gap_read_ver_req_cmp_evt_handler     0x10001b41   Thumb Code    32  app_gap_task.o(i.app_gap_read_ver_req_cmp_evt_handler)
    app_gap_ready_evt_handler                0x10001b65   Thumb Code    24  app_gap_task.o(i.app_gap_ready_evt_handler)
    app_gap_reset_req_cmp_handler            0x10001b7d   Thumb Code    10  app_gap_task.o(i.app_gap_reset_req_cmp_handler)
    app_gap_set_bondable_mode_req            0x10001b89   Thumb Code    26  app_gap.o(i.app_gap_set_bondable_mode_req)
    app_gap_set_devname_req_cmp_evt_handler  0x10001bad   Thumb Code    24  app_gap_task.o(i.app_gap_set_devname_req_cmp_evt_handler)
    app_gap_set_mode_req_cmp_evt_handler     0x10001be1   Thumb Code    66  app_gap_task.o(i.app_gap_set_mode_req_cmp_evt_handler)
    app_gap_set_privacy_req_cmp_handler      0x10001c75   Thumb Code    22  app_gap_task.o(i.app_gap_set_privacy_req_cmp_handler)
    app_gap_set_random_add_req_cmp_handler   0x10001cbd   Thumb Code    18  app_gap_task.o(i.app_gap_set_random_add_req_cmp_handler)
    app_gap_set_sec_req                      0x10001ced   Thumb Code    30  app_gap.o(i.app_gap_set_sec_req)
    app_gap_set_sec_req_cmp_evt_handler      0x10001d15   Thumb Code    32  app_gap_task.o(i.app_gap_set_sec_req_cmp_evt_handler)
    app_gatt_resource_access_req_handler     0x10001d39   Thumb Code    30  app_gap_task.o(i.app_gatt_resource_access_req_handler)
    app_get_bd_addr_by_conhdl                0x10001d61   Thumb Code    60  app_util.o(i.app_get_bd_addr_by_conhdl)
    app_get_bond_nb                          0x10001da1   Thumb Code     6  app_util.o(i.app_get_bond_nb)
    app_get_bond_status                      0x10001dad   Thumb Code    30  app_util.o(i.app_get_bond_status)
    app_get_conhdl_by_idx                    0x10001dd1   Thumb Code    30  app_util.o(i.app_get_conhdl_by_idx)
    app_get_link_status_by_idx               0x10001df9   Thumb Code    24  app_util.o(i.app_get_link_status_by_idx)
    app_get_lk_sec_status                    0x10001e15   Thumb Code    32  app_util.o(i.app_get_lk_sec_status)
    app_get_local_service_flag               0x10001e39   Thumb Code     6  app_util.o(i.app_get_local_service_flag)
    app_get_role                             0x10001e41   Thumb Code     6  app_util.o(i.app_get_role)
    app_i_to_array                           0x10001e4d   Thumb Code    38  app_util.o(i.app_i_to_array)
    app_init                                 0x10001e75   Thumb Code    94  app_env.o(i.app_init)
    app_init_local_smp_key                   0x10001ee5   Thumb Code    22  app_util.o(i.app_init_local_smp_key)
    app_key_process_timer_handler            0x10001f01   Thumb Code   198  joysticks.o(i.app_key_process_timer_handler)
    app_key_scan_timer_handler               0x10002029   Thumb Code    54  joysticks.o(i.app_key_scan_timer_handler)
    app_led_timer_handler                    0x1000206d   Thumb Code    56  usr_design.o(i.app_led_timer_handler)
    app_proxr_alert_ind_handler              0x100020b1   Thumb Code    52  app_proxr_task.o(i.app_proxr_alert_ind_handler)
    app_proxr_alert_to_handler               0x10002111   Thumb Code    16  usr_design.o(i.app_proxr_alert_to_handler)
    app_proxr_create_db                      0x1000213d   Thumb Code    26  app_proxr.o(i.app_proxr_create_db)
    app_proxr_create_db_cfm_handler          0x10002161   Thumb Code    20  app_proxr_task.o(i.app_proxr_create_db_cfm_handler)
    app_proxr_disable_ind_handler            0x10002175   Thumb Code    22  app_proxr_task.o(i.app_proxr_disable_ind_handler)
    app_proxr_enable_req                     0x10002191   Thumb Code    42  app_proxr.o(i.app_proxr_enable_req)
    app_set_adv_data                         0x100021c1   Thumb Code    92  app_util.o(i.app_set_adv_data)
    app_set_link_status_by_conhdl            0x1000222d   Thumb Code    90  app_util.o(i.app_set_link_status_by_conhdl)
    app_set_role                             0x1000228d   Thumb Code     6  app_util.o(i.app_set_role)
    app_set_scan_rsp_data                    0x10002299   Thumb Code   116  app_util.o(i.app_set_scan_rsp_data)
    app_smpc_chk_bd_addr_req_ind_handler     0x10002449   Thumb Code    66  app_smp_task.o(i.app_smpc_chk_bd_addr_req_ind_handler)
    app_smpc_chk_bd_addr_req_rsp             0x10002491   Thumb Code    56  app_smp.o(i.app_smpc_chk_bd_addr_req_rsp)
    app_smpc_irk_req_ind_handler             0x100024d1   Thumb Code   138  app_smp_task.o(i.app_smpc_irk_req_ind_handler)
    app_smpc_irk_req_rsp                     0x10002589   Thumb Code    66  app_smp.o(i.app_smpc_irk_req_rsp)
    app_smpc_key_ind_handler                 0x100025d5   Thumb Code   136  app_smp_task.o(i.app_smpc_key_ind_handler)
    app_smpc_ltk_req_ind_handler             0x10002681   Thumb Code   172  app_smp_task.o(i.app_smpc_ltk_req_ind_handler)
    app_smpc_ltk_req_rsp                     0x10002765   Thumb Code    74  app_smp.o(i.app_smpc_ltk_req_rsp)
    app_smpc_sec_started_ind_handler         0x100027b9   Thumb Code    38  app_smp_task.o(i.app_smpc_sec_started_ind_handler)
    app_smpc_timeout_evt_handler             0x100027e5   Thumb Code    36  app_smp_task.o(i.app_smpc_timeout_evt_handler)
    app_smpc_tk_req_ind_handler              0x10002829   Thumb Code    76  app_smp_task.o(i.app_smpc_tk_req_ind_handler)
    app_smpc_tk_req_rsp                      0x100028ad   Thumb Code    50  app_smp.o(i.app_smpc_tk_req_rsp)
    app_smpm_set_key_cfm_handler             0x100028e9   Thumb Code    32  app_smp_task.o(i.app_smpm_set_key_cfm_handler)
    app_smpm_set_key_req                     0x1000290d   Thumb Code    42  app_smp.o(i.app_smpm_set_key_req)
    app_task_msg_hdl                         0x10002941   Thumb Code   276  usr_design.o(i.app_task_msg_hdl)
    app_uart_init                            0x10002a7d   Thumb Code     2  app_sys.o(i.app_uart_init)
    assert_err                               0x10002a81   Thumb Code    20  app_main.o(i.assert_err)
    ble_ext_wakeup_allow                     0x10002b05   Thumb Code    38  lib.o(i.ble_ext_wakeup_allow)
    ble_hw_sleep                             0x10002b31   Thumb Code    22  lib.o(i.ble_hw_sleep)
    ble_init                                 0x10002b49   Thumb Code   368  lib.o(i.ble_init)
    ble_sleep                                0x10002d21   Thumb Code    54  lib.o(i.ble_sleep)
    ble_timer_patch                          0x10002d5d   Thumb Code    48  lib.o(i.ble_timer_patch)
    button_init                              0x10002d95   Thumb Code    34  button.o(i.button_init)
    buzzer_off                               0x10002db7   Thumb Code    14  buzz.o(i.buzzer_off)
    buzzer_on                                0x10002dc5   Thumb Code    50  buzz.o(i.buzzer_on)
    check_ble_wakeup                         0x10002e11   Thumb Code    14  lib.o(i.check_ble_wakeup)
    co_buf_rx_get                            0x10002e25   Thumb Code    10  lib.o(i.co_buf_rx_get)
    config_work_mode                         0x10002e35   Thumb Code    74  lib.o(i.config_work_mode)
    dc_dc_enable                             0x10002e99   Thumb Code    54  lib.o(i.dc_dc_enable)
    enter_sleep                              0x10002f51   Thumb Code   410  sleep.o(i.enter_sleep)
    foo1                                     0x10003111   Thumb Code     2  lib.o(i.foo1)
    fputc                                    0x10003113   Thumb Code    10  retarget.o(i.fputc)
    fw_ble_sleep                             0x1000311d   Thumb Code   134  lib.o(i.fw_ble_sleep)
    gpio_enable_interrupt                    0x10003445   Thumb Code     8  gpio.o(i.gpio_enable_interrupt)
    gpio_init                                0x1000344d   Thumb Code    24  gpio.o(i.gpio_init)
    gpio_interrupt_callback                  0x10003471   Thumb Code    26  usr_design.o(i.gpio_interrupt_callback)
    gpio_read_pin                            0x1000348b   Thumb Code    20  gpio.o(i.gpio_read_pin)
    gpio_read_pin_field                      0x1000349f   Thumb Code    12  gpio.o(i.gpio_read_pin_field)
    gpio_set_direction                       0x100034ab   Thumb Code    16  gpio.o(i.gpio_set_direction)
    gpio_set_direction_field                 0x100034bb   Thumb Code    14  gpio.o(i.gpio_set_direction_field)
    gpio_sleep_allowed                       0x100034c9   Thumb Code    32  gpio.o(i.gpio_sleep_allowed)
    gpio_wakeup_config                       0x100034ed   Thumb Code    92  gpio.o(i.gpio_wakeup_config)
    gpio_write_pin                           0x1000354d   Thumb Code    28  gpio.o(i.gpio_write_pin)
    is_flash_present                         0x100035b1   Thumb Code    26  serialflash.o(i.is_flash_present)
    ke_schedule                              0x100035d1   Thumb Code    20  lib.o(i.ke_schedule)
    ke_time                                  0x100035ed   Thumb Code    34  lib.o(i.ke_time)
    ke_timer_empty                           0x10003615   Thumb Code    18  lib.o(i.ke_timer_empty)
    led_get                                  0x100036d9   Thumb Code    44  led.o(i.led_get)
    led_init                                 0x10003705   Thumb Code    56  led.o(i.led_init)
    led_set                                  0x10003741   Thumb Code    38  led.o(i.led_set)
    lld_sleep_init_new                       0x10003769   Thumb Code    16  lib.o(i.lld_sleep_init_new)
    main                                     0x1000394d   Thumb Code   196  app_main.o(i.main)
    plf_init                                 0x10003bfd   Thumb Code   610  lib.o(i.plf_init)
    power_off_flash                          0x10003f21   Thumb Code    34  serialflash.o(i.power_off_flash)
    power_on_flash                           0x10003f49   Thumb Code    60  serialflash.o(i.power_on_flash)
    prf_dispatch_disconnect                  0x1000410d   Thumb Code    32  prf_utils.o(i.prf_dispatch_disconnect)
    prf_init                                 0x10004135   Thumb Code     8  prf_utils.o(i.prf_init)
    prf_server_error_ind_send                0x1000413d   Thumb Code    38  prf_utils.o(i.prf_server_error_ind_send)
    proxr_alert_start                        0x10004169   Thumb Code    36  proxr.o(i.proxr_alert_start)
    proxr_disable                            0x10004249   Thumb Code    90  proxr.o(i.proxr_disable)
    proxr_init                               0x10004335   Thumb Code    24  proxr.o(i.proxr_init)
    pwm_config                               0x10004355   Thumb Code   160  pwm.o(i.pwm_config)
    pwm_init                                 0x10004445   Thumb Code    50  pwm.o(i.pwm_init)
    read_flash_id                            0x10004481   Thumb Code    10  serialflash.o(i.read_flash_id)
    restore_ble_setting                      0x10004491   Thumb Code    64  lib.o(i.restore_ble_setting)
    rf_tx_power_level_get                    0x100044e1   Thumb Code    78  qnrf.o(i.rf_tx_power_level_get)
    rwble_slot_2_lpcycles                    0x10004539   Thumb Code    32  lib.o(i.rwble_slot_2_lpcycles)
    set_dbg_info                             0x1000458d   Thumb Code    10  lib.o(i.set_dbg_info)
    sleep_cb                                 0x1000459d   Thumb Code    20  sleep.o(i.sleep_cb)
    sleep_init                               0x100045b5   Thumb Code    36  sleep.o(i.sleep_init)
    sleep_post_process                       0x100045e9   Thumb Code   104  lib.o(i.sleep_post_process)
    syscon_set_ahb_clk                       0x10004711   Thumb Code    48  syscon.o(i.syscon_set_ahb_clk)
    syscon_set_apb_clk                       0x10004749   Thumb Code    46  syscon.o(i.syscon_set_apb_clk)
    syscon_set_ble_clk                       0x1000477d   Thumb Code    56  syscon.o(i.syscon_set_ble_clk)
    syscon_set_sysclk_src                    0x100047bd   Thumb Code   154  syscon.o(i.syscon_set_sysclk_src)
    syscon_set_timer_clk                     0x10004879   Thumb Code    38  syscon.o(i.syscon_set_timer_clk)
    syscon_set_usart_clk                     0x100048a5   Thumb Code    92  syscon.o(i.syscon_set_usart_clk)
    task_app_desc_register                   0x10004915   Thumb Code    44  app_task.o(i.task_app_desc_register)
    task_proxr_desc_register                 0x10004a11   Thumb Code    44  proxr_task.o(i.task_proxr_desc_register)
    uart_check_tx_free                       0x10004a5d   Thumb Code    48  uart.o(i.uart_check_tx_free)
    uart_init                                0x10004a99   Thumb Code   124  uart.o(i.uart_init)
    usr_button1_cb                           0x10004b99   Thumb Code    40  usr_design.o(i.usr_button1_cb)
    usr_button2_cb                           0x10004bd1   Thumb Code    34  usr_design.o(i.usr_button2_cb)
    usr_init                                 0x10004c01   Thumb Code    70  usr_design.o(i.usr_init)
    usr_sleep                                0x10004cc9   Thumb Code   120  sleep.o(i.usr_sleep)
    usr_sleep_restore                        0x10004d49   Thumb Code    42  usr_design.o(i.usr_sleep_restore)
    wakeup_32k_xtal_start_timer              0x10004d7d   Thumb Code    10  sleep.o(i.wakeup_32k_xtal_start_timer)
    wakeup_32k_xtal_switch_clk               0x10004d91   Thumb Code    76  sleep.o(i.wakeup_32k_xtal_switch_clk)
    wakeup_by_sleep_timer                    0x10004de5   Thumb Code    92  sleep.o(i.wakeup_by_sleep_timer)
    wdt_irq_clear                            0x10004e4d   Thumb Code    32  wdt.o(i.wdt_irq_clear)
    app_default_state                        0x10004e84   Data         296  app_task.o(.constdata)
    app_default_handler                      0x10004fac   Data           8  app_task.o(.constdata)
    app_state_handler                        0x10004fb4   Data          40  app_task.o(.constdata)
    proxr_lls_att_db                         0x10004fdc   Data          36  proxr.o(.constdata)
    proxr_ias_att_db                         0x10005000   Data          36  proxr.o(.constdata)
    proxr_txps_att_db                        0x10005024   Data          36  proxr.o(.constdata)
    proxr_lls_svc                            0x10005048   Data           2  proxr.o(.constdata)
    proxr_lls_alert_lvl_char                 0x1000504a   Data           5  proxr.o(.constdata)
    proxr_ias_svc                            0x10005050   Data           2  proxr.o(.constdata)
    proxr_ias_alert_lvl_char                 0x10005052   Data           5  proxr.o(.constdata)
    proxr_txps_svc                           0x10005058   Data           2  proxr.o(.constdata)
    proxr_txps_tx_power_lvl_char             0x1000505a   Data           5  proxr.o(.constdata)
    proxr_disabled                           0x10005060   Data           8  proxr_task.o(.constdata)
    proxr_idle                               0x10005068   Data           8  proxr_task.o(.constdata)
    proxr_connected                          0x10005070   Data           8  proxr_task.o(.constdata)
    proxr_default_state                      0x10005078   Data           8  proxr_task.o(.constdata)
    proxr_default_handler                    0x10005080   Data           8  proxr_task.o(.constdata)
    proxr_state_handler                      0x10005088   Data          24  proxr_task.o(.constdata)
    uart_divider                             0x100050a0   Data          51  uart.o(.constdata)
    rf_tx_gain_tab                           0x100050e4   Data          13  qnrf.o(.constdata)
    __ctype_table                            0x100050f1   Data         129  ctype_o.o(.constdata)
    Region$$Table$$Base                      0x10005300   Number         0  anon$$obj.o(Region$$Table)
    Region$$Table$$Limit                     0x10005330   Number         0  anon$$obj.o(Region$$Table)
    usr_env                                  0x10005330   Data           4  usr_design.o(.data)
    app_state                                0x10005334   Data           2  app_task.o(.data)
    app_proxr_env                            0x10005338   Data           4  app_proxr_task.o(.data)
    proxr_state                              0x1000533c   Data           2  proxr_task.o(.data)
    low_power_mode_en                        0x10005344   Data           1  sleep.o(.data)
    ahb_clock_flag                           0x10005348   Data           4  sleep.o(.data)
    PGCR1_restore                            0x1000534c   Data           4  sleep.o(.data)
    sleep_env                                0x10005350   Data          20  sleep.o(.data)
    g_SystemClock                            0x10005364   Data           4  syscon.o(.data)
    g_AhbClock                               0x10005368   Data           4  syscon.o(.data)
    g_ApbClock                               0x1000536c   Data           4  syscon.o(.data)
    reset_test                               0x10005370   Data           4  wdt.o(.data)
    timer0_env                               0x10005374   Data           8  timer.o(.data)
    timer1_env                               0x1000537c   Data           8  timer.o(.data)
    timer2_env                               0x10005384   Data           8  timer.o(.data)
    timer3_env                               0x1000538c   Data           8  timer.o(.data)
    g_flash_cmd                              0x10005398   Data           8  serialflash.o(.data)
    TEMP_OFFSET                              0x100053ac   Data           2  analog.o(.data)
    usr_button_env                           0x100053be   Data           2  joysticks.o(.data)
    __stdout                                 0x100053c0   Data           4  retarget.o(.data)
    ke_evt_hdlr                              0x100053c8   Data           4  lib.o(.data)
    ke_env                                   0x100053cc   Data           4  lib.o(.data)
    rwble_env                                0x100053d0   Data           4  lib.o(.data)
    llc_state_handler_new                    0x100053fc   Data         176  lib.o(.data)
    app_env                                  0x1000598c   Data         244  app_env.o(.bss)
    proxr_env                                0x10005a80   Data          12  proxr.o(.bss)
    gatt_idle_new                            0x10005dcc   Data         256  lib.o(.bss)
    __initial_sp                             0x100062b8   Data           0  startup.o(STACK)



==============================================================================

Memory Map of the image

  Image Entry point : 0x100000c1

  Load Region LR_ROM1 (Base: 0x10000000, Size: 0x000054b4, Max: 0x0000cdb0, ABSOLUTE, COMPRESSED[0x00005390])

    Execution Region APP_CODE (Base: 0x10000000, Size: 0x000062b8, Max: 0x0000cdb0, ABSOLUTE, COMPRESSED[0x00000060])

    Base Addr    Size         Type   Attr      Idx    E Section Name        Object

    0x10000000   0x000000c0   Data   RO            3    RESET               startup.o
    0x100000c0   0x00000000   Code   RO         2732  * .ARM.Collect$$$$00000000  mc_p.l(entry.o)
    0x100000c0   0x00000004   Code   RO         3017    .ARM.Collect$$$$00000001  mc_p.l(entry2.o)
    0x100000c4   0x00000004   Code   RO         3020    .ARM.Collect$$$$00000004  mc_p.l(entry5.o)
    0x100000c8   0x00000000   Code   RO         3022    .ARM.Collect$$$$00000008  mc_p.l(entry7b.o)
    0x100000c8   0x00000000   Code   RO         3024    .ARM.Collect$$$$0000000A  mc_p.l(entry8b.o)
    0x100000c8   0x00000008   Code   RO         3025    .ARM.Collect$$$$0000000B  mc_p.l(entry9a.o)
    0x100000d0   0x00000000   Code   RO         3027    .ARM.Collect$$$$0000000D  mc_p.l(entry10a.o)
    0x100000d0   0x00000000   Code   RO         3029    .ARM.Collect$$$$0000000F  mc_p.l(entry11a.o)
    0x100000d0   0x00000004   Code   RO         3018    .ARM.Collect$$$$00002712  mc_p.l(entry2.o)
    0x100000d4   0x00000030   Code   RO            4    .text               startup.o
    0x10000104   0x000001a6   Code   RO         2720    .text               qn9020b2_lib_peripheral.lib(math.o)
    0x100002aa   0x0000002c   Code   RO         2735    .text               mc_p.l(uidiv.o)
    0x100002d6   0x00000002   PAD
    0x100002d8   0x00000024   Code   RO         2741    .text               mc_p.l(rand.o)
    0x100002fc   0x00000024   Code   RO         2744    .text               mc_p.l(memcpya.o)
    0x10000320   0x00000024   Code   RO         2746    .text               mc_p.l(memseta.o)
    0x10000344   0x0000001a   Code   RO         2748    .text               mc_p.l(memcmp.o)
    0x1000035e   0x00000012   Code   RO         2750    .text               mc_p.l(strcpy.o)
    0x10000370   0x0000001a   Code   RO         3015    .text               mc_p.l(atoi.o)
    0x1000038a   0x00000002   PAD
    0x1000038c   0x00000070   Code   RO         3038    .text               mc_p.l(strtol.o)
    0x100003fc   0x00000024   Code   RO         3051    .text               mc_p.l(init.o)
    0x10000420   0x00000008   Code   RO         3057    .text               mc_p.l(ctype_o.o)
    0x10000428   0x000000a6   Code   RO         3085    .text               mc_p.l(_strtoul.o)
    0x100004ce   0x0000001e   Code   RO         3091    .text               mc_p.l(_chval.o)
    0x100004ec   0x0000003a   Code   RO         3101    .text               mc_p.l(__dczerorl.o)
    0x10000526   0x00000002   PAD
    0x10000528   0x0000001e   Code   RO         2719    REG_ACCESS_SECTION  qn9020b2_lib_peripheral.lib(math.o)
    0x10000546   0x00000002   PAD
    0x10000548   0x00000010   Code   RO         2297    i.ACMP0_IRQHandler  analog.o
    0x10000558   0x00000010   Code   RO         2298    i.ACMP1_IRQHandler  analog.o
    0x10000568   0x000000ac   Code   RO         2586    i.BLE_IRQHandler    qn9020b2_lib_peripheral.lib(lib.o)
    0x10000614   0x00000040   Code   RO         2019    i.DMA_IRQHandler    dma.o
    0x10000654   0x00000050   Code   RO         1485    i.GPIO_IRQHandler   gpio.o
    0x100006a4   0x0000003c   Code   RO         1601    i.OSC_EN_IRQHandler  sleep.o
    0x100006e0   0x00000104   Code   RO          281    i.SystemInit        system.o
    0x100007e4   0x00000050   Code   RO         1894    i.TIMER0_IRQHandler  timer.o
    0x10000834   0x00000050   Code   RO         1895    i.TIMER1_IRQHandler  timer.o
    0x10000884   0x00000050   Code   RO         1896    i.TIMER2_IRQHandler  timer.o
    0x100008d4   0x00000050   Code   RO         1897    i.TIMER3_IRQHandler  timer.o
    0x10000924   0x00000074   Code   RO         1351    i.UART0_RX_IRQHandler  uart.o
    0x10000998   0x0000004c   Code   RO         1352    i.UART0_TX_IRQHandler  uart.o
    0x100009e4   0x0000002c   Code   RO         1354    i.UartPutc          uart.o
    0x10000a10   0x00000018   Code   RO         1841    i.WDT_IRQHandler    wdt.o
    0x10000a28   0x00000020   Code   RO         2961    i.__0printf$8       mc_p.l(printf8.o)
    0x10000a48   0x0000001a   Code   RO          972    i.__ARM_common_switch8  app_gap_task.o
    0x10000a62   0x00000002   PAD
    0x10000a64   0x000000c4   Code   RO         2202    i.__adc_calibrate   adc.o
    0x10000b28   0x00000008   Code   RO         3031    i.__aeabi_errno_addr  mc_p.l(errno.o)
    0x10000b30   0x00000034   Code   RO         2588    i.__nvds_get        qn9020b2_lib_peripheral.lib(lib.o)
    0x10000b64   0x000000e0   Code   RO         2591    i.__nvds_wrtie      qn9020b2_lib_peripheral.lib(lib.o)
    0x10000c44   0x0000000e   Code   RO         3095    i.__scatterload_copy  mc_p.l(handlers.o)
    0x10000c52   0x00000002   Code   RO         3096    i.__scatterload_null  mc_p.l(handlers.o)
    0x10000c54   0x0000000e   Code   RO         3097    i.__scatterload_zeroinit  mc_p.l(handlers.o)
    0x10000c62   0x00000002   PAD
    0x10000c64   0x00000428   Code   RO         2968    i._printf_core      mc_p.l(printf8.o)
    0x1000108c   0x00000020   Code   RO         2969    i._printf_post_padding  mc_p.l(printf8.o)
    0x100010ac   0x0000002c   Code   RO         2970    i._printf_pre_padding  mc_p.l(printf8.o)
    0x100010d8   0x00000008   Code   RO         2203    i.adc_adc_SetADC0WithMask  adc.o
    0x100010e0   0x0000000a   Code   RO         2204    i.adc_adc_SetADC1WithMask  adc.o
    0x100010ea   0x00000002   PAD
    0x100010ec   0x0000001c   Code   RO         2207    i.adc_clean_fifo    adc.o
    0x10001108   0x000000e8   Code   RO         2210    i.adc_init          adc.o
    0x100011f0   0x0000000c   Code   RO         2211    i.adc_offset_get_cb  adc.o
    0x100011fc   0x00000120   Code   RO         2212    i.adc_read          adc.o
    0x1000131c   0x00000014   Code   RO         2479    i.adc_test_cb       joysticks.o
    0x10001330   0x00000048   Code   RO          703    i.app_32k_xtal_wakeup_timer  app_task.o
    0x10001378   0x00000024   Code   RO          446    i.app_add_bonded_dev  app_util.o
    0x1000139c   0x000000b4   Code   RO          339    i.app_button_timer_handler  usr_design.o
    0x10001450   0x00000010   Code   RO          448    i.app_clear_local_service_flag  app_util.o
    0x10001460   0x00000014   Code   RO          449    i.app_create_server_service_DB  app_util.o
    0x10001474   0x00000054   Code   RO          450    i.app_enable_server_service  app_util.o
    0x100014c8   0x000000d8   Code   RO         2480    i.app_event_adc_key_sample_cmp_handler  joysticks.o
    0x100015a0   0x00000034   Code   RO          340    i.app_event_button1_press_handler  usr_design.o
    0x100015d4   0x00000034   Code   RO          341    i.app_event_button2_press_handler  usr_design.o
    0x10001608   0x0000003c   Code   RO          451    i.app_find_bonded_dev  app_util.o
    0x10001644   0x0000004c   Code   RO          342    i.app_gap_adv_intv_update_timer_handler  usr_design.o
    0x10001690   0x00000048   Code   RO          851    i.app_gap_adv_req_cmp_evt_handler  app_gap_task.o
    0x100016d8   0x00000088   Code   RO          739    i.app_gap_adv_start_req  app_gap.o
    0x10001760   0x00000024   Code   RO          740    i.app_gap_adv_stop_req  app_gap.o
    0x10001784   0x00000078   Code   RO          852    i.app_gap_bond_req_cmp_ind_handler  app_gap_task.o
    0x100017fc   0x0000005c   Code   RO          853    i.app_gap_bond_req_ind_handler  app_gap_task.o
    0x10001858   0x0000003c   Code   RO          742    i.app_gap_bond_resp  app_gap.o
    0x10001894   0x0000004c   Code   RO          854    i.app_gap_change_param_req_cmp_handler  app_gap_task.o
    0x100018e0   0x000000b4   Code   RO          855    i.app_gap_discon_cmp_evt_handler  app_gap_task.o
    0x10001994   0x000000a4   Code   RO          856    i.app_gap_le_create_conn_req_cmp_evt_handler  app_gap_task.o
    0x10001a38   0x00000034   Code   RO          744    i.app_gap_param_update_req  app_gap.o
    0x10001a6c   0x00000058   Code   RO          857    i.app_gap_param_update_resp_handler  app_gap_task.o
    0x10001ac4   0x00000014   Code   RO          745    i.app_gap_read_bdaddr_req  app_gap.o
    0x10001ad8   0x00000054   Code   RO          858    i.app_gap_read_bdaddr_req_cmp_evt_handler  app_gap_task.o
    0x10001b2c   0x00000014   Code   RO          746    i.app_gap_read_ver_req  app_gap.o
    0x10001b40   0x00000024   Code   RO          859    i.app_gap_read_ver_req_cmp_evt_handler  app_gap_task.o
    0x10001b64   0x00000018   Code   RO          860    i.app_gap_ready_evt_handler  app_gap_task.o
    0x10001b7c   0x0000000a   Code   RO          861    i.app_gap_reset_req_cmp_handler  app_gap_task.o
    0x10001b86   0x00000002   PAD
    0x10001b88   0x00000024   Code   RO          749    i.app_gap_set_bondable_mode_req  app_gap.o
    0x10001bac   0x00000034   Code   RO          862    i.app_gap_set_devname_req_cmp_evt_handler  app_gap_task.o
    0x10001be0   0x00000094   Code   RO          863    i.app_gap_set_mode_req_cmp_evt_handler  app_gap_task.o
    0x10001c74   0x00000048   Code   RO          864    i.app_gap_set_privacy_req_cmp_handler  app_gap_task.o
    0x10001cbc   0x00000030   Code   RO          865    i.app_gap_set_random_add_req_cmp_handler  app_gap_task.o
    0x10001cec   0x00000028   Code   RO          753    i.app_gap_set_sec_req  app_gap.o
    0x10001d14   0x00000024   Code   RO          866    i.app_gap_set_sec_req_cmp_evt_handler  app_gap_task.o
    0x10001d38   0x00000028   Code   RO          867    i.app_gatt_resource_access_req_handler  app_gap_task.o
    0x10001d60   0x00000040   Code   RO          452    i.app_get_bd_addr_by_conhdl  app_util.o
    0x10001da0   0x0000000c   Code   RO          454    i.app_get_bond_nb   app_util.o
    0x10001dac   0x00000024   Code   RO          455    i.app_get_bond_status  app_util.o
    0x10001dd0   0x00000028   Code   RO          457    i.app_get_conhdl_by_idx  app_util.o
    0x10001df8   0x0000001c   Code   RO          458    i.app_get_link_status_by_idx  app_util.o
    0x10001e14   0x00000024   Code   RO          459    i.app_get_lk_sec_status  app_util.o
    0x10001e38   0x00000006   Code   RO          460    i.app_get_local_service_flag  app_util.o
    0x10001e3e   0x00000002   PAD
    0x10001e40   0x0000000c   Code   RO          462    i.app_get_role      app_util.o
    0x10001e4c   0x00000026   Code   RO          463    i.app_i_to_array    app_util.o
    0x10001e72   0x00000002   PAD
    0x10001e74   0x00000070   Code   RO          601    i.app_init          app_env.o
    0x10001ee4   0x0000001c   Code   RO          464    i.app_init_local_smp_key  app_util.o
    0x10001f00   0x00000128   Code   RO         2481    i.app_key_process_timer_handler  joysticks.o
    0x10002028   0x00000044   Code   RO         2482    i.app_key_scan_timer_handler  joysticks.o
    0x1000206c   0x00000044   Code   RO          343    i.app_led_timer_handler  usr_design.o
    0x100020b0   0x00000060   Code   RO         1147    i.app_proxr_alert_ind_handler  app_proxr_task.o
    0x10002110   0x0000002c   Code   RO          344    i.app_proxr_alert_to_handler  usr_design.o
    0x1000213c   0x00000024   Code   RO         1121    i.app_proxr_create_db  app_proxr.o
    0x10002160   0x00000014   Code   RO         1148    i.app_proxr_create_db_cfm_handler  app_proxr_task.o
    0x10002174   0x0000001c   Code   RO         1149    i.app_proxr_disable_ind_handler  app_proxr_task.o
    0x10002190   0x00000030   Code   RO         1122    i.app_proxr_enable_req  app_proxr.o
    0x100021c0   0x0000006c   Code   RO          465    i.app_set_adv_data  app_util.o
    0x1000222c   0x00000060   Code   RO          466    i.app_set_link_status_by_conhdl  app_util.o
    0x1000228c   0x0000000c   Code   RO          467    i.app_set_role      app_util.o
    0x10002298   0x00000078   Code   RO          468    i.app_set_scan_rsp_data  app_util.o
    0x10002310   0x00000138   Code   RO          602    i.app_smp_init      app_env.o
    0x10002448   0x00000048   Code   RO         1058    i.app_smpc_chk_bd_addr_req_ind_handler  app_smp_task.o
    0x10002490   0x00000040   Code   RO         1008    i.app_smpc_chk_bd_addr_req_rsp  app_smp.o
    0x100024d0   0x000000b8   Code   RO         1059    i.app_smpc_irk_req_ind_handler  app_smp_task.o
    0x10002588   0x0000004c   Code   RO         1009    i.app_smpc_irk_req_rsp  app_smp.o
    0x100025d4   0x000000ac   Code   RO         1060    i.app_smpc_key_ind_handler  app_smp_task.o
    0x10002680   0x000000e4   Code   RO         1061    i.app_smpc_ltk_req_ind_handler  app_smp_task.o
    0x10002764   0x00000054   Code   RO         1010    i.app_smpc_ltk_req_rsp  app_smp.o
    0x100027b8   0x0000002c   Code   RO         1062    i.app_smpc_sec_started_ind_handler  app_smp_task.o
    0x100027e4   0x00000044   Code   RO         1063    i.app_smpc_timeout_evt_handler  app_smp_task.o
    0x10002828   0x00000084   Code   RO         1064    i.app_smpc_tk_req_ind_handler  app_smp_task.o
    0x100028ac   0x0000003c   Code   RO         1012    i.app_smpc_tk_req_rsp  app_smp.o
    0x100028e8   0x00000024   Code   RO         1065    i.app_smpm_set_key_cfm_handler  app_smp_task.o
    0x1000290c   0x00000034   Code   RO         1013    i.app_smpm_set_key_req  app_smp.o
    0x10002940   0x0000013c   Code   RO          345    i.app_task_msg_hdl  usr_design.o
    0x10002a7c   0x00000002   Code   RO          683    i.app_uart_init     app_sys.o
    0x10002a7e   0x00000002   PAD
    0x10002a80   0x00000038   Code   RO           12    i.assert_err        app_main.o
    0x10002ab8   0x0000004c   Code   RO         2592    i.atts_req_error_ind_handler_patch  qn9020b2_lib_peripheral.lib(lib.o)
    0x10002b04   0x0000002c   Code   RO         2594    i.ble_ext_wakeup_allow  qn9020b2_lib_peripheral.lib(lib.o)
    0x10002b30   0x00000016   Code   RO         2595    i.ble_hw_sleep      qn9020b2_lib_peripheral.lib(lib.o)
    0x10002b46   0x00000002   PAD
    0x10002b48   0x000001d8   Code   RO         2596    i.ble_init          qn9020b2_lib_peripheral.lib(lib.o)
    0x10002d20   0x0000003c   Code   RO         2597    i.ble_sleep         qn9020b2_lib_peripheral.lib(lib.o)
    0x10002d5c   0x00000038   Code   RO         2598    i.ble_timer_patch   qn9020b2_lib_peripheral.lib(lib.o)
    0x10002d94   0x00000022   Code   RO         2416    i.button_init       button.o
    0x10002db6   0x0000000e   Code   RO         2442    i.buzzer_off        buzz.o
    0x10002dc4   0x00000038   Code   RO         2443    i.buzzer_on         buzz.o
    0x10002dfc   0x00000008   Code   RO         2599    i.cal_cal_SetCAL0WithMask  qn9020b2_lib_peripheral.lib(lib.o)
    0x10002e04   0x0000000a   Code   RO         2600    i.cal_cal_SetCAL1WithMask  qn9020b2_lib_peripheral.lib(lib.o)
    0x10002e0e   0x00000002   PAD
    0x10002e10   0x00000014   Code   RO         2601    i.check_ble_wakeup  qn9020b2_lib_peripheral.lib(lib.o)
    0x10002e24   0x00000010   Code   RO         2602    i.co_buf_rx_get     qn9020b2_lib_peripheral.lib(lib.o)
    0x10002e34   0x00000064   Code   RO         2603    i.config_work_mode  qn9020b2_lib_peripheral.lib(lib.o)
    0x10002e98   0x00000040   Code   RO         2604    i.dc_dc_enable      qn9020b2_lib_peripheral.lib(lib.o)
    0x10002ed8   0x0000002c   Code   RO         2605    i.default_enter_sleep_cb  qn9020b2_lib_peripheral.lib(lib.o)
    0x10002f04   0x0000001c   Code   RO         2606    i.default_exit_sleep_cb  qn9020b2_lib_peripheral.lib(lib.o)
    0x10002f20   0x00000010   Code   RO         2607    i.delay             qn9020b2_lib_peripheral.lib(lib.o)
    0x10002f30   0x00000010   Code   RO         2020    i.dev_allow_sleep   dma.o
    0x10002f40   0x00000010   Code   RO         2608    i.dp_dp_SetRegWithMask  qn9020b2_lib_peripheral.lib(lib.o)
    0x10002f50   0x000001c0   Code   RO         1603    i.enter_sleep       sleep.o
    0x10003110   0x00000002   Code   RO         2612    i.foo1              qn9020b2_lib_peripheral.lib(lib.o)
    0x10003112   0x0000000a   Code   RO         2535    i.fputc             retarget.o
    0x1000311c   0x0000009c   Code   RO         2613    i.fw_ble_sleep      qn9020b2_lib_peripheral.lib(lib.o)
    0x100031b8   0x00000040   Code   RO         1300    i.gap_discon_cmp_evt_handler  proxr_task.o
    0x100031f8   0x000000a4   Code   RO         2614    i.gap_discon_ind_handler_patch  qn9020b2_lib_peripheral.lib(lib.o)
    0x1000329c   0x00000048   Code   RO         2615    i.gatt_read_char_req_handler_patch  qn9020b2_lib_peripheral.lib(lib.o)
    0x100032e4   0x000000fc   Code   RO         2616    i.gatt_write_char_req_handler_patch  qn9020b2_lib_peripheral.lib(lib.o)
    0x100033e0   0x00000064   Code   RO         1301    i.gatt_write_cmd_ind_handler  proxr_task.o
    0x10003444   0x00000008   Code   RO         1487    i.gpio_enable_interrupt  gpio.o
    0x1000344c   0x00000024   Code   RO         1488    i.gpio_init         gpio.o
    0x10003470   0x0000001a   Code   RO          346    i.gpio_interrupt_callback  usr_design.o
    0x1000348a   0x00000014   Code   RO         1491    i.gpio_read_pin     gpio.o
    0x1000349e   0x0000000c   Code   RO         1492    i.gpio_read_pin_field  gpio.o
    0x100034aa   0x00000010   Code   RO         1493    i.gpio_set_direction  gpio.o
    0x100034ba   0x0000000e   Code   RO         1494    i.gpio_set_direction_field  gpio.o
    0x100034c8   0x00000024   Code   RO         1496    i.gpio_sleep_allowed  gpio.o
    0x100034ec   0x00000060   Code   RO         1498    i.gpio_wakeup_config  gpio.o
    0x1000354c   0x00000020   Code   RO         1499    i.gpio_write_pin    gpio.o
    0x1000356c   0x0000002c   Code   RO         2117    i.is_flash_busy     serialflash.o
    0x10003598   0x00000018   Code   RO         2617    i.is_flash_off      qn9020b2_lib_peripheral.lib(lib.o)
    0x100035b0   0x00000020   Code   RO         2118    i.is_flash_present  serialflash.o
    0x100035d0   0x0000001c   Code   RO         2618    i.ke_schedule       qn9020b2_lib_peripheral.lib(lib.o)
    0x100035ec   0x00000028   Code   RO         2619    i.ke_time           qn9020b2_lib_peripheral.lib(lib.o)
    0x10003614   0x00000018   Code   RO         2620    i.ke_timer_empty    qn9020b2_lib_peripheral.lib(lib.o)
    0x1000362c   0x0000005c   Code   RO         2621    i.l2cc_data_packet_ind_handler_patch  qn9020b2_lib_peripheral.lib(lib.o)
    0x10003688   0x00000050   Code   RO         2622    i.l2cc_data_send_rsp_handler_patch  qn9020b2_lib_peripheral.lib(lib.o)
    0x100036d8   0x0000002c   Code   RO         2378    i.led_get           led.o
    0x10003704   0x0000003c   Code   RO         2379    i.led_init          led.o
    0x10003740   0x00000026   Code   RO         2381    i.led_set           led.o
    0x10003766   0x00000002   PAD
    0x10003768   0x00000018   Code   RO         2623    i.lld_sleep_init_new  qn9020b2_lib_peripheral.lib(lib.o)
    0x10003780   0x0000003c   Code   RO         2624    i.lld_sleep_lpcycles_2_us  qn9020b2_lib_peripheral.lib(lib.o)
    0x100037bc   0x0000002c   Code   RO         2625    i.lld_stop_ind_handler_new  qn9020b2_lib_peripheral.lib(lib.o)
    0x100037e8   0x00000164   Code   RO         2626    i.llm_lld_data_ind_handler_new  qn9020b2_lib_peripheral.lib(lib.o)
    0x1000394c   0x000000f0   Code   RO           15    i.main              app_main.o
    0x10003a3c   0x00000040   Code   RO         2627    i.nvds_copy         qn9020b2_lib_peripheral.lib(lib.o)
    0x10003a7c   0x0000002c   Code   RO         2628    i.nvds_erase        qn9020b2_lib_peripheral.lib(lib.o)
    0x10003aa8   0x00000094   Code   RO         2630    i.nvds_read         qn9020b2_lib_peripheral.lib(lib.o)
    0x10003b3c   0x00000070   Code   RO         2631    i.nvds_restore_backup  qn9020b2_lib_peripheral.lib(lib.o)
    0x10003bac   0x0000004e   Code   RO         2632    i.nvds_write        qn9020b2_lib_peripheral.lib(lib.o)
    0x10003bfa   0x00000002   PAD
    0x10003bfc   0x00000314   Code   RO         2634    i.plf_init          qn9020b2_lib_peripheral.lib(lib.o)
    0x10003f10   0x00000010   Code   RO         2635    i.plf_reset_cb      qn9020b2_lib_peripheral.lib(lib.o)
    0x10003f20   0x00000028   Code   RO         2119    i.power_off_flash   serialflash.o
    0x10003f48   0x00000040   Code   RO         2120    i.power_on_flash    serialflash.o
    0x10003f88   0x00000184   Code   RO         2636    i.powerup_calibration  qn9020b2_lib_peripheral.lib(lib.o)
    0x1000410c   0x00000028   Code   RO         1189    i.prf_dispatch_disconnect  prf_utils.o
    0x10004134   0x00000008   Code   RO         1190    i.prf_init          prf_utils.o
    0x1000413c   0x0000002c   Code   RO         1192    i.prf_server_error_ind_send  prf_utils.o
    0x10004168   0x00000030   Code   RO         1249    i.proxr_alert_start  proxr.o
    0x10004198   0x000000b0   Code   RO         1302    i.proxr_create_db_req_handler  proxr_task.o
    0x10004248   0x00000070   Code   RO         1250    i.proxr_disable     proxr.o
    0x100042b8   0x0000007c   Code   RO         1303    i.proxr_enable_req_handler  proxr_task.o
    0x10004334   0x00000020   Code   RO         1251    i.proxr_init        proxr.o
    0x10004354   0x000000b0   Code   RO         1809    i.pwm_config        pwm.o
    0x10004404   0x00000040   Code   RO         2444    i.pwm_enable        buzz.o
    0x10004444   0x0000003c   Code   RO         1810    i.pwm_init          pwm.o
    0x10004480   0x00000010   Code   RO         2122    i.read_flash_id     serialflash.o
    0x10004490   0x00000050   Code   RO         2639    i.restore_ble_setting  qn9020b2_lib_peripheral.lib(lib.o)
    0x100044e0   0x00000058   Code   RO         2725    i.rf_tx_power_level_get  qn9020b2_lib_peripheral.lib(qnrf.o)
    0x10004538   0x00000024   Code   RO         2640    i.rwble_slot_2_lpcycles  qn9020b2_lib_peripheral.lib(lib.o)
    0x1000455c   0x00000030   Code   RO         2641    i.sector_erase_flash_patch  qn9020b2_lib_peripheral.lib(lib.o)
    0x1000458c   0x00000010   Code   RO         2643    i.set_dbg_info      qn9020b2_lib_peripheral.lib(lib.o)
    0x1000459c   0x00000018   Code   RO         1605    i.sleep_cb          sleep.o
    0x100045b4   0x00000034   Code   RO         1606    i.sleep_init        sleep.o
    0x100045e8   0x0000006c   Code   RO         2644    i.sleep_post_process  qn9020b2_lib_peripheral.lib(lib.o)
    0x10004654   0x00000058   Code   RO         2645    i.smp_rtx_ind_handler_patch  qn9020b2_lib_peripheral.lib(lib.o)
    0x100046ac   0x0000000a   Code   RO         1607    i.syscon_GetBLESR   sleep.o
    0x100046b6   0x0000000a   Code   RO         2646    i.syscon_GetBLESR   qn9020b2_lib_peripheral.lib(lib.o)
    0x100046c0   0x0000000a   Code   RO         2213    i.syscon_SetADCCRWithMask  adc.o
    0x100046ca   0x0000000a   Code   RO         1608    i.syscon_SetCMDCRWithMask  sleep.o
    0x100046d4   0x0000000a   Code   RO         1718    i.syscon_SetCMDCRWithMask  syscon.o
    0x100046de   0x0000000a   Code   RO         1609    i.syscon_SetIvrefX32WithMask  sleep.o
    0x100046e8   0x0000000a   Code   RO         2647    i.syscon_SetIvrefX32WithMask  qn9020b2_lib_peripheral.lib(lib.o)
    0x100046f2   0x0000000a   Code   RO         1610    i.syscon_SetPGCR0WithMask  sleep.o
    0x100046fc   0x0000000a   Code   RO         2648    i.syscon_SetPGCR1WithMask  qn9020b2_lib_peripheral.lib(lib.o)
    0x10004706   0x0000000a   Code   RO         1611    i.syscon_SetPGCR2WithMask  sleep.o
    0x10004710   0x00000038   Code   RO         1723    i.syscon_set_ahb_clk  syscon.o
    0x10004748   0x00000034   Code   RO         1724    i.syscon_set_apb_clk  syscon.o
    0x1000477c   0x00000040   Code   RO         1725    i.syscon_set_ble_clk  syscon.o
    0x100047bc   0x000000bc   Code   RO         1726    i.syscon_set_sysclk_src  syscon.o
    0x10004878   0x0000002c   Code   RO         1727    i.syscon_set_timer_clk  syscon.o
    0x100048a4   0x00000070   Code   RO         1728    i.syscon_set_usart_clk  syscon.o
    0x10004914   0x00000038   Code   RO          704    i.task_app_desc_register  app_task.o
    0x1000494c   0x000000c4   Code   RO         2649    i.task_gatt_desc_register  qn9020b2_lib_peripheral.lib(lib.o)
    0x10004a10   0x00000038   Code   RO         1304    i.task_proxr_desc_register  proxr_task.o
    0x10004a48   0x0000000a   Code   RO         1905    i.timer_timer_ClrIntFlag  timer.o
    0x10004a52   0x0000000a   Code   RO         1906    i.timer_timer_GetIntFlag  timer.o
    0x10004a5c   0x0000003c   Code   RO         1355    i.uart_check_tx_free  uart.o
    0x10004a98   0x00000098   Code   RO         1360    i.uart_init         uart.o
    0x10004b30   0x00000012   Code   RO         1363    i.uart_rx_int_enable  uart.o
    0x10004b42   0x00000002   PAD
    0x10004b44   0x00000038   Code   RO         1364    i.uart_tx_int_enable  uart.o
    0x10004b7c   0x0000000a   Code   RO         1365    i.uart_uart_ClrIntFlag  uart.o
    0x10004b86   0x0000000a   Code   RO         1366    i.uart_uart_GetIntFlag  uart.o
    0x10004b90   0x00000008   Code   RO         1367    i.uart_uart_SetTXD  uart.o
    0x10004b98   0x00000038   Code   RO          347    i.usr_button1_cb    usr_design.o
    0x10004bd0   0x00000030   Code   RO          348    i.usr_button2_cb    usr_design.o
    0x10004c00   0x00000074   Code   RO          349    i.usr_init          usr_design.o
    0x10004c74   0x00000054   Code   RO          350    i.usr_led1_set      usr_design.o
    0x10004cc8   0x00000080   Code   RO         1612    i.usr_sleep         sleep.o
    0x10004d48   0x00000034   Code   RO          351    i.usr_sleep_restore  usr_design.o
    0x10004d7c   0x00000014   Code   RO         1613    i.wakeup_32k_xtal_start_timer  sleep.o
    0x10004d90   0x00000054   Code   RO         1614    i.wakeup_32k_xtal_switch_clk  sleep.o
    0x10004de4   0x00000068   Code   RO         1616    i.wakeup_by_sleep_timer  sleep.o
    0x10004e4c   0x00000028   Code   RO         1843    i.wdt_irq_clear     wdt.o
    0x10004e74   0x0000000e   Code   RO         1845    i.wdt_wdt_SetLKR    wdt.o
    0x10004e82   0x00000002   PAD
    0x10004e84   0x00000128   Data   RO          705    .constdata          app_task.o
    0x10004fac   0x00000030   Data   RO          706    .constdata          app_task.o
    0x10004fdc   0x00000024   Data   RO         1253    .constdata          proxr.o
    0x10005000   0x00000024   Data   RO         1254    .constdata          proxr.o
    0x10005024   0x00000024   Data   RO         1255    .constdata          proxr.o
    0x10005048   0x00000002   Data   RO         1256    .constdata          proxr.o
    0x1000504a   0x00000005   Data   RO         1257    .constdata          proxr.o
    0x1000504f   0x00000001   PAD
    0x10005050   0x00000002   Data   RO         1258    .constdata          proxr.o
    0x10005052   0x00000005   Data   RO         1259    .constdata          proxr.o
    0x10005057   0x00000001   PAD
    0x10005058   0x00000002   Data   RO         1260    .constdata          proxr.o
    0x1000505a   0x00000005   Data   RO         1261    .constdata          proxr.o
    0x1000505f   0x00000001   PAD
    0x10005060   0x00000008   Data   RO         1305    .constdata          proxr_task.o
    0x10005068   0x00000008   Data   RO         1306    .constdata          proxr_task.o
    0x10005070   0x00000008   Data   RO         1307    .constdata          proxr_task.o
    0x10005078   0x00000008   Data   RO         1308    .constdata          proxr_task.o
    0x10005080   0x00000020   Data   RO         1309    .constdata          proxr_task.o
    0x100050a0   0x00000033   Data   RO         1370    .constdata          uart.o
    0x100050d3   0x00000001   PAD
    0x100050d4   0x00000010   Data   RO         2651    .constdata          qn9020b2_lib_peripheral.lib(lib.o)
    0x100050e4   0x0000000d   Data   RO         2727    .constdata          qn9020b2_lib_peripheral.lib(qnrf.o)
    0x100050f1   0x00000081   Data   RO         3058    .constdata          mc_p.l(ctype_o.o)
    0x10005172   0x00000002   PAD
    0x10005174   0x00000004   Data   RO         3059    .constdata          mc_p.l(ctype_o.o)
    0x10005178   0x000000d6   Data   RO          868    .conststring        app_gap_task.o
    0x1000524e   0x00000002   PAD
    0x10005250   0x000000ad   Data   RO         1066    .conststring        app_smp_task.o
    0x100052fd   0x00000003   PAD
    0x10005300   0x00000030   Data   RO         3093    Region$$Table       anon$$obj.o
    0x10005330   0x00000004   Data   RW          352    .data               usr_design.o
    0x10005334   0x00000002   Data   RW          707    .data               app_task.o
    0x10005336   0x00000002   PAD
    0x10005338   0x00000004   Data   RW         1150    .data               app_proxr_task.o
    0x1000533c   0x00000002   Data   RW         1310    .data               proxr_task.o
    0x1000533e   0x00000002   PAD
    0x10005340   0x00000004   Data   RW         1501    .data               gpio.o
    0x10005344   0x00000020   Data   RW         1617    .data               sleep.o
    0x10005364   0x0000000c   Data   RW         1729    .data               syscon.o
    0x10005370   0x00000004   Data   RW         1846    .data               wdt.o
    0x10005374   0x00000020   Data   RW         1909    .data               timer.o
    0x10005394   0x00000004   Data   RW         2033    .data               dma.o
    0x10005398   0x00000008   Data   RW         2126    .data               serialflash.o
    0x100053a0   0x0000000c   Data   RW         2215    .data               adc.o
    0x100053ac   0x0000000c   Data   RW         2307    .data               analog.o
    0x100053b8   0x00000008   Data   RW         2484    .data               joysticks.o
    0x100053c0   0x00000004   Data   RW         2536    .data               retarget.o
    0x100053c4   0x000000e8   Data   RW         2652    .data               qn9020b2_lib_peripheral.lib(lib.o)
    0x100054ac   0x00000004   Data   RW         2742    .data               mc_p.l(rand.o)
    0x100054b0   0x00000004   Data   RW         3034    .data               mc_p.l(errno.o)
    0x100054b4   0x000004d8   Zero   RW           16    .bss                app_main.o
    0x1000598c   0x000000f4   Zero   RW          603    .bss                app_env.o
    0x10005a80   0x0000000c   Zero   RW         1252    .bss                proxr.o
    0x10005a8c   0x00000030   Zero   RW         1369    .bss                uart.o
    0x10005abc   0x00000014   Zero   RW         2214    .bss                adc.o
    0x10005ad0   0x00000014   Zero   RW         2483    .bss                joysticks.o
    0x10005ae4   0x000005d0   Zero   RW         2650    .bss                qn9020b2_lib_peripheral.lib(lib.o)
    0x100060b4   0x00000004   PAD
    0x100060b8   0x00000200   Zero   RW            1    STACK               startup.o


==============================================================================

Image component sizes


      Code (inc. data)   RO Data    RW Data    ZI Data      Debug   Object Name

       784         72          0         12         20      22379   adc.o
        32          8          0         12          0       1520   analog.o
       424         86          0          0        244       3773   app_env.o
       400         76          0          0          0       5141   app_gap.o
      1368        544        214          0          0      12450   app_gap_task.o
       296         80          0          0       1240     107148   app_main.o
        84         16          0          0          0       1649   app_proxr.o
       144         50          0          4          0       2980   app_proxr_task.o
       336         48          0          0          0       3890   app_smp.o
       936        242        173          0          0       6147   app_smp_task.o
         2          0          0          0          0        412   app_sys.o
       128         20        344          2          0      15777   app_task.o
       852        124          0          0          0      11502   app_util.o
        34          0          0          0          0        454   button.o
       134         14          0          0          0      16077   buzz.o
        80         16          0          4          0      15321   dma.o
       350         40          0          4          0      23031   gpio.o
       600        164          0          8         20      23236   joysticks.o
       142         20          0          0          0       1575   led.o
        92         14          0          0          0       2449   prf_utils.o
       192         42        129          0         12       4963   proxr.o
       520         90         64          2          0       5625   proxr_task.o
       236         26          0          0          0      16692   pwm.o
        10          0          0          4          0       2350   retarget.o
       196         30          0          8          0      18682   serialflash.o
       970        112          0         32          0      25480   sleep.o
        48         14        192          0        512        832   startup.o
       526         82          0         12          0      19983   syscon.o
       260         40          0          0          0      21606   system.o
       340         40          0         32          0      18874   timer.o
       550         76         51          0         48      31066   uart.o
      1170        262          0          4          0      26611   usr_design.o
        78         14          0          4          0      15706   wdt.o

    ----------------------------------------------------------------------
     12332       2462       1224        148       2096     485381   Object Totals
         0          0         48          0          0          0   (incl. Generated)
        18          0          9          4          0          0   (incl. Padding)

    ----------------------------------------------------------------------

      Code (inc. data)   RO Data    RW Data    ZI Data      Debug   Library Member Name

        58          0          0          0          0          0   __dczerorl.o
        30          0          0          0          0         60   _chval.o
       166          0          0          0          0         84   _strtoul.o
        26          0          0          0          0         72   atoi.o
         8          4        133          0          0         60   ctype_o.o
         0          0          0          0          0          0   entry.o
         0          0          0          0          0          0   entry10a.o
         0          0          0          0          0          0   entry11a.o
         8          4          0          0          0          0   entry2.o
         4          0          0          0          0          0   entry5.o
         0          0          0          0          0          0   entry7b.o
         0          0          0          0          0          0   entry8b.o
         8          4          0          0          0          0   entry9a.o
         8          4          0          4          0         60   errno.o
        30          0          0          0          0          0   handlers.o
        36          8          0          0          0         68   init.o
        26          0          0          0          0         72   memcmp.o
        36          0          0          0          0         60   memcpya.o
        36          0          0          0          0        100   memseta.o
      1172         52          0          0          0        324   printf8.o
        36         12          0          4          0        120   rand.o
        18          0          0          0          0         60   strcpy.o
       112          4          0          0          0         76   strtol.o
        44          0          0          0          0         72   uidiv.o
      5158        886         16        232       1488       3748   lib.o
       452          4          0          0          0        184   math.o
        88         10         13          0          0         72   qnrf.o

    ----------------------------------------------------------------------
      7576        992        164        240       1492       5292   Library Totals
        16          0          2          0          4          0   (incl. Padding)

    ----------------------------------------------------------------------

      Code (inc. data)   RO Data    RW Data    ZI Data      Debug   Library Name

      1862         92        133          8          0       1288   mc_p.l
      5698        900         29        232       1488       4004   qn9020b2_lib_peripheral.lib

    ----------------------------------------------------------------------
      7576        992        164        240       1492       5292   Library Totals

    ----------------------------------------------------------------------

==============================================================================


      Code (inc. data)   RO Data    RW Data    ZI Data      Debug   

     19908       3454       1388        388       3588     480321   Grand Totals
     19908       3454       1388         96       3588     480321   ELF Image Totals (compressed)
     19908       3454       1388         96          0          0   ROM Totals

==============================================================================

    Total RO  Size (Code + RO Data)                21296 (  20.80kB)
    Total RW  Size (RW Data + ZI Data)              3976 (   3.88kB)
    Total ROM Size (Code + RO Data + RW Data)      21392 (  20.89kB)

==============================================================================

