Component: ARM Compiler 5.06 update 1 (build 61) Tool: armlink [4d35a8]

==============================================================================

Section Cross References

    startup.o(RESET) refers to startup.o(STACK) for __initial_sp
    startup.o(RESET) refers to startup.o(.text) for Reset_Handler
    startup.o(RESET) refers to gpio.o(i.GPIO_IRQHandler) for GPIO_IRQHandler
    startup.o(RESET) refers to analog.o(i.ACMP0_IRQHandler) for ACMP0_IRQHandler
    startup.o(RESET) refers to analog.o(i.ACMP1_IRQHandler) for ACMP1_IRQHandler
    startup.o(RESET) refers to lib.o(i.BLE_IRQHandler) for BLE_IRQHandler
    startup.o(RESET) refers to sleep.o(i.OSC_EN_IRQHandler) for OSC_EN_IRQHandler
    startup.o(RESET) refers to uart.o(i.UART0_TX_IRQHandler) for UART0_TX_IRQHandler
    startup.o(RESET) refers to uart.o(i.UART0_RX_IRQHandler) for UART0_RX_IRQHandler
    startup.o(RESET) refers to timer.o(i.TIMER0_IRQHandler) for TIMER0_IRQHandler
    startup.o(RESET) refers to timer.o(i.TIMER1_IRQHandler) for TIMER1_IRQHandler
    startup.o(RESET) refers to timer.o(i.TIMER2_IRQHandler) for TIMER2_IRQHandler
    startup.o(RESET) refers to timer.o(i.TIMER3_IRQHandler) for TIMER3_IRQHandler
    startup.o(RESET) refers to wdt.o(i.WDT_IRQHandler) for WDT_IRQHandler
    startup.o(.text) refers to entry.o(.ARM.Collect$$$$00000000) for __main
    app_main.o(i.assert_err) refers to printf8.o(i.__0printf$8) for __2printf
    app_main.o(i.assert_warn) refers to printf8.o(i.__0printf$8) for __2printf
    app_main.o(i.main) refers to math.o(REG_ACCESS_SECTION) for __wr_reg_with_msk
    app_main.o(i.main) refers to lib.o(i.dc_dc_enable) for dc_dc_enable
    app_main.o(i.main) refers to lib.o(i.plf_init) for plf_init
    app_main.o(i.main) refers to system.o(i.SystemInit) for SystemInit
    app_main.o(i.main) refers to lib.o(i.ble_init) for ble_init
    app_main.o(i.main) refers to app_env.o(i.app_init) for app_init
    app_main.o(i.main) refers to usr_design.o(i.usr_init) for usr_init
    app_main.o(i.main) refers to sleep.o(i.sleep_init) for sleep_init
    app_main.o(i.main) refers to sleep.o(i.wakeup_by_sleep_timer) for wakeup_by_sleep_timer
    app_main.o(i.main) refers to lib.o(i.ke_schedule) for ke_schedule
    app_main.o(i.main) refers to sleep.o(i.usr_sleep) for usr_sleep
    app_main.o(i.main) refers to lib.o(i.ble_sleep) for ble_sleep
    app_main.o(i.main) refers to sleep.o(i.enter_sleep) for enter_sleep
    app_main.o(i.main) refers to prf_utils.o(i.prf_init) for prf_init
    app_main.o(i.main) refers to prf_utils.o(i.prf_dispatch_disconnect) for prf_dispatch_disconnect
    app_main.o(i.main) refers to app_main.o(.bss) for .bss
    app_main.o(i.main) refers to sleep.o(i.sleep_cb) for sleep_cb
    system.o(i.SystemInit) refers to math.o(REG_ACCESS_SECTION) for __wr_reg
    system.o(i.SystemInit) refers to syscon.o(i.syscon_set_sysclk_src) for syscon_set_sysclk_src
    system.o(i.SystemInit) refers to syscon.o(i.syscon_set_ahb_clk) for syscon_set_ahb_clk
    system.o(i.SystemInit) refers to syscon.o(i.syscon_set_ble_clk) for syscon_set_ble_clk
    system.o(i.SystemInit) refers to syscon.o(i.syscon_set_apb_clk) for syscon_set_apb_clk
    system.o(i.SystemInit) refers to syscon.o(i.syscon_set_timer_clk) for syscon_set_timer_clk
    system.o(i.SystemInit) refers to syscon.o(i.syscon_set_usart_clk) for syscon_set_usart_clk
    system.o(i.SystemInit) refers to gpio.o(i.gpio_init) for gpio_init
    system.o(i.SystemInit) refers to led.o(i.led_init) for led_init
    system.o(i.SystemInit) refers to button.o(i.button_init) for button_init
    system.o(i.SystemInit) refers to uart.o(i.uart_init) for uart_init
    system.o(i.SystemInit) refers to usr_design.o(i.gpio_interrupt_callback) for gpio_interrupt_callback
    usr_design.o(i.app_button_timer_handler) refers to gpio.o(i.gpio_read_pin) for gpio_read_pin
    usr_design.o(i.app_button_timer_handler) refers to app_main.o(i.assert_err) for assert_err
    usr_design.o(i.app_button_timer_handler) refers to app_gap.o(i.app_gap_adv_stop_req) for app_gap_adv_stop_req
    usr_design.o(i.app_button_timer_handler) refers to app_util.o(i.app_get_local_service_flag) for app_get_local_service_flag
    usr_design.o(i.app_button_timer_handler) refers to app_util.o(i.app_set_scan_rsp_data) for app_set_scan_rsp_data
    usr_design.o(i.app_button_timer_handler) refers to app_util.o(i.app_set_adv_data) for app_set_adv_data
    usr_design.o(i.app_button_timer_handler) refers to app_gap.o(i.app_gap_adv_start_req) for app_gap_adv_start_req
    usr_design.o(i.app_button_timer_handler) refers to sleep.o(.data) for sleep_env
    usr_design.o(i.app_button_timer_handler) refers to app_qpps_task.o(.data) for app_qpps_env
    usr_design.o(i.app_button_timer_handler) refers to app_env.o(.bss) for app_env
    usr_design.o(i.app_event_button1_press_handler) refers to sleep.o(i.wakeup_32k_xtal_start_timer) for wakeup_32k_xtal_start_timer
[...]
    i.gpio_write_pin                         0x100039e8   Section        0  gpio.o(i.gpio_write_pin)
    i.is_flash_busy                          0x10003a08   Section        0  serialflash.o(i.is_flash_busy)
    is_flash_busy                            0x10003a09   Thumb Code    36  serialflash.o(i.is_flash_busy)
    i.is_flash_off                           0x10003a34   Section        0  lib.o(i.is_flash_off)
    is_flash_off                             0x10003a35   Thumb Code    20  lib.o(i.is_flash_off)
    i.is_flash_present                       0x10003a4c   Section        0  serialflash.o(i.is_flash_present)
    i.ke_schedule                            0x10003a6c   Section        0  lib.o(i.ke_schedule)
    i.ke_time                                0x10003a88   Section        0  lib.o(i.ke_time)
    i.ke_timer_empty                         0x10003ab0   Section        0  lib.o(i.ke_timer_empty)
    i.l2cc_data_packet_ind_handler_patch     0x10003ac8   Section        0  lib.o(i.l2cc_data_packet_ind_handler_patch)
    l2cc_data_packet_ind_handler_patch       0x10003ac9   Thumb Code    78  lib.o(i.l2cc_data_packet_ind_handler_patch)
    i.l2cc_data_send_rsp_handler_patch       0x10003b24   Section        0  lib.o(i.l2cc_data_send_rsp_handler_patch)
    l2cc_data_send_rsp_handler_patch         0x10003b25   Thumb Code    64  lib.o(i.l2cc_data_send_rsp_handler_patch)
    i.led_get                                0x10003b74   Section        0  led.o(i.led_get)
    i.led_init                               0x10003ba0   Section        0  led.o(i.led_init)
    i.led_set                                0x10003bdc   Section        0  led.o(i.led_set)
    i.lld_sleep_init_new                     0x10003c04   Section        0  lib.o(i.lld_sleep_init_new)
    i.lld_sleep_lpcycles_2_us                0x10003c1c   Section        0  lib.o(i.lld_sleep_lpcycles_2_us)
    lld_sleep_lpcycles_2_us                  0x10003c1d   Thumb Code    50  lib.o(i.lld_sleep_lpcycles_2_us)
    i.lld_stop_ind_handler_new               0x10003c58   Section        0  lib.o(i.lld_stop_ind_handler_new)
    lld_stop_ind_handler_new                 0x10003c59   Thumb Code    36  lib.o(i.lld_stop_ind_handler_new)
    i.llm_lld_data_ind_handler_new           0x10003c84   Section        0  lib.o(i.llm_lld_data_ind_handler_new)
    llm_lld_data_ind_handler_new             0x10003c85   Thumb Code   314  lib.o(i.llm_lld_data_ind_handler_new)
    i.main                                   0x10003de8   Section        0  app_main.o(i.main)
    i.nvds_copy                              0x10003edc   Section        0  lib.o(i.nvds_copy)
    nvds_copy                                0x10003edd   Thumb Code    58  lib.o(i.nvds_copy)
    i.nvds_erase                             0x10003f1c   Section        0  lib.o(i.nvds_erase)
    nvds_erase                               0x10003f1d   Thumb Code    40  lib.o(i.nvds_erase)
    i.nvds_read                              0x10003f48   Section        0  lib.o(i.nvds_read)
    nvds_read                                0x10003f49   Thumb Code   138  lib.o(i.nvds_read)
    i.nvds_restore_backup                    0x10003fdc   Section        0  lib.o(i.nvds_restore_backup)
    nvds_restore_backup                      0x10003fdd   Thumb Code    98  lib.o(i.nvds_restore_backup)
    i.nvds_write                             0x1000404c   Section        0  lib.o(i.nvds_write)
    nvds_write                               0x1000404d   Thumb Code    78  lib.o(i.nvds_write)
    i.plf_init                               0x1000409c   Section        0  lib.o(i.plf_init)
    i.plf_reset_cb                           0x100043b0   Section        0  lib.o(i.plf_reset_cb)
    plf_reset_cb                             0x100043b1   Thumb Code    12  lib.o(i.plf_reset_cb)
    i.power_off_flash                        0x100043c0   Section        0  serialflash.o(i.power_off_flash)
    i.power_on_flash                         0x100043e8   Section        0  serialflash.o(i.power_on_flash)
    i.powerup_calibration                    0x10004428   Section        0  lib.o(i.powerup_calibration)
    powerup_calibration                      0x10004429   Thumb Code   330  lib.o(i.powerup_calibration)
    i.prf_dispatch_disconnect                0x100045ac   Section        0  prf_utils.o(i.prf_dispatch_disconnect)
    i.prf_init                               0x100045d4   Section        0  prf_utils.o(i.prf_init)
    i.qpps_create_db_req_handler             0x100045dc   Section        0  qpps_task.o(i.qpps_create_db_req_handler)
    qpps_create_db_req_handler               0x100045dd   Thumb Code   340  qpps_task.o(i.qpps_create_db_req_handler)
    i.qpps_data_send_req_handler             0x10004754   Section        0  qpps_task.o(i.qpps_data_send_req_handler)
    qpps_data_send_req_handler               0x10004755   Thumb Code   120  qpps_task.o(i.qpps_data_send_req_handler)
    i.qpps_disable                           0x100047e4   Section        0  qpps.o(i.qpps_disable)
    i.qpps_enable_req_handler                0x1000482c   Section        0  qpps_task.o(i.qpps_enable_req_handler)
    qpps_enable_req_handler                  0x1000482d   Thumb Code   130  qpps_task.o(i.qpps_enable_req_handler)
    i.qpps_error_ind_send                    0x100048c0   Section        0  qpps.o(i.qpps_error_ind_send)
    i.qpps_init                              0x100048ec   Section        0  qpps.o(i.qpps_init)
    i.qpps_set_service_uuid                  0x10004910   Section        0  qpps.o(i.qpps_set_service_uuid)
    i.read_flash_id                          0x10004924   Section        0  serialflash.o(i.read_flash_id)
    i.restore_ble_setting                    0x10004934   Section        0  lib.o(i.restore_ble_setting)
    i.rwble_slot_2_lpcycles                  0x10004984   Section        0  lib.o(i.rwble_slot_2_lpcycles)
    i.sector_erase_flash_patch               0x100049a8   Section        0  lib.o(i.sector_erase_flash_patch)
    sector_erase_flash_patch                 0x100049a9   Thumb Code    40  lib.o(i.sector_erase_flash_patch)
    i.set_dbg_info                           0x100049d8   Section        0  lib.o(i.set_dbg_info)
    i.sleep_cb                               0x100049e8   Section        0  sleep.o(i.sleep_cb)
    i.sleep_init                             0x10004a00   Section        0  sleep.o(i.sleep_init)
    i.sleep_post_process                     0x10004a34   Section        0  lib.o(i.sleep_post_process)
    i.smp_rtx_ind_handler_patch              0x10004aa0   Section        0  lib.o(i.smp_rtx_ind_handler_patch)
    smp_rtx_ind_handler_patch                0x10004aa1   Thumb Code    70  lib.o(i.smp_rtx_ind_handler_patch)
    i.syscon_GetBLESR                        0x10004af8   Section        0  sleep.o(i.syscon_GetBLESR)
    syscon_GetBLESR                          0x10004af9   Thumb Code    10  sleep.o(i.syscon_GetBLESR)
    i.syscon_GetBLESR                        0x10004b02   Section        0  lib.o(i.syscon_GetBLESR)
    syscon_GetBLESR                          0x10004b03   Thumb Code    10  lib.o(i.syscon_GetBLESR)
    i.syscon_SetADCCRWithMask                0x10004b0c   Section        0  adc.o(i.syscon_SetADCCRWithMask)
    syscon_SetADCCRWithMask                  0x10004b0d   Thumb Code    10  adc.o(i.syscon_SetADCCRWithMask)
    i.syscon_SetCMDCRWithMask                0x10004b16   Section        0  sleep.o(i.syscon_SetCMDCRWithMask)
    syscon_SetCMDCRWithMask                  0x10004b17   Thumb Code    10  sleep.o(i.syscon_SetCMDCRWithMask)
    i.syscon_SetCMDCRWithMask                0x10004b20   Section        0  syscon.o(i.syscon_SetCMDCRWithMask)
    syscon_SetCMDCRWithMask                  0x10004b21   Thumb Code    10  syscon.o(i.syscon_SetCMDCRWithMask)
    i.syscon_SetIvrefX32WithMask             0x10004b2a   Section        0  sleep.o(i.syscon_SetIvrefX32WithMask)
    syscon_SetIvrefX32WithMask               0x10004b2b   Thumb Code    10  sleep.o(i.syscon_SetIvrefX32WithMask)
    i.syscon_SetIvrefX32WithMask             0x10004b34   Section        0  lib.o(i.syscon_SetIvrefX32WithMask)
    syscon_SetIvrefX32WithMask               0x10004b35   Thumb Code    10  lib.o(i.syscon_SetIvrefX32WithMask)
    i.syscon_SetPGCR0WithMask                0x10004b3e   Section        0  sleep.o(i.syscon_SetPGCR0WithMask)
    syscon_SetPGCR0WithMask                  0x10004b3f   Thumb Code    10  sleep.o(i.syscon_SetPGCR0WithMask)
    i.syscon_SetPGCR1WithMask                0x10004b48   Section        0  lib.o(i.syscon_SetPGCR1WithMask)
    syscon_SetPGCR1WithMask                  0x10004b49   Thumb Code    10  lib.o(i.syscon_SetPGCR1WithMask)
    i.syscon_SetPGCR2WithMask                0x10004b52   Section        0  sleep.o(i.syscon_SetPGCR2WithMask)
    syscon_SetPGCR2WithMask                  0x10004b53   Thumb Code    10  sleep.o(i.syscon_SetPGCR2WithMask)
    i.syscon_set_ahb_clk                     0x10004b5c   Section        0  syscon.o(i.syscon_set_ahb_clk)
    i.syscon_set_apb_clk                     0x10004b94   Section        0  syscon.o(i.syscon_set_apb_clk)
    i.syscon_set_ble_clk                     0x10004bc8   Section        0  syscon.o(i.syscon_set_ble_clk)
    i.syscon_set_sysclk_src                  0x10004c08   Section        0  syscon.o(i.syscon_set_sysclk_src)
    i.syscon_set_timer_clk                   0x10004cc4   Section        0  syscon.o(i.syscon_set_timer_clk)
    i.syscon_set_usart_clk                   0x10004cf0   Section        0  syscon.o(i.syscon_set_usart_clk)
    i.task_app_desc_register                 0x10004d60   Section        0  app_task.o(i.task_app_desc_register)
    i.task_gatt_desc_register                0x10004d98   Section        0  lib.o(i.task_gatt_desc_register)
    task_gatt_desc_register                  0x10004d99   Thumb Code   124  lib.o(i.task_gatt_desc_register)
    i.task_qpps_desc_register                0x10004e5c   Section        0  qpps_task.o(i.task_qpps_desc_register)
    i.timer_timer_ClrIntFlag                 0x10004e94   Section        0  timer.o(i.timer_timer_ClrIntFlag)
    timer_timer_ClrIntFlag                   0x10004e95   Thumb Code    10  timer.o(i.timer_timer_ClrIntFlag)
    i.timer_timer_GetIntFlag                 0x10004e9e   Section        0  timer.o(i.timer_timer_GetIntFlag)
    timer_timer_GetIntFlag                   0x10004e9f   Thumb Code    10  timer.o(i.timer_timer_GetIntFlag)
    i.uart_check_tx_free                     0x10004ea8   Section        0  uart.o(i.uart_check_tx_free)
    i.uart_init                              0x10004ee4   Section        0  uart.o(i.uart_init)
    i.uart_rx_int_enable                     0x10004f7c   Section        0  uart.o(i.uart_rx_int_enable)
    uart_rx_int_enable                       0x10004f7d   Thumb Code    18  uart.o(i.uart_rx_int_enable)
    i.uart_tx_int_enable                     0x10004f90   Section        0  uart.o(i.uart_tx_int_enable)
    uart_tx_int_enable                       0x10004f91   Thumb Code    46  uart.o(i.uart_tx_int_enable)
    i.uart_uart_ClrIntFlag                   0x10004fc8   Section        0  uart.o(i.uart_uart_ClrIntFlag)
    uart_uart_ClrIntFlag                     0x10004fc9   Thumb Code    10  uart.o(i.uart_uart_ClrIntFlag)
    i.uart_uart_GetIntFlag                   0x10004fd2   Section        0  uart.o(i.uart_uart_GetIntFlag)
    uart_uart_GetIntFlag                     0x10004fd3   Thumb Code    10  uart.o(i.uart_uart_GetIntFlag)
    i.uart_uart_SetTXD                       0x10004fdc   Section        0  uart.o(i.uart_uart_SetTXD)
    uart_uart_SetTXD                         0x10004fdd   Thumb Code     8  uart.o(i.uart_uart_SetTXD)
    i.usr_button1_cb                         0x10004fe4   Section        0  usr_design.o(i.usr_button1_cb)
    i.usr_init                               0x1000501c   Section        0  usr_design.o(i.usr_init)
    i.usr_led1_set                           0x10005074   Section        0  usr_design.o(i.usr_led1_set)
    usr_led1_set                             0x10005075   Thumb Code    72  usr_design.o(i.usr_led1_set)
    i.usr_sleep                              0x100050c8   Section        0  sleep.o(i.usr_sleep)
    i.usr_sleep_restore                      0x10005148   Section        0  usr_design.o(i.usr_sleep_restore)
    i.wakeup_32k_xtal_start_timer            0x1000517c   Section        0  sleep.o(i.wakeup_32k_xtal_start_timer)
    i.wakeup_32k_xtal_switch_clk             0x10005190   Section        0  sleep.o(i.wakeup_32k_xtal_switch_clk)
    i.wakeup_by_sleep_timer                  0x100051e4   Section        0  sleep.o(i.wakeup_by_sleep_timer)
    i.wdt_irq_clear                          0x1000524c   Section        0  wdt.o(i.wdt_irq_clear)
    i.wdt_wdt_SetLKR                         0x10005274   Section        0  wdt.o(i.wdt_wdt_SetLKR)
    wdt_wdt_SetLKR                           0x10005275   Thumb Code    14  wdt.o(i.wdt_wdt_SetLKR)
    .constdata                               0x10005284   Section      312  app_task.o(.constdata)
    .constdata                               0x100053bc   Section       48  app_task.o(.constdata)
    .constdata                               0x100053ec   Section      140  qpps.o(.constdata)
    .constdata                               0x10005478   Section       19  qpps.o(.constdata)
    .constdata                               0x1000548b   Section       19  qpps.o(.constdata)
    .constdata                               0x100054a0   Section        8  qpps_task.o(.constdata)
    .constdata                               0x100054a8   Section        8  qpps_task.o(.constdata)
    .constdata                               0x100054b0   Section       24  qpps_task.o(.constdata)
    .constdata                               0x100054c8   Section        8  qpps_task.o(.constdata)
    .constdata                               0x100054d0   Section       51  qpps_task.o(.constdata)
    .constdata                               0x10005503   Section       51  uart.o(.constdata)
    .constdata                               0x10005538   Section       16  lib.o(.constdata)
    .constdata                               0x10005548   Section      129  ctype_o.o(.constdata)
    .constdata                               0x100055cc   Section        4  ctype_o.o(.constdata)
    table                                    0x100055cc   Data           4  ctype_o.o(.constdata)
    .conststring                             0x100055d0   Section      214  app_gap_task.o(.conststring)
    .conststring                             0x100056a8   Section      173  app_smp_task.o(.conststring)
    .conststring                             0x10005758   Section       33  qpps.o(.conststring)
    .conststring                             0x1000577c   Section      117  qpps_task.o(.conststring)
    .conststrlit                             0x100057f4   Section       21  qpps.o(.conststrlit)
    .data                                    0x1000583c   Section        4  usr_design.o(.data)
    .data                                    0x10005840   Section        2  app_task.o(.data)
    .data                                    0x10005844   Section       24  app_qpps_task.o(.data)
    val                                      0x10005848   Data          20  app_qpps_task.o(.data)
    .data                                    0x1000585c   Section       16  qpps.o(.data)
    .data                                    0x1000586c   Section       32  qpps_task.o(.data)
    .data                                    0x1000588c   Section       12  adc.o(.data)
    ADC_VCM_flag                             0x1000588c   Data           1  adc.o(.data)
    adc_offset_get_done                      0x1000588d   Data           1  adc.o(.data)
    scan_ch_num                              0x1000588e   Data           1  adc.o(.data)
    ADC_SCALE                                0x10005890   Data           2  adc.o(.data)
    ADC_VCM                                  0x10005892   Data           2  adc.o(.data)
    ADC_OFFSET                               0x10005894   Data           2  adc.o(.data)
    ADC_VREF                                 0x10005896   Data           2  adc.o(.data)
    .data                                    0x10005898   Section       12  analog.o(.data)
    acmp0_env                                0x1000589c   Data           4  analog.o(.data)
    acmp1_env                                0x100058a0   Data           4  analog.o(.data)
    .data                                    0x100058a4   Section        4  gpio.o(.data)
    gpio_env                                 0x100058a4   Data           4  gpio.o(.data)
    .data                                    0x100058a8   Section       32  sleep.o(.data)
    .data                                    0x100058c8   Section       12  syscon.o(.data)
    .data                                    0x100058d4   Section        4  wdt.o(.data)
    .data                                    0x100058d8   Section       32  timer.o(.data)
    .data                                    0x100058f8   Section        8  serialflash.o(.data)
    .data                                    0x10005900   Section        8  joysticks.o(.data)
    adc_done                                 0x10005900   Data           1  joysticks.o(.data)
    adc_key_value_avg                        0x10005902   Data           2  joysticks.o(.data)
    key_value0                               0x10005904   Data           2  joysticks.o(.data)
    .data                                    0x10005908   Section        4  retarget.o(.data)
    .data                                    0x1000590c   Section      232  lib.o(.data)
    ext_ctrl                                 0x1000590c   Data           1  lib.o(.data)
    app_flags                                0x1000590d   Data           1  lib.o(.data)
    acc                                      0x1000590e   Data           1  lib.o(.data)
    dc_dc_flag                               0x1000590f   Data           1  lib.o(.data)
    l2cm_default_handler                     0x1000591c   Data           8  lib.o(.data)
    gatt_default_handler_new                 0x10005924   Data           8  lib.o(.data)
    smpc_default_handler_new                 0x1000592c   Data           8  lib.o(.data)
    llm_default_handler_new                  0x10005934   Data           8  lib.o(.data)
    llc_default_handler_new                  0x1000593c   Data           8  lib.o(.data)
    .data                                    0x100059f4   Section        4  rand.o(.data)
    _rand_state                              0x100059f4   Data           4  rand.o(.data)
    .data                                    0x100059f8   Section        4  errno.o(.data)
    _errno                                   0x100059f8   Data           4  errno.o(.data)
    .bss                                     0x100059fc   Section     2460  app_main.o(.bss)
    ble_heap                                 0x100059fc   Data        2460  app_main.o(.bss)
    .bss                                     0x10006398   Section      248  app_env.o(.bss)
    .bss                                     0x10006490   Section       16  qpps.o(.bss)
    .bss                                     0x100064a0   Section       20  adc.o(.bss)
    adc_env                                  0x100064a0   Data          20  adc.o(.bss)
    .bss                                     0x100064b4   Section       48  uart.o(.bss)
    uart0_env                                0x100064b4   Data          24  uart.o(.bss)
    uart1_env                                0x100064cc   Data          24  uart.o(.bss)
    .bss                                     0x100064e4   Section       20  joysticks.o(.bss)
    adc_key_value                            0x100064e4   Data          20  joysticks.o(.bss)
    .bss                                     0x100064f8   Section     1488  lib.o(.bss)
    gatt_state_handler_new                   0x100064f8   Data          16  lib.o(.bss)
    atts_resource_init_state_new             0x10006508   Data          32  lib.o(.bss)
    atts_state_handler_new                   0x10006528   Data          24  lib.o(.bss)
    llm_default_state_new                    0x10006540   Data         304  lib.o(.bss)
    llc_default_state_new                    0x10006670   Data         296  lib.o(.bss)
    l2cm_default_state_new                   0x10006798   Data          72  lib.o(.bss)
    gatt_default_state_new                   0x100068e0   Data         272  lib.o(.bss)
    smpc_default_state_new                   0x100069f0   Data         200  lib.o(.bss)
    llc_stopping_new                         0x10006ab8   Data          16  lib.o(.bss)
    STACK                                    0x10006ac8   Section      512  startup.o(STACK)

    Global Symbols

    Symbol Name                              Value     Ov Type        Size  Object(Section)

    BuildAttributes$$THM_ISAv3M$S$PE$A:L22$X:L11$S22$IEEE1$IW$USESV6$~STKCKD$USESV7$~SHL$OSPACE$ROPI$EBA8$MICROLIB$REQ8$PRES8$EABIv2 0x00000000   Number         0  anon$$obj.o ABSOLUTE
    __ARM_use_no_argv                        0x00000000   Number         0  app_main.o ABSOLUTE
    __use_no_errno                           0x00000000   Number         0  useno.o ABSOLUTE
    __use_no_exception_handling              0x00000000   Number         0  useno.o ABSOLUTE
    __use_no_fp                              0x00000000   Number         0  useno.o ABSOLUTE
    __use_no_heap                            0x00000000   Number         0  useno.o ABSOLUTE
    __use_no_heap_region                     0x00000000   Number         0  useno.o ABSOLUTE
    __use_no_semihosting                     0x00000000   Number         0  useno.o ABSOLUTE
    __use_no_semihosting_swi                 0x00000000   Number         0  useno.o ABSOLUTE
    __use_no_signal_handling                 0x00000000   Number         0  useno.o ABSOLUTE
    _printf_a                                0x00000000   Number         0  stubs.o ABSOLUTE
    _printf_c                                0x00000000   Number         0  stubs.o ABSOLUTE
    _printf_charcount                        0x00000000   Number         0  stubs.o ABSOLUTE
    _printf_d                                0x00000000   Number         0  stubs.o ABSOLUTE
    _printf_e                                0x00000000   Number         0  stubs.o ABSOLUTE
    _printf_f                                0x00000000   Number         0  stubs.o ABSOLUTE
    _printf_flags                            0x00000000   Number         0  stubs.o ABSOLUTE
    _printf_fp_dec                           0x00000000   Number         0  stubs.o ABSOLUTE
    _printf_fp_hex                           0x00000000   Number         0  stubs.o ABSOLUTE
    _printf_g                                0x00000000   Number         0  stubs.o ABSOLUTE
    _printf_i                                0x00000000   Number         0  stubs.o ABSOLUTE
    _printf_int_dec                          0x00000000   Number         0  stubs.o ABSOLUTE
    _printf_l                                0x00000000   Number         0  stubs.o ABSOLUTE
    _printf_lc                               0x00000000   Number         0  stubs.o ABSOLUTE
    _printf_ll                               0x00000000   Number         0  stubs.o ABSOLUTE
    _printf_lld                              0x00000000   Number         0  stubs.o ABSOLUTE
    _printf_lli                              0x00000000   Number         0  stubs.o ABSOLUTE
    _printf_llo                              0x00000000   Number         0  stubs.o ABSOLUTE
    _printf_llu                              0x00000000   Number         0  stubs.o ABSOLUTE
    _printf_llx                              0x00000000   Number         0  stubs.o ABSOLUTE
    _printf_longlong_dec                     0x00000000   Number         0  stubs.o ABSOLUTE
    _printf_longlong_hex                     0x00000000   Number         0  stubs.o ABSOLUTE
    _printf_longlong_oct                     0x00000000   Number         0  stubs.o ABSOLUTE
    _printf_ls                               0x00000000   Number         0  stubs.o ABSOLUTE
    _printf_mbtowc                           0x00000000   Number         0  stubs.o ABSOLUTE
    _printf_n                                0x00000000   Number         0  stubs.o ABSOLUTE
    _printf_o                                0x00000000   Number         0  stubs.o ABSOLUTE
    _printf_p                                0x00000000   Number         0  stubs.o ABSOLUTE
    _printf_percent                          0x00000000   Number         0  stubs.o ABSOLUTE
    _printf_pre_padding                      0x00000000   Number         0  stubs.o ABSOLUTE
    _printf_return_value                     0x00000000   Number         0  stubs.o ABSOLUTE
    _printf_s                                0x00000000   Number         0  stubs.o ABSOLUTE
    _printf_sizespec                         0x00000000   Number         0  stubs.o ABSOLUTE
    _printf_str                              0x00000000   Number         0  stubs.o ABSOLUTE
    _printf_truncate_signed                  0x00000000   Number         0  stubs.o ABSOLUTE
    _printf_truncate_unsigned                0x00000000   Number         0  stubs.o ABSOLUTE
    _printf_u                                0x00000000   Number         0  stubs.o ABSOLUTE
    _printf_wc                               0x00000000   Number         0  stubs.o ABSOLUTE
    _printf_wctomb                           0x00000000   Number         0  stubs.o ABSOLUTE
    _printf_widthprec                        0x00000000   Number         0  stubs.o ABSOLUTE
    _printf_x                                0x00000000   Number         0  stubs.o ABSOLUTE
    __cpp_initialize__aeabi_                  - Undefined Weak Reference
    __cxa_finalize                            - Undefined Weak Reference
    _clock_init                               - Undefined Weak Reference
    _microlib_exit                            - Undefined Weak Reference
    __Vectors_Size                           0x000000c0   Number         0  startup.o ABSOLUTE
    __Vectors                                0x10000000   Data           4  startup.o(RESET)
    __Vectors_End                            0x100000c0   Data           0  startup.o(RESET)
    __main                                   0x100000c1   Thumb Code     0  entry.o(.ARM.Collect$$$$00000000)
    _main_stk                                0x100000c1   Thumb Code     0  entry2.o(.ARM.Collect$$$$00000001)
    _main_scatterload                        0x100000c5   Thumb Code     0  entry5.o(.ARM.Collect$$$$00000004)
    __main_after_scatterload                 0x100000c9   Thumb Code     0  entry5.o(.ARM.Collect$$$$00000004)
    _main_clock                              0x100000c9   Thumb Code     0  entry7b.o(.ARM.Collect$$$$00000008)
    _main_cpp_init                           0x100000c9   Thumb Code     0  entry8b.o(.ARM.Collect$$$$0000000A)
    _main_init                               0x100000c9   Thumb Code     0  entry9a.o(.ARM.Collect$$$$0000000B)
    __rt_final_cpp                           0x100000d1   Thumb Code     0  entry10a.o(.ARM.Collect$$$$0000000D)
    __rt_final_exit                          0x100000d1   Thumb Code     0  entry11a.o(.ARM.Collect$$$$0000000F)
    Reset_Handler                            0x100000d5   Thumb Code    14  startup.o(.text)
    NMI_Handler                              0x100000e3   Thumb Code     2  startup.o(.text)
    HardFault_Handler                        0x100000e5   Thumb Code     2  startup.o(.text)
    MemManage_Handler                        0x100000e7   Thumb Code     2  startup.o(.text)
    BusFault_Handler                         0x100000e9   Thumb Code     2  startup.o(.text)
    UsageFault_Handler                       0x100000eb   Thumb Code     2  startup.o(.text)
    SVC_Handler                              0x100000ed   Thumb Code     2  startup.o(.text)
    DebugMon_Handler                         0x100000ef   Thumb Code     2  startup.o(.text)
    PendSV_Handler                           0x100000f1   Thumb Code     2  startup.o(.text)
    SysTick_Handler                          0x100000f3   Thumb Code     2  startup.o(.text)
    ADC_IRQHandler                           0x100000f5   Thumb Code     0  startup.o(.text)
    CALIB_IRQHandler                         0x100000f5   Thumb Code     0  startup.o(.text)
    DMA_IRQHandler                           0x100000f5   Thumb Code     0  startup.o(.text)
    I2C_IRQHandler                           0x100000f5   Thumb Code     0  startup.o(.text)
    PWM0_IRQHandler                          0x100000f5   Thumb Code     0  startup.o(.text)
    PWM1_IRQHandler                          0x100000f5   Thumb Code     0  startup.o(.text)
    RTC_CAP_IRQHandler                       0x100000f5   Thumb Code     0  startup.o(.text)
    RTC_IRQHandler                           0x100000f5   Thumb Code     0  startup.o(.text)
    SPI0_IRQHandler                          0x100000f5   Thumb Code     0  startup.o(.text)
    SPI1_IRQHandler                          0x100000f5   Thumb Code     0  startup.o(.text)
    TUNER_RX_IRQHandler                      0x100000f5   Thumb Code     0  startup.o(.text)
    TUNER_SETTING_IRQHandler                 0x100000f5   Thumb Code     0  startup.o(.text)
    TUNER_TX_IRQHandler                      0x100000f5   Thumb Code     0  startup.o(.text)
    UART1_RX_IRQHandler                      0x100000f5   Thumb Code     0  startup.o(.text)
    UART1_TX_IRQHandler                      0x100000f5   Thumb Code     0  startup.o(.text)
    __aeabi_lmul                             0x10000105   Thumb Code   166  math.o(.text)
    __aeabi_uldivmod                         0x100001ab   Thumb Code   256  math.o(.text)
    __aeabi_uidiv                            0x100002ab   Thumb Code     0  uidiv.o(.text)
    __aeabi_uidivmod                         0x100002ab   Thumb Code    44  uidiv.o(.text)
    __aeabi_idiv                             0x100002d7   Thumb Code     0  idiv.o(.text)
    __aeabi_idivmod                          0x100002d7   Thumb Code    40  idiv.o(.text)
    __aeabi_lasr                             0x100002ff   Thumb Code    38  llsshr.o(.text)
    _ll_sshift_r                             0x100002ff   Thumb Code     0  llsshr.o(.text)
    rand                                     0x10000325   Thumb Code    18  rand.o(.text)
    srand                                    0x10000337   Thumb Code     6  rand.o(.text)
    __aeabi_memcpy                           0x10000349   Thumb Code    36  memcpya.o(.text)
    __aeabi_memcpy4                          0x10000349   Thumb Code     0  memcpya.o(.text)
    __aeabi_memcpy8                          0x10000349   Thumb Code     0  memcpya.o(.text)
    __aeabi_memset                           0x1000036d   Thumb Code    14  memseta.o(.text)
    __aeabi_memset4                          0x1000036d   Thumb Code     0  memseta.o(.text)
    __aeabi_memset8                          0x1000036d   Thumb Code     0  memseta.o(.text)
    __aeabi_memclr                           0x1000037b   Thumb Code     4  memseta.o(.text)
    __aeabi_memclr4                          0x1000037b   Thumb Code     0  memseta.o(.text)
    __aeabi_memclr8                          0x1000037b   Thumb Code     0  memseta.o(.text)
    _memset$wrapper                          0x1000037f   Thumb Code    18  memseta.o(.text)
    memcmp                                   0x10000391   Thumb Code    26  memcmp.o(.text)
    strcpy                                   0x100003ab   Thumb Code    18  strcpy.o(.text)
    atoi                                     0x100003bd   Thumb Code    26  atoi.o(.text)
    strtol                                   0x100003d9   Thumb Code   108  strtol.o(.text)
    __scatterload                            0x10000449   Thumb Code    28  init.o(.text)
    __scatterload_rt2                        0x10000449   Thumb Code     0  init.o(.text)
    __rt_ctype_table                         0x1000046d   Thumb Code     4  ctype_o.o(.text)
    _strtoul                                 0x10000475   Thumb Code   166  _strtoul.o(.text)
    _chval                                   0x1000051b   Thumb Code    30  _chval.o(.text)
    __decompress                             0x10000539   Thumb Code     0  __dczerorl2.o(.text)
    __decompress1                            0x10000539   Thumb Code    86  __dczerorl2.o(.text)
    __rd_reg                                 0x10000591   Thumb Code     6  math.o(REG_ACCESS_SECTION)
    __wr_reg                                 0x10000599   Thumb Code     6  math.o(REG_ACCESS_SECTION)
    __wr_reg_with_msk                        0x100005a1   Thumb Code    14  math.o(REG_ACCESS_SECTION)
    ACMP0_IRQHandler                         0x100005b1   Thumb Code    12  analog.o(i.ACMP0_IRQHandler)
    ACMP1_IRQHandler                         0x100005c1   Thumb Code    12  analog.o(i.ACMP1_IRQHandler)
    BLE_IRQHandler                           0x100005d1   Thumb Code   150  lib.o(i.BLE_IRQHandler)
    GPIO_IRQHandler                          0x1000067d   Thumb Code    64  gpio.o(i.GPIO_IRQHandler)
    OSC_EN_IRQHandler                        0x100006cd   Thumb Code    44  sleep.o(i.OSC_EN_IRQHandler)
    SystemInit                               0x10000709   Thumb Code   222  system.o(i.SystemInit)
    TIMER0_IRQHandler                        0x10000811   Thumb Code    70  timer.o(i.TIMER0_IRQHandler)
    TIMER1_IRQHandler                        0x10000861   Thumb Code    70  timer.o(i.TIMER1_IRQHandler)
    TIMER2_IRQHandler                        0x100008b1   Thumb Code    70  timer.o(i.TIMER2_IRQHandler)
    TIMER3_IRQHandler                        0x10000901   Thumb Code    70  timer.o(i.TIMER3_IRQHandler)
    UART0_RX_IRQHandler                      0x10000951   Thumb Code   106  uart.o(i.UART0_RX_IRQHandler)
    UART0_TX_IRQHandler                      0x100009c5   Thumb Code    66  uart.o(i.UART0_TX_IRQHandler)
    UartPutc                                 0x10000a11   Thumb Code    38  uart.o(i.UartPutc)
    WDT_IRQHandler                           0x10000a3d   Thumb Code    18  wdt.o(i.WDT_IRQHandler)
    __0printf$8                              0x10000a55   Thumb Code    24  printf8.o(i.__0printf$8)
    __1printf$8                              0x10000a55   Thumb Code     0  printf8.o(i.__0printf$8)
    __2printf                                0x10000a55   Thumb Code     0  printf8.o(i.__0printf$8)
    __ARM_common_switch8                     0x10000a75   Thumb Code    26  app_gap_task.o(i.__ARM_common_switch8)
    __aeabi_errno_addr                       0x10000b55   Thumb Code     4  errno.o(i.__aeabi_errno_addr)
    __rt_errno_addr                          0x10000b55   Thumb Code     0  errno.o(i.__aeabi_errno_addr)
    __nvds_get                               0x10000b5d   Thumb Code    46  lib.o(i.__nvds_get)
    __scatterload_copy                       0x10000c71   Thumb Code    14  handlers.o(i.__scatterload_copy)
    __scatterload_null                       0x10000c7f   Thumb Code     2  handlers.o(i.__scatterload_null)
    __scatterload_zeroinit                   0x10000c81   Thumb Code    14  handlers.o(i.__scatterload_zeroinit)
    adc_clean_fifo                           0x10001119   Thumb Code    24  adc.o(i.adc_clean_fifo)
    adc_init                                 0x10001135   Thumb Code   214  adc.o(i.adc_init)
    adc_read                                 0x10001229   Thumb Code   264  adc.o(i.adc_read)
    app_add_bonded_dev                       0x100013a5   Thumb Code    32  app_util.o(i.app_add_bonded_dev)
    app_button_timer_handler                 0x100013c9   Thumb Code   122  usr_design.o(i.app_button_timer_handler)
    app_clear_local_service_flag             0x10001471   Thumb Code    10  app_util.o(i.app_clear_local_service_flag)
    app_create_server_service_DB             0x10001481   Thumb Code    22  app_util.o(i.app_create_server_service_DB)
    app_enable_server_service                0x100014b1   Thumb Code    46  app_util.o(i.app_enable_server_service)
    app_event_adc_key_sample_cmp_handler     0x100014e5   Thumb Code   172  joysticks.o(i.app_event_adc_key_sample_cmp_handler)
    app_event_button1_press_handler          0x100015bd   Thumb Code    36  usr_design.o(i.app_event_button1_press_handler)
    app_find_bonded_dev                      0x100015f1   Thumb Code    50  app_util.o(i.app_find_bonded_dev)
    app_gap_adv_intv_update_timer_handler    0x1000162d   Thumb Code    64  usr_design.o(i.app_gap_adv_intv_update_timer_handler)
    app_gap_adv_req_cmp_evt_handler          0x10001679   Thumb Code    34  app_gap_task.o(i.app_gap_adv_req_cmp_evt_handler)
    app_gap_adv_start_req                    0x100016c1   Thumb Code   128  app_gap.o(i.app_gap_adv_start_req)
    app_gap_adv_stop_req                     0x10001749   Thumb Code    26  app_gap.o(i.app_gap_adv_stop_req)
    app_gap_bond_req_cmp_ind_handler         0x1000176d   Thumb Code   110  app_gap_task.o(i.app_gap_bond_req_cmp_ind_handler)
    app_gap_bond_req_ind_handler             0x100017e5   Thumb Code    82  app_gap_task.o(i.app_gap_bond_req_ind_handler)
    app_gap_bond_resp                        0x10001841   Thumb Code    52  app_gap.o(i.app_gap_bond_resp)
    app_gap_change_param_req_cmp_handler     0x1000187d   Thumb Code    44  app_gap_task.o(i.app_gap_change_param_req_cmp_handler)
    app_gap_discon_cmp_evt_handler           0x100018c9   Thumb Code   126  app_gap_task.o(i.app_gap_discon_cmp_evt_handler)
    app_gap_le_create_conn_req_cmp_evt_handler 0x100019a9   Thumb Code   100  app_gap_task.o(i.app_gap_le_create_conn_req_cmp_evt_handler)
    app_gap_param_update_req                 0x10001a4d   Thumb Code    42  app_gap.o(i.app_gap_param_update_req)
    app_gap_param_update_resp_handler        0x10001a81   Thumb Code    46  app_gap_task.o(i.app_gap_param_update_resp_handler)
    app_gap_read_bdaddr_req                  0x10001ad9   Thumb Code    10  app_gap.o(i.app_gap_read_bdaddr_req)
    app_gap_read_bdaddr_req_cmp_evt_handler  0x10001aed   Thumb Code    48  app_gap_task.o(i.app_gap_read_bdaddr_req_cmp_evt_handler)
    app_gap_read_ver_req                     0x10001b41   Thumb Code    10  app_gap.o(i.app_gap_read_ver_req)
    app_gap_read_ver_req_cmp_evt_handler     0x10001b55   Thumb Code    32  app_gap_task.o(i.app_gap_read_ver_req_cmp_evt_handler)
    app_gap_ready_evt_handler                0x10001b79   Thumb Code    24  app_gap_task.o(i.app_gap_ready_evt_handler)
    app_gap_reset_req_cmp_handler            0x10001b91   Thumb Code    10  app_gap_task.o(i.app_gap_reset_req_cmp_handler)
    app_gap_set_bondable_mode_req            0x10001b9d   Thumb Code    26  app_gap.o(i.app_gap_set_bondable_mode_req)
    app_gap_set_devname_req                  0x10001bc1   Thumb Code    42  app_gap.o(i.app_gap_set_devname_req)
    app_gap_set_devname_req_cmp_evt_handler  0x10001bf5   Thumb Code    24  app_gap_task.o(i.app_gap_set_devname_req_cmp_evt_handler)
    app_gap_set_mode_req_cmp_evt_handler     0x10001c29   Thumb Code   114  app_gap_task.o(i.app_gap_set_mode_req_cmp_evt_handler)
    app_gap_set_privacy_req_cmp_handler      0x10001cf9   Thumb Code    22  app_gap_task.o(i.app_gap_set_privacy_req_cmp_handler)
    app_gap_set_random_add_req_cmp_handler   0x10001d41   Thumb Code    18  app_gap_task.o(i.app_gap_set_random_add_req_cmp_handler)
    app_gap_set_sec_req                      0x10001d71   Thumb Code    30  app_gap.o(i.app_gap_set_sec_req)
    app_gap_set_sec_req_cmp_evt_handler      0x10001d99   Thumb Code    32  app_gap_task.o(i.app_gap_set_sec_req_cmp_evt_handler)
    app_gatt_resource_access_req_handler     0x10001dbd   Thumb Code    30  app_gap_task.o(i.app_gatt_resource_access_req_handler)
    app_get_bd_addr_by_conhdl                0x10001de5   Thumb Code    60  app_util.o(i.app_get_bd_addr_by_conhdl)
    app_get_bond_nb                          0x10001e25   Thumb Code     6  app_util.o(i.app_get_bond_nb)
    app_get_bond_status                      0x10001e31   Thumb Code    30  app_util.o(i.app_get_bond_status)
    app_get_conhdl_by_idx                    0x10001e55   Thumb Code    30  app_util.o(i.app_get_conhdl_by_idx)
    app_get_link_status_by_idx               0x10001e7d   Thumb Code    24  app_util.o(i.app_get_link_status_by_idx)
    app_get_lk_sec_status                    0x10001e99   Thumb Code    32  app_util.o(i.app_get_lk_sec_status)
    app_get_local_service_flag               0x10001ebd   Thumb Code     6  app_util.o(i.app_get_local_service_flag)
    app_get_role                             0x10001ec5   Thumb Code     6  app_util.o(i.app_get_role)
    app_i_to_array                           0x10001ed1   Thumb Code    38  app_util.o(i.app_i_to_array)
    app_init                                 0x10001ef9   Thumb Code    86  app_env.o(i.app_init)
    app_init_local_smp_key                   0x10001f5d   Thumb Code    22  app_util.o(i.app_init_local_smp_key)
    app_key_process_timer_handler            0x10001f79   Thumb Code   198  joysticks.o(i.app_key_process_timer_handler)
    app_key_scan_timer_handler               0x100020a1   Thumb Code    54  joysticks.o(i.app_key_scan_timer_handler)
    app_led_timer_handler                    0x100020e5   Thumb Code    56  usr_design.o(i.app_led_timer_handler)
    app_qpps_cfg_indntf_ind_handler          0x10002129   Thumb Code   148  app_qpps_task.o(i.app_qpps_cfg_indntf_ind_handler)
    app_qpps_create_db                       0x1000225d   Thumb Code    26  app_qpps.o(i.app_qpps_create_db)
    app_qpps_create_db_cfm_handler           0x10002281   Thumb Code    20  app_qpps_task.o(i.app_qpps_create_db_cfm_handler)
    app_qpps_data_ind_handler                0x10002295   Thumb Code    64  app_qpps_task.o(i.app_qpps_data_ind_handler)
    app_qpps_data_send                       0x10002305   Thumb Code    52  app_qpps.o(i.app_qpps_data_send)
    app_qpps_data_send_cfm_handler           0x10002341   Thumb Code    82  app_qpps_task.o(i.app_qpps_data_send_cfm_handler)
    app_qpps_disable_ind_handler             0x100023dd   Thumb Code    22  app_qpps_task.o(i.app_qpps_disable_ind_handler)
    app_qpps_enable_req                      0x100023f9   Thumb Code    42  app_qpps.o(i.app_qpps_enable_req)
    app_qpps_error_ind_handler               0x10002429   Thumb Code    12  app_qpps_task.o(i.app_qpps_error_ind_handler)
    app_set_adv_data                         0x10002451   Thumb Code    90  app_util.o(i.app_set_adv_data)
    app_set_link_status_by_conhdl            0x100024bd   Thumb Code    90  app_util.o(i.app_set_link_status_by_conhdl)
    app_set_role                             0x1000251d   Thumb Code     6  app_util.o(i.app_set_role)
    app_set_scan_rsp_data                    0x10002529   Thumb Code   102  app_util.o(i.app_set_scan_rsp_data)
    app_smpc_chk_bd_addr_req_ind_handler     0x100026e1   Thumb Code    66  app_smp_task.o(i.app_smpc_chk_bd_addr_req_ind_handler)
    app_smpc_chk_bd_addr_req_rsp             0x10002729   Thumb Code    56  app_smp.o(i.app_smpc_chk_bd_addr_req_rsp)
    app_smpc_irk_req_ind_handler             0x10002769   Thumb Code   138  app_smp_task.o(i.app_smpc_irk_req_ind_handler)
    app_smpc_irk_req_rsp                     0x10002821   Thumb Code    66  app_smp.o(i.app_smpc_irk_req_rsp)
    app_smpc_key_ind_handler                 0x1000286d   Thumb Code   136  app_smp_task.o(i.app_smpc_key_ind_handler)
    app_smpc_ltk_req_ind_handler             0x10002919   Thumb Code   172  app_smp_task.o(i.app_smpc_ltk_req_ind_handler)
    app_smpc_ltk_req_rsp                     0x100029fd   Thumb Code    74  app_smp.o(i.app_smpc_ltk_req_rsp)
    app_smpc_sec_started_ind_handler         0x10002a51   Thumb Code    38  app_smp_task.o(i.app_smpc_sec_started_ind_handler)
    app_smpc_timeout_evt_handler             0x10002a7d   Thumb Code    36  app_smp_task.o(i.app_smpc_timeout_evt_handler)
    app_smpc_tk_req_ind_handler              0x10002ac1   Thumb Code    76  app_smp_task.o(i.app_smpc_tk_req_ind_handler)
    app_smpc_tk_req_rsp                      0x10002b45   Thumb Code    50  app_smp.o(i.app_smpc_tk_req_rsp)
    app_smpm_set_key_cfm_handler             0x10002b81   Thumb Code    32  app_smp_task.o(i.app_smpm_set_key_cfm_handler)
    app_smpm_set_key_req                     0x10002ba5   Thumb Code    42  app_smp.o(i.app_smpm_set_key_req)
    app_task_msg_hdl                         0x10002bd9   Thumb Code   206  usr_design.o(i.app_task_msg_hdl)
    app_uart_init                            0x10002d45   Thumb Code     2  app_sys.o(i.app_uart_init)
    assert_err                               0x10002d49   Thumb Code    20  app_main.o(i.assert_err)
    atts_svc_create_db_ext                   0x10002dcd   Thumb Code   316  lib.o(i.atts_svc_create_db_ext)
    ble_ext_wakeup_allow                     0x10002f19   Thumb Code    38  lib.o(i.ble_ext_wakeup_allow)
    ble_hw_sleep                             0x10002f45   Thumb Code    22  lib.o(i.ble_hw_sleep)
    ble_init                                 0x10002f5d   Thumb Code   368  lib.o(i.ble_init)
    ble_sleep                                0x10003135   Thumb Code    54  lib.o(i.ble_sleep)
    ble_timer_patch                          0x10003171   Thumb Code    48  lib.o(i.ble_timer_patch)
    button_init                              0x100031a9   Thumb Code    34  button.o(i.button_init)
    check_ble_wakeup                         0x100031dd   Thumb Code    14  lib.o(i.check_ble_wakeup)
    co_buf_rx_get                            0x100031f1   Thumb Code    10  lib.o(i.co_buf_rx_get)
    config_work_mode                         0x10003201   Thumb Code    74  lib.o(i.config_work_mode)
    dc_dc_enable                             0x10003265   Thumb Code    54  lib.o(i.dc_dc_enable)
    enter_sleep                              0x1000330d   Thumb Code   410  sleep.o(i.enter_sleep)
    foo1                                     0x100034cd   Thumb Code     2  lib.o(i.foo1)
    fputc                                    0x100034cf   Thumb Code    10  retarget.o(i.fputc)
    fw_ble_sleep                             0x100034d9   Thumb Code   134  lib.o(i.fw_ble_sleep)
    gpio_enable_interrupt                    0x100038e9   Thumb Code     8  gpio.o(i.gpio_enable_interrupt)
    gpio_init                                0x100038f1   Thumb Code    24  gpio.o(i.gpio_init)
    gpio_interrupt_callback                  0x10003915   Thumb Code    16  usr_design.o(i.gpio_interrupt_callback)
    gpio_read_pin                            0x10003925   Thumb Code    20  gpio.o(i.gpio_read_pin)
    gpio_read_pin_field                      0x10003939   Thumb Code    12  gpio.o(i.gpio_read_pin_field)
    gpio_set_direction                       0x10003945   Thumb Code    16  gpio.o(i.gpio_set_direction)
    gpio_set_direction_field                 0x10003955   Thumb Code    14  gpio.o(i.gpio_set_direction_field)
    gpio_sleep_allowed                       0x10003965   Thumb Code    32  gpio.o(i.gpio_sleep_allowed)
    gpio_wakeup_config                       0x10003989   Thumb Code    92  gpio.o(i.gpio_wakeup_config)
    gpio_write_pin                           0x100039e9   Thumb Code    28  gpio.o(i.gpio_write_pin)
    is_flash_present                         0x10003a4d   Thumb Code    26  serialflash.o(i.is_flash_present)
    ke_schedule                              0x10003a6d   Thumb Code    20  lib.o(i.ke_schedule)
    ke_time                                  0x10003a89   Thumb Code    34  lib.o(i.ke_time)
    ke_timer_empty                           0x10003ab1   Thumb Code    18  lib.o(i.ke_timer_empty)
    led_get                                  0x10003b75   Thumb Code    44  led.o(i.led_get)
    led_init                                 0x10003ba1   Thumb Code    56  led.o(i.led_init)
    led_set                                  0x10003bdd   Thumb Code    38  led.o(i.led_set)
    lld_sleep_init_new                       0x10003c05   Thumb Code    16  lib.o(i.lld_sleep_init_new)
    main                                     0x10003de9   Thumb Code   194  app_main.o(i.main)
    plf_init                                 0x1000409d   Thumb Code   610  lib.o(i.plf_init)
    power_off_flash                          0x100043c1   Thumb Code    34  serialflash.o(i.power_off_flash)
    power_on_flash                           0x100043e9   Thumb Code    60  serialflash.o(i.power_on_flash)
    prf_dispatch_disconnect                  0x100045ad   Thumb Code    32  prf_utils.o(i.prf_dispatch_disconnect)
    prf_init                                 0x100045d5   Thumb Code     8  prf_utils.o(i.prf_init)
    qpps_disable                             0x100047e5   Thumb Code    50  qpps.o(i.qpps_disable)
    qpps_error_ind_send                      0x100048c1   Thumb Code    32  qpps.o(i.qpps_error_ind_send)
    qpps_init                                0x100048ed   Thumb Code    28  qpps.o(i.qpps_init)
    qpps_set_service_uuid                    0x10004911   Thumb Code    14  qpps.o(i.qpps_set_service_uuid)
    read_flash_id                            0x10004925   Thumb Code    10  serialflash.o(i.read_flash_id)
    restore_ble_setting                      0x10004935   Thumb Code    64  lib.o(i.restore_ble_setting)
    rwble_slot_2_lpcycles                    0x10004985   Thumb Code    32  lib.o(i.rwble_slot_2_lpcycles)
    set_dbg_info                             0x100049d9   Thumb Code    10  lib.o(i.set_dbg_info)
    sleep_cb                                 0x100049e9   Thumb Code    20  sleep.o(i.sleep_cb)
    sleep_init                               0x10004a01   Thumb Code    34  sleep.o(i.sleep_init)
    sleep_post_process                       0x10004a35   Thumb Code   104  lib.o(i.sleep_post_process)
    syscon_set_ahb_clk                       0x10004b5d   Thumb Code    48  syscon.o(i.syscon_set_ahb_clk)
    syscon_set_apb_clk                       0x10004b95   Thumb Code    46  syscon.o(i.syscon_set_apb_clk)
    syscon_set_ble_clk                       0x10004bc9   Thumb Code    56  syscon.o(i.syscon_set_ble_clk)
    syscon_set_sysclk_src                    0x10004c09   Thumb Code   154  syscon.o(i.syscon_set_sysclk_src)
    syscon_set_timer_clk                     0x10004cc5   Thumb Code    38  syscon.o(i.syscon_set_timer_clk)
    syscon_set_usart_clk                     0x10004cf1   Thumb Code    92  syscon.o(i.syscon_set_usart_clk)
    task_app_desc_register                   0x10004d61   Thumb Code    44  app_task.o(i.task_app_desc_register)
    task_qpps_desc_register                  0x10004e5d   Thumb Code    44  qpps_task.o(i.task_qpps_desc_register)
    uart_check_tx_free                       0x10004ea9   Thumb Code    48  uart.o(i.uart_check_tx_free)
    uart_init                                0x10004ee5   Thumb Code   124  uart.o(i.uart_init)
    usr_button1_cb                           0x10004fe5   Thumb Code    40  usr_design.o(i.usr_button1_cb)
    usr_init                                 0x1000501d   Thumb Code    50  usr_design.o(i.usr_init)
    usr_sleep                                0x100050c9   Thumb Code   120  sleep.o(i.usr_sleep)
    usr_sleep_restore                        0x10005149   Thumb Code    42  usr_design.o(i.usr_sleep_restore)
    wakeup_32k_xtal_start_timer              0x1000517d   Thumb Code    10  sleep.o(i.wakeup_32k_xtal_start_timer)
    wakeup_32k_xtal_switch_clk               0x10005191   Thumb Code    76  sleep.o(i.wakeup_32k_xtal_switch_clk)
    wakeup_by_sleep_timer                    0x100051e5   Thumb Code    92  sleep.o(i.wakeup_by_sleep_timer)
    wdt_irq_clear                            0x1000524d   Thumb Code    32  wdt.o(i.wdt_irq_clear)
    app_default_state                        0x10005284   Data         312  app_task.o(.constdata)
    app_default_handler                      0x100053bc   Data           8  app_task.o(.constdata)
    app_state_handler                        0x100053c4   Data          40  app_task.o(.constdata)
    qpps_att_db                              0x100053ec   Data         140  qpps.o(.constdata)
    qpps_value_char                          0x10005478   Data          19  qpps.o(.constdata)
    qpps_char_rx_data                        0x1000548b   Data          19  qpps.o(.constdata)
    qpps_disabled                            0x100054a0   Data           8  qpps_task.o(.constdata)
    qpps_idle                                0x100054a8   Data           8  qpps_task.o(.constdata)
    qpps_connected                           0x100054b0   Data          24  qpps_task.o(.constdata)
    qpps_default_state                       0x100054c8   Data           8  qpps_task.o(.constdata)
    qpps_default_handler                     0x100054d0   Data           8  qpps_task.o(.constdata)
    qpps_state_handler                       0x100054d8   Data          24  qpps_task.o(.constdata)
    uart_divider                             0x10005503   Data          51  uart.o(.constdata)
    __ctype_table                            0x10005548   Data         129  ctype_o.o(.constdata)
    Region$$Table$$Base                      0x1000580c   Number         0  anon$$obj.o(Region$$Table)
    Region$$Table$$Limit                     0x1000583c   Number         0  anon$$obj.o(Region$$Table)
    usr_env                                  0x1000583c   Data           4  usr_design.o(.data)
    app_state                                0x10005840   Data           2  app_task.o(.data)
    app_qpps_env                             0x10005844   Data           4  app_qpps_task.o(.data)
    qpps_svc                                 0x1000585c   Data          16  qpps.o(.data)
    qpps_state                               0x1000586c   Data           2  qpps_task.o(.data)
    qpp_uuid_list                            0x10005870   Data          28  qpps_task.o(.data)
    TEMP_OFFSET                              0x10005898   Data           2  analog.o(.data)
    low_power_mode_en                        0x100058a8   Data           1  sleep.o(.data)
    ahb_clock_flag                           0x100058ac   Data           4  sleep.o(.data)
    PGCR1_restore                            0x100058b0   Data           4  sleep.o(.data)
    sleep_env                                0x100058b4   Data          20  sleep.o(.data)
    g_SystemClock                            0x100058c8   Data           4  syscon.o(.data)
    g_AhbClock                               0x100058cc   Data           4  syscon.o(.data)
    g_ApbClock                               0x100058d0   Data           4  syscon.o(.data)
    reset_test                               0x100058d4   Data           4  wdt.o(.data)
    timer0_env                               0x100058d8   Data           8  timer.o(.data)
    timer1_env                               0x100058e0   Data           8  timer.o(.data)
    timer2_env                               0x100058e8   Data           8  timer.o(.data)
    timer3_env                               0x100058f0   Data           8  timer.o(.data)
    g_flash_cmd                              0x100058f8   Data           8  serialflash.o(.data)
    usr_button_env                           0x10005906   Data           2  joysticks.o(.data)
    __stdout                                 0x10005908   Data           4  retarget.o(.data)
    ke_evt_hdlr                              0x10005910   Data           4  lib.o(.data)
    ke_env                                   0x10005914   Data           4  lib.o(.data)
    rwble_env                                0x10005918   Data           4  lib.o(.data)
    llc_state_handler_new                    0x10005944   Data         176  lib.o(.data)
    app_env                                  0x10006398   Data         248  app_env.o(.bss)
    qpps_env                                 0x10006490   Data          16  qpps.o(.bss)
    gatt_idle_new                            0x100067e0   Data         256  lib.o(.bss)
    __initial_sp                             0x10006cc8   Data           0  startup.o(STACK)



==============================================================================

Memory Map of the image

  Image Entry point : 0x100000c1

  Load Region LR_ROM1 (Base: 0x10000000, Size: 0x000059fc, Max: 0x0000cdb0, ABSOLUTE, COMPRESSED[0x000058d4])

    Execution Region APP_CODE (Base: 0x10000000, Size: 0x00006cc8, Max: 0x0000cdb0, ABSOLUTE, COMPRESSED[0x00000098])

    Base Addr    Size         Type   Attr      Idx    E Section Name        Object

    0x10000000   0x000000c0   Data   RO            3    RESET               startup.o
    0x100000c0   0x00000000   Code   RO         2654  * .ARM.Collect$$$$00000000  mc_p.l(entry.o)
    0x100000c0   0x00000004   Code   RO         2939    .ARM.Collect$$$$00000001  mc_p.l(entry2.o)
    0x100000c4   0x00000004   Code   RO         2942    .ARM.Collect$$$$00000004  mc_p.l(entry5.o)
    0x100000c8   0x00000000   Code   RO         2944    .ARM.Collect$$$$00000008  mc_p.l(entry7b.o)
    0x100000c8   0x00000000   Code   RO         2946    .ARM.Collect$$$$0000000A  mc_p.l(entry8b.o)
    0x100000c8   0x00000008   Code   RO         2947    .ARM.Collect$$$$0000000B  mc_p.l(entry9a.o)
    0x100000d0   0x00000000   Code   RO         2949    .ARM.Collect$$$$0000000D  mc_p.l(entry10a.o)
    0x100000d0   0x00000000   Code   RO         2951    .ARM.Collect$$$$0000000F  mc_p.l(entry11a.o)
    0x100000d0   0x00000004   Code   RO         2940    .ARM.Collect$$$$00002712  mc_p.l(entry2.o)
    0x100000d4   0x00000030   Code   RO            4    .text               startup.o
    0x10000104   0x000001a6   Code   RO         2642    .text               qn9020b2_lib_peripheral.lib(math.o)
    0x100002aa   0x0000002c   Code   RO         2657    .text               mc_p.l(uidiv.o)
    0x100002d6   0x00000028   Code   RO         2659    .text               mc_p.l(idiv.o)
    0x100002fe   0x00000026   Code   RO         2661    .text               mc_p.l(llsshr.o)
    0x10000324   0x00000024   Code   RO         2663    .text               mc_p.l(rand.o)
    0x10000348   0x00000024   Code   RO         2666    .text               mc_p.l(memcpya.o)
    0x1000036c   0x00000024   Code   RO         2668    .text               mc_p.l(memseta.o)
    0x10000390   0x0000001a   Code   RO         2670    .text               mc_p.l(memcmp.o)
    0x100003aa   0x00000012   Code   RO         2672    .text               mc_p.l(strcpy.o)
    0x100003bc   0x0000001a   Code   RO         2937    .text               mc_p.l(atoi.o)
    0x100003d6   0x00000002   PAD
    0x100003d8   0x00000070   Code   RO         2960    .text               mc_p.l(strtol.o)
    0x10000448   0x00000024   Code   RO         2973    .text               mc_p.l(init.o)
    0x1000046c   0x00000008   Code   RO         2979    .text               mc_p.l(ctype_o.o)
    0x10000474   0x000000a6   Code   RO         3007    .text               mc_p.l(_strtoul.o)
    0x1000051a   0x0000001e   Code   RO         3013    .text               mc_p.l(_chval.o)
    0x10000538   0x00000056   Code   RO         3023    .text               mc_p.l(__dczerorl2.o)
    0x1000058e   0x00000002   PAD
    0x10000590   0x0000001e   Code   RO         2641    REG_ACCESS_SECTION  qn9020b2_lib_peripheral.lib(math.o)
    0x100005ae   0x00000002   PAD
    0x100005b0   0x00000010   Code   RO         1534    i.ACMP0_IRQHandler  analog.o
    0x100005c0   0x00000010   Code   RO         1535    i.ACMP1_IRQHandler  analog.o
    0x100005d0   0x000000ac   Code   RO         2508    i.BLE_IRQHandler    qn9020b2_lib_peripheral.lib(lib.o)
    0x1000067c   0x00000050   Code   RO         1752    i.GPIO_IRQHandler   gpio.o
    0x100006cc   0x0000003c   Code   RO         1868    i.OSC_EN_IRQHandler  sleep.o
    0x10000708   0x00000108   Code   RO          280    i.SystemInit        system.o
    0x10000810   0x00000050   Code   RO         2126    i.TIMER0_IRQHandler  timer.o
    0x10000860   0x00000050   Code   RO         2127    i.TIMER1_IRQHandler  timer.o
    0x100008b0   0x00000050   Code   RO         2128    i.TIMER2_IRQHandler  timer.o
    0x10000900   0x00000050   Code   RO         2129    i.TIMER3_IRQHandler  timer.o
    0x10000950   0x00000074   Code   RO         1618    i.UART0_RX_IRQHandler  uart.o
    0x100009c4   0x0000004c   Code   RO         1619    i.UART0_TX_IRQHandler  uart.o
    0x10000a10   0x0000002c   Code   RO         1621    i.UartPutc          uart.o
    0x10000a3c   0x00000018   Code   RO         2073    i.WDT_IRQHandler    wdt.o
    0x10000a54   0x00000020   Code   RO         2883    i.__0printf$8       mc_p.l(printf8.o)
    0x10000a74   0x0000001a   Code   RO          950    i.__ARM_common_switch8  app_gap_task.o
    0x10000a8e   0x00000002   PAD
    0x10000a90   0x000000c4   Code   RO         1439    i.__adc_calibrate   adc.o
    0x10000b54   0x00000008   Code   RO         2953    i.__aeabi_errno_addr  mc_p.l(errno.o)
    0x10000b5c   0x00000034   Code   RO         2510    i.__nvds_get        qn9020b2_lib_peripheral.lib(lib.o)
    0x10000b90   0x000000e0   Code   RO         2513    i.__nvds_wrtie      qn9020b2_lib_peripheral.lib(lib.o)
    0x10000c70   0x0000000e   Code   RO         3017    i.__scatterload_copy  mc_p.l(handlers.o)
    0x10000c7e   0x00000002   Code   RO         3018    i.__scatterload_null  mc_p.l(handlers.o)
    0x10000c80   0x0000000e   Code   RO         3019    i.__scatterload_zeroinit  mc_p.l(handlers.o)
    0x10000c8e   0x00000002   PAD
    0x10000c90   0x00000428   Code   RO         2890    i._printf_core      mc_p.l(printf8.o)
    0x100010b8   0x00000020   Code   RO         2891    i._printf_post_padding  mc_p.l(printf8.o)
    0x100010d8   0x0000002c   Code   RO         2892    i._printf_pre_padding  mc_p.l(printf8.o)
    0x10001104   0x00000008   Code   RO         1440    i.adc_adc_SetADC0WithMask  adc.o
    0x1000110c   0x0000000a   Code   RO         1441    i.adc_adc_SetADC1WithMask  adc.o
    0x10001116   0x00000002   PAD
    0x10001118   0x0000001c   Code   RO         1444    i.adc_clean_fifo    adc.o
    0x10001134   0x000000e8   Code   RO         1447    i.adc_init          adc.o
    0x1000121c   0x0000000c   Code   RO         1448    i.adc_offset_get_cb  adc.o
    0x10001228   0x00000120   Code   RO         1449    i.adc_read          adc.o
    0x10001348   0x00000014   Code   RO         2401    i.adc_test_cb       joysticks.o
    0x1000135c   0x00000048   Code   RO          681    i.app_32k_xtal_wakeup_timer  app_task.o
    0x100013a4   0x00000024   Code   RO          424    i.app_add_bonded_dev  app_util.o
    0x100013c8   0x000000a8   Code   RO          338    i.app_button_timer_handler  usr_design.o
    0x10001470   0x00000010   Code   RO          426    i.app_clear_local_service_flag  app_util.o
    0x10001480   0x00000030   Code   RO          427    i.app_create_server_service_DB  app_util.o
    0x100014b0   0x00000034   Code   RO          428    i.app_enable_server_service  app_util.o
    0x100014e4   0x000000d8   Code   RO         2402    i.app_event_adc_key_sample_cmp_handler  joysticks.o
    0x100015bc   0x00000034   Code   RO          339    i.app_event_button1_press_handler  usr_design.o
    0x100015f0   0x0000003c   Code   RO          429    i.app_find_bonded_dev  app_util.o
    0x1000162c   0x0000004c   Code   RO          340    i.app_gap_adv_intv_update_timer_handler  usr_design.o
    0x10001678   0x00000048   Code   RO          829    i.app_gap_adv_req_cmp_evt_handler  app_gap_task.o
    0x100016c0   0x00000088   Code   RO          717    i.app_gap_adv_start_req  app_gap.o
    0x10001748   0x00000024   Code   RO          718    i.app_gap_adv_stop_req  app_gap.o
    0x1000176c   0x00000078   Code   RO          830    i.app_gap_bond_req_cmp_ind_handler  app_gap_task.o
    0x100017e4   0x0000005c   Code   RO          831    i.app_gap_bond_req_ind_handler  app_gap_task.o
    0x10001840   0x0000003c   Code   RO          720    i.app_gap_bond_resp  app_gap.o
    0x1000187c   0x0000004c   Code   RO          832    i.app_gap_change_param_req_cmp_handler  app_gap_task.o
    0x100018c8   0x000000e0   Code   RO          833    i.app_gap_discon_cmp_evt_handler  app_gap_task.o
    0x100019a8   0x000000a4   Code   RO          834    i.app_gap_le_create_conn_req_cmp_evt_handler  app_gap_task.o
    0x10001a4c   0x00000034   Code   RO          722    i.app_gap_param_update_req  app_gap.o
    0x10001a80   0x00000058   Code   RO          835    i.app_gap_param_update_resp_handler  app_gap_task.o
    0x10001ad8   0x00000014   Code   RO          723    i.app_gap_read_bdaddr_req  app_gap.o
    0x10001aec   0x00000054   Code   RO          836    i.app_gap_read_bdaddr_req_cmp_evt_handler  app_gap_task.o
    0x10001b40   0x00000014   Code   RO          724    i.app_gap_read_ver_req  app_gap.o
    0x10001b54   0x00000024   Code   RO          837    i.app_gap_read_ver_req_cmp_evt_handler  app_gap_task.o
    0x10001b78   0x00000018   Code   RO          838    i.app_gap_ready_evt_handler  app_gap_task.o
    0x10001b90   0x0000000a   Code   RO          839    i.app_gap_reset_req_cmp_handler  app_gap_task.o
    0x10001b9a   0x00000002   PAD
    0x10001b9c   0x00000024   Code   RO          727    i.app_gap_set_bondable_mode_req  app_gap.o
    0x10001bc0   0x00000034   Code   RO          728    i.app_gap_set_devname_req  app_gap.o
    0x10001bf4   0x00000034   Code   RO          840    i.app_gap_set_devname_req_cmp_evt_handler  app_gap_task.o
    0x10001c28   0x000000d0   Code   RO          841    i.app_gap_set_mode_req_cmp_evt_handler  app_gap_task.o
    0x10001cf8   0x00000048   Code   RO          842    i.app_gap_set_privacy_req_cmp_handler  app_gap_task.o
    0x10001d40   0x00000030   Code   RO          843    i.app_gap_set_random_add_req_cmp_handler  app_gap_task.o
    0x10001d70   0x00000028   Code   RO          731    i.app_gap_set_sec_req  app_gap.o
    0x10001d98   0x00000024   Code   RO          844    i.app_gap_set_sec_req_cmp_evt_handler  app_gap_task.o
    0x10001dbc   0x00000028   Code   RO          845    i.app_gatt_resource_access_req_handler  app_gap_task.o
    0x10001de4   0x00000040   Code   RO          430    i.app_get_bd_addr_by_conhdl  app_util.o
    0x10001e24   0x0000000c   Code   RO          432    i.app_get_bond_nb   app_util.o
    0x10001e30   0x00000024   Code   RO          433    i.app_get_bond_status  app_util.o
    0x10001e54   0x00000028   Code   RO          435    i.app_get_conhdl_by_idx  app_util.o
    0x10001e7c   0x0000001c   Code   RO          436    i.app_get_link_status_by_idx  app_util.o
    0x10001e98   0x00000024   Code   RO          437    i.app_get_lk_sec_status  app_util.o
    0x10001ebc   0x00000006   Code   RO          438    i.app_get_local_service_flag  app_util.o
    0x10001ec2   0x00000002   PAD
    0x10001ec4   0x0000000c   Code   RO          440    i.app_get_role      app_util.o
    0x10001ed0   0x00000026   Code   RO          441    i.app_i_to_array    app_util.o
    0x10001ef6   0x00000002   PAD
    0x10001ef8   0x00000064   Code   RO          579    i.app_init          app_env.o
    0x10001f5c   0x0000001c   Code   RO          442    i.app_init_local_smp_key  app_util.o
    0x10001f78   0x00000128   Code   RO         2403    i.app_key_process_timer_handler  joysticks.o
    0x100020a0   0x00000044   Code   RO         2404    i.app_key_scan_timer_handler  joysticks.o
    0x100020e4   0x00000044   Code   RO          341    i.app_led_timer_handler  usr_design.o
    0x10002128   0x00000134   Code   RO         1159    i.app_qpps_cfg_indntf_ind_handler  app_qpps_task.o
    0x1000225c   0x00000024   Code   RO         1127    i.app_qpps_create_db  app_qpps.o
    0x10002280   0x00000014   Code   RO         1160    i.app_qpps_create_db_cfm_handler  app_qpps_task.o
    0x10002294   0x00000070   Code   RO         1161    i.app_qpps_data_ind_handler  app_qpps_task.o
    0x10002304   0x0000003c   Code   RO         1128    i.app_qpps_data_send  app_qpps.o
    0x10002340   0x0000009c   Code   RO         1162    i.app_qpps_data_send_cfm_handler  app_qpps_task.o
    0x100023dc   0x0000001c   Code   RO         1163    i.app_qpps_disable_ind_handler  app_qpps_task.o
    0x100023f8   0x00000030   Code   RO         1129    i.app_qpps_enable_req  app_qpps.o
    0x10002428   0x00000028   Code   RO         1164    i.app_qpps_error_ind_handler  app_qpps_task.o
    0x10002450   0x0000006c   Code   RO          443    i.app_set_adv_data  app_util.o
    0x100024bc   0x00000060   Code   RO          444    i.app_set_link_status_by_conhdl  app_util.o
    0x1000251c   0x0000000c   Code   RO          445    i.app_set_role      app_util.o
    0x10002528   0x00000080   Code   RO          446    i.app_set_scan_rsp_data  app_util.o
    0x100025a8   0x00000138   Code   RO          580    i.app_smp_init      app_env.o
    0x100026e0   0x00000048   Code   RO         1036    i.app_smpc_chk_bd_addr_req_ind_handler  app_smp_task.o
    0x10002728   0x00000040   Code   RO          986    i.app_smpc_chk_bd_addr_req_rsp  app_smp.o
    0x10002768   0x000000b8   Code   RO         1037    i.app_smpc_irk_req_ind_handler  app_smp_task.o
    0x10002820   0x0000004c   Code   RO          987    i.app_smpc_irk_req_rsp  app_smp.o
    0x1000286c   0x000000ac   Code   RO         1038    i.app_smpc_key_ind_handler  app_smp_task.o
    0x10002918   0x000000e4   Code   RO         1039    i.app_smpc_ltk_req_ind_handler  app_smp_task.o
    0x100029fc   0x00000054   Code   RO          988    i.app_smpc_ltk_req_rsp  app_smp.o
    0x10002a50   0x0000002c   Code   RO         1040    i.app_smpc_sec_started_ind_handler  app_smp_task.o
    0x10002a7c   0x00000044   Code   RO         1041    i.app_smpc_timeout_evt_handler  app_smp_task.o
    0x10002ac0   0x00000084   Code   RO         1042    i.app_smpc_tk_req_ind_handler  app_smp_task.o
    0x10002b44   0x0000003c   Code   RO          990    i.app_smpc_tk_req_rsp  app_smp.o
    0x10002b80   0x00000024   Code   RO         1043    i.app_smpm_set_key_cfm_handler  app_smp_task.o
    0x10002ba4   0x00000034   Code   RO          991    i.app_smpm_set_key_req  app_smp.o
    0x10002bd8   0x000000f0   Code   RO          342    i.app_task_msg_hdl  usr_design.o
    0x10002cc8   0x0000007c   Code   RO         1165    i.app_test_send_data  app_qpps_task.o
    0x10002d44   0x00000002   Code   RO          661    i.app_uart_init     app_sys.o
    0x10002d46   0x00000002   PAD
    0x10002d48   0x00000038   Code   RO           12    i.assert_err        app_main.o
    0x10002d80   0x0000004c   Code   RO         2514    i.atts_req_error_ind_handler_patch  qn9020b2_lib_peripheral.lib(lib.o)
    0x10002dcc   0x0000014c   Code   RO         2515    i.atts_svc_create_db_ext  qn9020b2_lib_peripheral.lib(lib.o)
    0x10002f18   0x0000002c   Code   RO         2516    i.ble_ext_wakeup_allow  qn9020b2_lib_peripheral.lib(lib.o)
    0x10002f44   0x00000016   Code   RO         2517    i.ble_hw_sleep      qn9020b2_lib_peripheral.lib(lib.o)
    0x10002f5a   0x00000002   PAD
    0x10002f5c   0x000001d8   Code   RO         2518    i.ble_init          qn9020b2_lib_peripheral.lib(lib.o)
    0x10003134   0x0000003c   Code   RO         2519    i.ble_sleep         qn9020b2_lib_peripheral.lib(lib.o)
    0x10003170   0x00000038   Code   RO         2520    i.ble_timer_patch   qn9020b2_lib_peripheral.lib(lib.o)
    0x100031a8   0x00000022   Code   RO         2375    i.button_init       button.o
    0x100031ca   0x00000008   Code   RO         2521    i.cal_cal_SetCAL0WithMask  qn9020b2_lib_peripheral.lib(lib.o)
    0x100031d2   0x0000000a   Code   RO         2522    i.cal_cal_SetCAL1WithMask  qn9020b2_lib_peripheral.lib(lib.o)
    0x100031dc   0x00000014   Code   RO         2523    i.check_ble_wakeup  qn9020b2_lib_peripheral.lib(lib.o)
    0x100031f0   0x00000010   Code   RO         2524    i.co_buf_rx_get     qn9020b2_lib_peripheral.lib(lib.o)
    0x10003200   0x00000064   Code   RO         2525    i.config_work_mode  qn9020b2_lib_peripheral.lib(lib.o)
    0x10003264   0x00000040   Code   RO         2526    i.dc_dc_enable      qn9020b2_lib_peripheral.lib(lib.o)
    0x100032a4   0x0000002c   Code   RO         2527    i.default_enter_sleep_cb  qn9020b2_lib_peripheral.lib(lib.o)
    0x100032d0   0x0000001c   Code   RO         2528    i.default_exit_sleep_cb  qn9020b2_lib_peripheral.lib(lib.o)
    0x100032ec   0x00000010   Code   RO         2529    i.delay             qn9020b2_lib_peripheral.lib(lib.o)
    0x100032fc   0x00000010   Code   RO         2530    i.dp_dp_SetRegWithMask  qn9020b2_lib_peripheral.lib(lib.o)
    0x1000330c   0x000001c0   Code   RO         1870    i.enter_sleep       sleep.o
    0x100034cc   0x00000002   Code   RO         2534    i.foo1              qn9020b2_lib_peripheral.lib(lib.o)
    0x100034ce   0x0000000a   Code   RO         2457    i.fputc             retarget.o
    0x100034d8   0x0000009c   Code   RO         2535    i.fw_ble_sleep      qn9020b2_lib_peripheral.lib(lib.o)
    0x10003574   0x00000018   Code   RO         1369    i.gap_discon_cmp_evt_handler  qpps_task.o
    0x1000358c   0x000000a4   Code   RO         2536    i.gap_discon_ind_handler_patch  qn9020b2_lib_peripheral.lib(lib.o)
    0x10003630   0x00000044   Code   RO         1370    i.gatt_notify_cmp_evt_handler  qpps_task.o
    0x10003674   0x00000048   Code   RO         2537    i.gatt_read_char_req_handler_patch  qn9020b2_lib_peripheral.lib(lib.o)
    0x100036bc   0x000000fc   Code   RO         2538    i.gatt_write_char_req_handler_patch  qn9020b2_lib_peripheral.lib(lib.o)
    0x100037b8   0x0000011c   Code   RO         1371    i.gatt_write_cmd_ind_handler  qpps_task.o
    0x100038d4   0x00000014   Code   RO         1166    i.get_bit_num       app_qpps_task.o
    0x100038e8   0x00000008   Code   RO         1754    i.gpio_enable_interrupt  gpio.o
    0x100038f0   0x00000024   Code   RO         1755    i.gpio_init         gpio.o
    0x10003914   0x00000010   Code   RO          343    i.gpio_interrupt_callback  usr_design.o
    0x10003924   0x00000014   Code   RO         1758    i.gpio_read_pin     gpio.o
    0x10003938   0x0000000c   Code   RO         1759    i.gpio_read_pin_field  gpio.o
    0x10003944   0x00000010   Code   RO         1760    i.gpio_set_direction  gpio.o
    0x10003954   0x0000000e   Code   RO         1761    i.gpio_set_direction_field  gpio.o
    0x10003962   0x00000002   PAD
    0x10003964   0x00000024   Code   RO         1763    i.gpio_sleep_allowed  gpio.o
    0x10003988   0x00000060   Code   RO         1765    i.gpio_wakeup_config  gpio.o
    0x100039e8   0x00000020   Code   RO         1766    i.gpio_write_pin    gpio.o
    0x10003a08   0x0000002c   Code   RO         2253    i.is_flash_busy     serialflash.o
    0x10003a34   0x00000018   Code   RO         2539    i.is_flash_off      qn9020b2_lib_peripheral.lib(lib.o)
    0x10003a4c   0x00000020   Code   RO         2254    i.is_flash_present  serialflash.o
    0x10003a6c   0x0000001c   Code   RO         2540    i.ke_schedule       qn9020b2_lib_peripheral.lib(lib.o)
    0x10003a88   0x00000028   Code   RO         2541    i.ke_time           qn9020b2_lib_peripheral.lib(lib.o)
    0x10003ab0   0x00000018   Code   RO         2542    i.ke_timer_empty    qn9020b2_lib_peripheral.lib(lib.o)
    0x10003ac8   0x0000005c   Code   RO         2543    i.l2cc_data_packet_ind_handler_patch  qn9020b2_lib_peripheral.lib(lib.o)
    0x10003b24   0x00000050   Code   RO         2544    i.l2cc_data_send_rsp_handler_patch  qn9020b2_lib_peripheral.lib(lib.o)
    0x10003b74   0x0000002c   Code   RO         2337    i.led_get           led.o
    0x10003ba0   0x0000003c   Code   RO         2338    i.led_init          led.o
    0x10003bdc   0x00000026   Code   RO         2340    i.led_set           led.o
    0x10003c02   0x00000002   PAD
    0x10003c04   0x00000018   Code   RO         2545    i.lld_sleep_init_new  qn9020b2_lib_peripheral.lib(lib.o)
    0x10003c1c   0x0000003c   Code   RO         2546    i.lld_sleep_lpcycles_2_us  qn9020b2_lib_peripheral.lib(lib.o)
    0x10003c58   0x0000002c   Code   RO         2547    i.lld_stop_ind_handler_new  qn9020b2_lib_peripheral.lib(lib.o)
    0x10003c84   0x00000164   Code   RO         2548    i.llm_lld_data_ind_handler_new  qn9020b2_lib_peripheral.lib(lib.o)
    0x10003de8   0x000000f4   Code   RO           15    i.main              app_main.o
    0x10003edc   0x00000040   Code   RO         2549    i.nvds_copy         qn9020b2_lib_peripheral.lib(lib.o)
    0x10003f1c   0x0000002c   Code   RO         2550    i.nvds_erase        qn9020b2_lib_peripheral.lib(lib.o)
    0x10003f48   0x00000094   Code   RO         2552    i.nvds_read         qn9020b2_lib_peripheral.lib(lib.o)
    0x10003fdc   0x00000070   Code   RO         2553    i.nvds_restore_backup  qn9020b2_lib_peripheral.lib(lib.o)
    0x1000404c   0x0000004e   Code   RO         2554    i.nvds_write        qn9020b2_lib_peripheral.lib(lib.o)
    0x1000409a   0x00000002   PAD
    0x1000409c   0x00000314   Code   RO         2556    i.plf_init          qn9020b2_lib_peripheral.lib(lib.o)
    0x100043b0   0x00000010   Code   RO         2557    i.plf_reset_cb      qn9020b2_lib_peripheral.lib(lib.o)
    0x100043c0   0x00000028   Code   RO         2255    i.power_off_flash   serialflash.o
    0x100043e8   0x00000040   Code   RO         2256    i.power_on_flash    serialflash.o
    0x10004428   0x00000184   Code   RO         2558    i.powerup_calibration  qn9020b2_lib_peripheral.lib(lib.o)
    0x100045ac   0x00000028   Code   RO         1243    i.prf_dispatch_disconnect  prf_utils.o
    0x100045d4   0x00000008   Code   RO         1244    i.prf_init          prf_utils.o
    0x100045dc   0x00000178   Code   RO         1372    i.qpps_create_db_req_handler  qpps_task.o
    0x10004754   0x00000090   Code   RO         1373    i.qpps_data_send_req_handler  qpps_task.o
    0x100047e4   0x00000048   Code   RO         1315    i.qpps_disable      qpps.o
    0x1000482c   0x00000094   Code   RO         1374    i.qpps_enable_req_handler  qpps_task.o
    0x100048c0   0x0000002c   Code   RO         1316    i.qpps_error_ind_send  qpps.o
    0x100048ec   0x00000024   Code   RO         1317    i.qpps_init         qpps.o
    0x10004910   0x00000014   Code   RO         1318    i.qpps_set_service_uuid  qpps.o
    0x10004924   0x00000010   Code   RO         2258    i.read_flash_id     serialflash.o
    0x10004934   0x00000050   Code   RO         2561    i.restore_ble_setting  qn9020b2_lib_peripheral.lib(lib.o)
    0x10004984   0x00000024   Code   RO         2562    i.rwble_slot_2_lpcycles  qn9020b2_lib_peripheral.lib(lib.o)
    0x100049a8   0x00000030   Code   RO         2563    i.sector_erase_flash_patch  qn9020b2_lib_peripheral.lib(lib.o)
    0x100049d8   0x00000010   Code   RO         2565    i.set_dbg_info      qn9020b2_lib_peripheral.lib(lib.o)
    0x100049e8   0x00000018   Code   RO         1872    i.sleep_cb          sleep.o
    0x10004a00   0x00000034   Code   RO         1873    i.sleep_init        sleep.o
    0x10004a34   0x0000006c   Code   RO         2566    i.sleep_post_process  qn9020b2_lib_peripheral.lib(lib.o)
    0x10004aa0   0x00000058   Code   RO         2567    i.smp_rtx_ind_handler_patch  qn9020b2_lib_peripheral.lib(lib.o)
    0x10004af8   0x0000000a   Code   RO         1874    i.syscon_GetBLESR   sleep.o
    0x10004b02   0x0000000a   Code   RO         2568    i.syscon_GetBLESR   qn9020b2_lib_peripheral.lib(lib.o)
    0x10004b0c   0x0000000a   Code   RO         1450    i.syscon_SetADCCRWithMask  adc.o
    0x10004b16   0x0000000a   Code   RO         1875    i.syscon_SetCMDCRWithMask  sleep.o
    0x10004b20   0x0000000a   Code   RO         1982    i.syscon_SetCMDCRWithMask  syscon.o
    0x10004b2a   0x0000000a   Code   RO         1876    i.syscon_SetIvrefX32WithMask  sleep.o
    0x10004b34   0x0000000a   Code   RO         2569    i.syscon_SetIvrefX32WithMask  qn9020b2_lib_peripheral.lib(lib.o)
    0x10004b3e   0x0000000a   Code   RO         1877    i.syscon_SetPGCR0WithMask  sleep.o
    0x10004b48   0x0000000a   Code   RO         2570    i.syscon_SetPGCR1WithMask  qn9020b2_lib_peripheral.lib(lib.o)
    0x10004b52   0x0000000a   Code   RO         1878    i.syscon_SetPGCR2WithMask  sleep.o
    0x10004b5c   0x00000038   Code   RO         1987    i.syscon_set_ahb_clk  syscon.o
    0x10004b94   0x00000034   Code   RO         1988    i.syscon_set_apb_clk  syscon.o
    0x10004bc8   0x00000040   Code   RO         1989    i.syscon_set_ble_clk  syscon.o
    0x10004c08   0x000000bc   Code   RO         1990    i.syscon_set_sysclk_src  syscon.o
    0x10004cc4   0x0000002c   Code   RO         1991    i.syscon_set_timer_clk  syscon.o
    0x10004cf0   0x00000070   Code   RO         1992    i.syscon_set_usart_clk  syscon.o
    0x10004d60   0x00000038   Code   RO          682    i.task_app_desc_register  app_task.o
    0x10004d98   0x000000c4   Code   RO         2571    i.task_gatt_desc_register  qn9020b2_lib_peripheral.lib(lib.o)
    0x10004e5c   0x00000038   Code   RO         1375    i.task_qpps_desc_register  qpps_task.o
    0x10004e94   0x0000000a   Code   RO         2137    i.timer_timer_ClrIntFlag  timer.o
    0x10004e9e   0x0000000a   Code   RO         2138    i.timer_timer_GetIntFlag  timer.o
    0x10004ea8   0x0000003c   Code   RO         1622    i.uart_check_tx_free  uart.o
    0x10004ee4   0x00000098   Code   RO         1627    i.uart_init         uart.o
    0x10004f7c   0x00000012   Code   RO         1630    i.uart_rx_int_enable  uart.o
    0x10004f8e   0x00000002   PAD
    0x10004f90   0x00000038   Code   RO         1631    i.uart_tx_int_enable  uart.o
    0x10004fc8   0x0000000a   Code   RO         1632    i.uart_uart_ClrIntFlag  uart.o
    0x10004fd2   0x0000000a   Code   RO         1633    i.uart_uart_GetIntFlag  uart.o
    0x10004fdc   0x00000008   Code   RO         1634    i.uart_uart_SetTXD  uart.o
    0x10004fe4   0x00000038   Code   RO          344    i.usr_button1_cb    usr_design.o
    0x1000501c   0x00000058   Code   RO          345    i.usr_init          usr_design.o
    0x10005074   0x00000054   Code   RO          346    i.usr_led1_set      usr_design.o
    0x100050c8   0x00000080   Code   RO         1879    i.usr_sleep         sleep.o
    0x10005148   0x00000034   Code   RO          347    i.usr_sleep_restore  usr_design.o
    0x1000517c   0x00000014   Code   RO         1880    i.wakeup_32k_xtal_start_timer  sleep.o
    0x10005190   0x00000054   Code   RO         1881    i.wakeup_32k_xtal_switch_clk  sleep.o
    0x100051e4   0x00000068   Code   RO         1883    i.wakeup_by_sleep_timer  sleep.o
    0x1000524c   0x00000028   Code   RO         2075    i.wdt_irq_clear     wdt.o
    0x10005274   0x0000000e   Code   RO         2077    i.wdt_wdt_SetLKR    wdt.o
    0x10005282   0x00000002   PAD
    0x10005284   0x00000138   Data   RO          683    .constdata          app_task.o
    0x100053bc   0x00000030   Data   RO          684    .constdata          app_task.o
    0x100053ec   0x0000008c   Data   RO         1320    .constdata          qpps.o
    0x10005478   0x00000013   Data   RO         1321    .constdata          qpps.o
    0x1000548b   0x00000013   Data   RO         1322    .constdata          qpps.o
    0x1000549e   0x00000002   PAD
    0x100054a0   0x00000008   Data   RO         1376    .constdata          qpps_task.o
    0x100054a8   0x00000008   Data   RO         1377    .constdata          qpps_task.o
    0x100054b0   0x00000018   Data   RO         1378    .constdata          qpps_task.o
    0x100054c8   0x00000008   Data   RO         1379    .constdata          qpps_task.o
    0x100054d0   0x00000033   Data   RO         1380    .constdata          qpps_task.o
    0x10005503   0x00000033   Data   RO         1637    .constdata          uart.o
    0x10005536   0x00000002   PAD
    0x10005538   0x00000010   Data   RO         2573    .constdata          qn9020b2_lib_peripheral.lib(lib.o)
    0x10005548   0x00000081   Data   RO         2980    .constdata          mc_p.l(ctype_o.o)
    0x100055c9   0x00000003   PAD
    0x100055cc   0x00000004   Data   RO         2981    .constdata          mc_p.l(ctype_o.o)
    0x100055d0   0x000000d6   Data   RO          846    .conststring        app_gap_task.o
    0x100056a6   0x00000002   PAD
    0x100056a8   0x000000ad   Data   RO         1044    .conststring        app_smp_task.o
    0x10005755   0x00000003   PAD
    0x10005758   0x00000021   Data   RO         1323    .conststring        qpps.o
    0x10005779   0x00000003   PAD
    0x1000577c   0x00000075   Data   RO         1381    .conststring        qpps_task.o
    0x100057f1   0x00000003   PAD
    0x100057f4   0x00000015   Data   RO         1324    .conststrlit        qpps.o
    0x10005809   0x00000003   PAD
    0x1000580c   0x00000030   Data   RO         3015    Region$$Table       anon$$obj.o
    0x1000583c   0x00000004   Data   RW          348    .data               usr_design.o
    0x10005840   0x00000002   Data   RW          685    .data               app_task.o
    0x10005842   0x00000002   PAD
    0x10005844   0x00000018   Data   RW         1167    .data               app_qpps_task.o
    0x1000585c   0x00000010   Data   RW         1325    .data               qpps.o
    0x1000586c   0x00000020   Data   RW         1382    .data               qpps_task.o
    0x1000588c   0x0000000c   Data   RW         1452    .data               adc.o
    0x10005898   0x0000000c   Data   RW         1544    .data               analog.o
    0x100058a4   0x00000004   Data   RW         1768    .data               gpio.o
    0x100058a8   0x00000020   Data   RW         1884    .data               sleep.o
    0x100058c8   0x0000000c   Data   RW         1993    .data               syscon.o
    0x100058d4   0x00000004   Data   RW         2078    .data               wdt.o
    0x100058d8   0x00000020   Data   RW         2141    .data               timer.o
    0x100058f8   0x00000008   Data   RW         2262    .data               serialflash.o
    0x10005900   0x00000008   Data   RW         2406    .data               joysticks.o
    0x10005908   0x00000004   Data   RW         2458    .data               retarget.o
    0x1000590c   0x000000e8   Data   RW         2574    .data               qn9020b2_lib_peripheral.lib(lib.o)
    0x100059f4   0x00000004   Data   RW         2664    .data               mc_p.l(rand.o)
    0x100059f8   0x00000004   Data   RW         2956    .data               mc_p.l(errno.o)
    0x100059fc   0x0000099c   Zero   RW           16    .bss                app_main.o
    0x10006398   0x000000f8   Zero   RW          581    .bss                app_env.o
    0x10006490   0x00000010   Zero   RW         1319    .bss                qpps.o
    0x100064a0   0x00000014   Zero   RW         1451    .bss                adc.o
    0x100064b4   0x00000030   Zero   RW         1636    .bss                uart.o
    0x100064e4   0x00000014   Zero   RW         2405    .bss                joysticks.o
    0x100064f8   0x000005d0   Zero   RW         2572    .bss                qn9020b2_lib_peripheral.lib(lib.o)
    0x10006ac8   0x00000200   Zero   RW            1    STACK               startup.o


==============================================================================

Image component sizes


      Code (inc. data)   RO Data    RW Data    ZI Data      Debug   Object Name

       784         72          0         12         20      22371   adc.o
        32          8          0         12          0       1512   analog.o
       412         82          0          0        248       3713   app_env.o
       452         86          0          0          0       5719   app_gap.o
      1472        560        214          0          0      12426   app_gap_task.o
       300         86          0          0       2460     106004   app_main.o
       144         24          0          0          0       2376   app_qpps.o
       808        354          0         24          0       6127   app_qpps_task.o
       336         48          0          0          0       3882   app_smp.o
       936        242        173          0          0       6119   app_smp_task.o
         2          0          0          0          0        412   app_sys.o
       128         20        360          2          0      15769   app_task.o
       856        154          0          0          0      11370   app_util.o
        34          0          0          0          0        450   button.o
       350         40          0          4          0      22999   gpio.o
       600        164          0          8         20      23208   joysticks.o
       142         20          0          0          0       1567   led.o
        48          8          0          0          0       1109   prf_utils.o
       172         48        232         16         16       5504   qpps.o
      1100        126        216         32          0       9415   qpps_task.o
        10          0          0          4          0       2346   retarget.o
       196         30          0          8          0      18674   serialflash.o
       970        114          0         32          0      25436   sleep.o
        48         14        192          0        512        828   startup.o
       526         82          0         12          0      19955   syscon.o
       264         42          0          0          0      21598   system.o
       340         40          0         32          0      18850   timer.o
       550         76         51          0         48      31034   uart.o
       900        196          0          4          0      24639   usr_design.o
        78         14          0          4          0      15690   wdt.o

    ----------------------------------------------------------------------
     13010       2750       1504        208       3324     441102   Object Totals
         0          0         48          0          0          0   (incl. Generated)
        20          0         18          2          0          0   (incl. Padding)

    ----------------------------------------------------------------------

      Code (inc. data)   RO Data    RW Data    ZI Data      Debug   Library Member Name

        86          0          0          0          0          0   __dczerorl2.o
        30          0          0          0          0         60   _chval.o
       166          0          0          0          0         84   _strtoul.o
        26          0          0          0          0         72   atoi.o
         8          4        133          0          0         60   ctype_o.o
         0          0          0          0          0          0   entry.o
         0          0          0          0          0          0   entry10a.o
         0          0          0          0          0          0   entry11a.o
         8          4          0          0          0          0   entry2.o
         4          0          0          0          0          0   entry5.o
         0          0          0          0          0          0   entry7b.o
         0          0          0          0          0          0   entry8b.o
         8          4          0          0          0          0   entry9a.o
         8          4          0          4          0         60   errno.o
        30          0          0          0          0          0   handlers.o
        40          0          0          0          0         72   idiv.o
        36          8          0          0          0         68   init.o
        38          0          0          0          0         68   llsshr.o
        26          0          0          0          0         72   memcmp.o
        36          0          0          0          0         60   memcpya.o
        36          0          0          0          0        100   memseta.o
      1172         52          0          0          0        324   printf8.o
        36         12          0          4          0        120   rand.o
        18          0          0          0          0         60   strcpy.o
       112          4          0          0          0         76   strtol.o
        44          0          0          0          0         72   uidiv.o
      5490        902         16        232       1488       3832   lib.o
       452          4          0          0          0        184   math.o

    ----------------------------------------------------------------------
      7922        998        152        240       1488       5444   Library Totals
        12          0          3          0          0          0   (incl. Padding)

    ----------------------------------------------------------------------

      Code (inc. data)   RO Data    RW Data    ZI Data      Debug   Library Name

      1968         92        133          8          0       1428   mc_p.l
      5942        906         16        232       1488       4016   qn9020b2_lib_peripheral.lib

    ----------------------------------------------------------------------
      7922        998        152        240       1488       5444   Library Totals

    ----------------------------------------------------------------------

==============================================================================


      Code (inc. data)   RO Data    RW Data    ZI Data      Debug   

     20932       3748       1656        448       4812     436150   Grand Totals
     20932       3748       1656        152       4812     436150   ELF Image Totals (compressed)
     20932       3748       1656        152          0          0   ROM Totals

==============================================================================

    Total RO  Size (Code + RO Data)                22588 (  22.06kB)
    Total RW  Size (RW Data + ZI Data)              5260 (   5.14kB)
    Total ROM Size (Code + RO Data + RW Data)      22740 (  22.21kB)

==============================================================================

