Component: ARM Compiler 5.06 update 1 (build 61) Tool: armlink [4d35a8]

==============================================================================

Section Cross References

    startup.o(RESET) refers to startup.o(STACK) for __initial_sp
    startup.o(RESET) refers to startup.o(.text) for Reset_Handler
    startup.o(RESET) refers to gpio.o(i.GPIO_IRQHandler) for GPIO_IRQHandler
    startup.o(RESET) refers to lib.o(i.BLE_IRQHandler) for BLE_IRQHandler
    startup.o(RESET) refers to sleep.o(i.OSC_EN_IRQHandler) for OSC_EN_IRQHandler
    startup.o(RESET) refers to uart.o(i.UART0_TX_IRQHandler) for UART0_TX_IRQHandler
    startup.o(RESET) refers to uart.o(i.UART0_RX_IRQHandler) for UART0_RX_IRQHandler
    startup.o(RESET) refers to spi.o(i.SPI0_TX_IRQHandler) for SPI0_TX_IRQHandler
    startup.o(RESET) refers to spi.o(i.SPI0_RX_IRQHandler) for SPI0_RX_IRQHandler
    startup.o(RESET) refers to uart.o(i.UART1_TX_IRQHandler) for UART1_TX_IRQHandler
    startup.o(RESET) refers to uart.o(i.UART1_RX_IRQHandler) for UART1_RX_IRQHandler
    startup.o(RESET) refers to i2c.o(i.I2C_IRQHandler) for I2C_IRQHandler
    startup.o(RESET) refers to timer.o(i.TIMER0_IRQHandler) for TIMER0_IRQHandler
    startup.o(RESET) refers to timer.o(i.TIMER1_IRQHandler) for TIMER1_IRQHandler
    startup.o(RESET) refers to timer.o(i.TIMER2_IRQHandler) for TIMER2_IRQHandler
    startup.o(RESET) refers to timer.o(i.TIMER3_IRQHandler) for TIMER3_IRQHandler
    startup.o(RESET) refers to pwm.o(i.PWM0_IRQHandler) for PWM0_IRQHandler
    startup.o(RESET) refers to pwm.o(i.PWM1_IRQHandler) for PWM1_IRQHandler
    startup.o(.text) refers to entry.o(.ARM.Collect$$$$00000000) for __main
    app_main.o(i.main) refers to lib.o(i.dc_dc_enable) for dc_dc_enable
    app_main.o(i.main) refers to lib.o(i.plf_init) for plf_init
    app_main.o(i.main) refers to system.o(i.SystemInit) for SystemInit
    app_main.o(i.main) refers to app_main.o(i.prf_register) for prf_register
    app_main.o(i.main) refers to lib.o(i.ble_init) for ble_init
    app_main.o(i.main) refers to app_env.o(i.app_init) for app_init
    app_main.o(i.main) refers to usr_design.o(i.usr_init) for usr_init
    app_main.o(i.main) refers to sleep.o(i.sleep_init) for sleep_init
    app_main.o(i.main) refers to sleep.o(i.wakeup_by_sleep_timer) for wakeup_by_sleep_timer
    app_main.o(i.main) refers to lib.o(i.ke_schedule) for ke_schedule
    app_main.o(i.main) refers to sleep.o(i.usr_sleep) for usr_sleep
    app_main.o(i.main) refers to lib.o(i.ble_sleep) for ble_sleep
    app_main.o(i.main) refers to sleep.o(i.enter_sleep) for enter_sleep
    app_main.o(i.main) refers to app_main.o(.bss) for nvds_tmp_buf
    app_main.o(i.main) refers to sleep.o(i.sleep_cb) for sleep_cb
    app_main.o(i.prf_register) refers to prf_utils.o(i.prf_init) for prf_init
    app_main.o(i.prf_register) refers to prf_utils.o(i.prf_dispatch_disconnect) for prf_dispatch_disconnect
    system.o(i.SystemIOCfg) refers to system.o(i.syscon_SetPMCR0) for syscon_SetPMCR0
    system.o(i.SystemIOCfg) refers to system.o(i.syscon_SetPMCR1) for syscon_SetPMCR1
    system.o(i.SystemIOCfg) refers to system.o(i.syscon_SetPDCR) for syscon_SetPDCR
    system.o(i.SystemIOCfg) refers to system.o(i.syscon_SetPPCR0) for syscon_SetPPCR0
    system.o(i.SystemIOCfg) refers to system.o(i.syscon_SetPPCR1) for syscon_SetPPCR1
    system.o(i.SystemInit) refers to system.o(i.timer_clock_off) for timer_clock_off
    system.o(i.SystemInit) refers to system.o(i.uart_clock_off) for uart_clock_off
    system.o(i.SystemInit) refers to system.o(i.spi_clock_off) for spi_clock_off
    system.o(i.SystemInit) refers to system.o(i.syscon_SetCRSS) for syscon_SetCRSS
    system.o(i.SystemInit) refers to system.o(i.syscon_SetCRSC) for syscon_SetCRSC
    system.o(i.SystemInit) refers to syscon.o(i.syscon_set_sysclk_src) for syscon_set_sysclk_src
    system.o(i.SystemInit) refers to syscon.o(i.syscon_set_ahb_clk) for syscon_set_ahb_clk
    system.o(i.SystemInit) refers to syscon.o(i.syscon_set_ble_clk) for syscon_set_ble_clk
    system.o(i.SystemInit) refers to syscon.o(i.syscon_set_apb_clk) for syscon_set_apb_clk
    system.o(i.SystemInit) refers to syscon.o(i.syscon_set_timer_clk) for syscon_set_timer_clk
    system.o(i.SystemInit) refers to syscon.o(i.syscon_set_usart_clk) for syscon_set_usart_clk
    system.o(i.SystemInit) refers to system.o(i.syscon_SetPGCR1WithMask) for syscon_SetPGCR1WithMask
    system.o(i.SystemInit) refers to system.o(i.syscon_SetCMDCRWithMask) for syscon_SetCMDCRWithMask
    system.o(i.SystemInit) refers to system.o(i.syscon_SetPMCR0) for syscon_SetPMCR0
    system.o(i.SystemInit) refers to gpio.o(i.gpio_init) for gpio_init
    system.o(i.SystemInit) refers to gpio.o(i.gpio_pull_set) for gpio_pull_set
    system.o(i.SystemInit) refers to gpio.o(i.gpio_set_direction_field) for gpio_set_direction_field
[...]
    atoi                                     0x100003e3   Thumb Code    26  atoi.o(.text)
    strtol                                   0x100003fd   Thumb Code   108  strtol.o(.text)
    __scatterload                            0x1000046d   Thumb Code    28  init.o(.text)
    __scatterload_rt2                        0x1000046d   Thumb Code     0  init.o(.text)
    __rt_ctype_table                         0x10000491   Thumb Code     4  ctype_o.o(.text)
    _strtoul                                 0x10000499   Thumb Code   166  _strtoul.o(.text)
    _chval                                   0x1000053f   Thumb Code    30  _chval.o(.text)
    BLE_IRQHandler                           0x1000055d   Thumb Code   150  lib.o(i.BLE_IRQHandler)
    GPIO_IRQHandler                          0x10000609   Thumb Code    60  gpio.o(i.GPIO_IRQHandler)
    I2C_BYTE_READ                            0x10000649   Thumb Code    56  i2c.o(i.I2C_BYTE_READ)
    I2C_BYTE_WRITE                           0x10000685   Thumb Code    48  i2c.o(i.I2C_BYTE_WRITE)
    I2C_IRQHandler                           0x100006b9   Thumb Code   324  i2c.o(i.I2C_IRQHandler)
    OSC_EN_IRQHandler                        0x1000082d   Thumb Code    16  sleep.o(i.OSC_EN_IRQHandler)
    PWM0_IRQHandler                          0x10000845   Thumb Code    28  pwm.o(i.PWM0_IRQHandler)
    PWM1_IRQHandler                          0x10000865   Thumb Code    32  pwm.o(i.PWM1_IRQHandler)
    SPI0_RX_IRQHandler                       0x10000889   Thumb Code   166  spi.o(i.SPI0_RX_IRQHandler)
    SPI0_TX_IRQHandler                       0x10000939   Thumb Code   108  spi.o(i.SPI0_TX_IRQHandler)
    SystemInit                               0x100009f1   Thumb Code   506  system.o(i.SystemInit)
    TIMER0_IRQHandler                        0x10000c1d   Thumb Code    84  timer.o(i.TIMER0_IRQHandler)
    TIMER1_IRQHandler                        0x10000c79   Thumb Code    84  timer.o(i.TIMER1_IRQHandler)
    TIMER2_IRQHandler                        0x10000cd5   Thumb Code    84  timer.o(i.TIMER2_IRQHandler)
    TIMER3_IRQHandler                        0x10000d31   Thumb Code    84  timer.o(i.TIMER3_IRQHandler)
    UART0_RX_IRQHandler                      0x10000d8d   Thumb Code   164  uart.o(i.UART0_RX_IRQHandler)
    UART0_TX_IRQHandler                      0x10000e39   Thumb Code    92  uart.o(i.UART0_TX_IRQHandler)
    UART1_RX_IRQHandler                      0x10000e9d   Thumb Code   164  uart.o(i.UART1_RX_IRQHandler)
    UART1_TX_IRQHandler                      0x10000f49   Thumb Code    92  uart.o(i.UART1_TX_IRQHandler)
    __0sprintf$8                             0x10000fad   Thumb Code    36  printf8.o(i.__0sprintf$8)
    __1sprintf$8                             0x10000fad   Thumb Code     0  printf8.o(i.__0sprintf$8)
    __2sprintf                               0x10000fad   Thumb Code     0  printf8.o(i.__0sprintf$8)
    __ARM_common_switch8                     0x10000fd5   Thumb Code    28  at_command.o(i.__ARM_common_switch8)
    __aeabi_errno_addr                       0x10000ff1   Thumb Code     4  errno.o(i.__aeabi_errno_addr)
    __rt_errno_addr                          0x10000ff1   Thumb Code     0  errno.o(i.__aeabi_errno_addr)
    __nvds_get                               0x10000ff9   Thumb Code    44  lib.o(i.__nvds_get)
    __nvds_put                               0x1000102d   Thumb Code    44  lib.o(i.__nvds_put)
    __scatterload_copy                       0x1000113d   Thumb Code    14  handlers.o(i.__scatterload_copy)
    __scatterload_null                       0x1000114b   Thumb Code     2  handlers.o(i.__scatterload_null)
    __scatterload_zeroinit                   0x1000114d   Thumb Code    14  handlers.o(i.__scatterload_zeroinit)
    all_gpio_test                            0x100015dd   Thumb Code   168  system.o(i.all_gpio_test)
    app_add_bonded_dev                       0x100016fd   Thumb Code   250  app_util.o(i.app_add_bonded_dev)
    app_clear_local_service_flag             0x100017fd   Thumb Code    12  app_util.o(i.app_clear_local_service_flag)
    app_com_at_baudrate_change_handler       0x1000180d   Thumb Code    66  app_com.o(i.app_com_at_baudrate_change_handler)
    app_com_at_command_handler               0x1000185d   Thumb Code   192  app_com.o(i.app_com_at_command_handler)
    app_com_at_rx_enable_handler             0x1000193d   Thumb Code   134  app_com.o(i.app_com_at_rx_enable_handler)
    app_com_rx_timeout_handler               0x100019cd   Thumb Code    64  app_com.o(i.app_com_rx_timeout_handler)
    app_com_uart_rx_done_ind_handler         0x10001a1d   Thumb Code    40  app_com.o(i.app_com_uart_rx_done_ind_handler)
    app_create_server_service_DB             0x10001a49   Thumb Code    40  app_util.o(i.app_create_server_service_DB)
    app_device_setup                         0x10001a79   Thumb Code    14  app_gap_task.o(i.app_device_setup)
    app_diss_create_db                       0x10001a89   Thumb Code    30  app_diss.o(i.app_diss_create_db)
    app_diss_create_db_cfm_handler           0x10001aad   Thumb Code   308  app_diss_task.o(i.app_diss_create_db_cfm_handler)
    app_diss_enable_req                      0x10001c49   Thumb Code    34  app_diss.o(i.app_diss_enable_req)
    app_diss_error_ind_handler               0x10001c75   Thumb Code     8  app_diss_task.o(i.app_diss_error_ind_handler)
    app_enable_server_service                0x10001c8d   Thumb Code   178  app_util.o(i.app_enable_server_service)
    app_event_at_enable_press_handler        0x10001d9d   Thumb Code    32  app_com.o(i.app_event_at_enable_press_handler)
    app_event_com_tx_handler                 0x10001dc5   Thumb Code    10  app_com.o(i.app_event_com_tx_handler)
    app_find_bonded_dev                      0x10001dd5   Thumb Code    50  app_util.o(i.app_find_bonded_dev)
    app_fireble_create_db                    0x10001e11   Thumb Code    26  app_fireble.o(i.app_fireble_create_db)
    app_fireble_create_db_cfm_handler        0x10001e35   Thumb Code    28  app_fireble_task.o(i.app_fireble_create_db_cfm_handler)
    app_fireble_disable_ind_handler          0x10001e51   Thumb Code    40  app_fireble_task.o(i.app_fireble_disable_ind_handler)
    app_fireble_enable_req                   0x10001e7d   Thumb Code    50  app_fireble.o(i.app_fireble_enable_req)
    app_fireble_error_ind_handler            0x10001eb5   Thumb Code     8  app_fireble_task.o(i.app_fireble_error_ind_handler)
    app_fireble_receive_data_ind_handler     0x10001ed5   Thumb Code    22  app_fireble_task.o(i.app_fireble_receive_data_ind_handler)
    app_fireble_send_data_cfm_handler        0x10001eed   Thumb Code    38  app_fireble_task.o(i.app_fireble_send_data_cfm_handler)
    app_gap_adv_intv_update_timer_handler    0x10001f19   Thumb Code    70  usr_design.o(i.app_gap_adv_intv_update_timer_handler)
    app_gap_adv_req_cmp_evt_handler          0x10001f6d   Thumb Code    30  app_gap_task.o(i.app_gap_adv_req_cmp_evt_handler)
    app_gap_adv_start_req                    0x10001f91   Thumb Code   144  app_gap.o(i.app_gap_adv_start_req)
    app_gap_adv_stop_req                     0x10002029   Thumb Code    30  app_gap.o(i.app_gap_adv_stop_req)
    app_gap_bond_req_cmp_ind_handler         0x10002051   Thumb Code   114  app_gap_task.o(i.app_gap_bond_req_cmp_ind_handler)
    app_gap_bond_req_ind_handler             0x100020c9   Thumb Code    84  app_gap_task.o(i.app_gap_bond_req_ind_handler)
    app_gap_bond_resp                        0x10002121   Thumb Code    60  app_gap.o(i.app_gap_bond_resp)
    app_gap_change_param_req_cmp_handler     0x10002165   Thumb Code    22  app_gap_task.o(i.app_gap_change_param_req_cmp_handler)
    app_gap_discon_cmp_evt_handler           0x1000217b   Thumb Code    56  app_gap_task.o(i.app_gap_discon_cmp_evt_handler)
    app_gap_discon_req                       0x100021b5   Thumb Code    34  app_gap.o(i.app_gap_discon_req)
    app_gap_le_create_conn_req_cmp_evt_handler 0x100021f1   Thumb Code    80  app_gap_task.o(i.app_gap_le_create_conn_req_cmp_evt_handler)
    app_gap_param_update_req                 0x10002245   Thumb Code    42  app_gap.o(i.app_gap_param_update_req)
    app_gap_param_update_resp_handler        0x10002279   Thumb Code    22  app_gap_task.o(i.app_gap_param_update_resp_handler)
    app_gap_read_bdaddr_req                  0x10002291   Thumb Code    14  app_gap.o(i.app_gap_read_bdaddr_req)
    app_gap_read_bdaddr_req_cmp_evt_handler  0x100022a9   Thumb Code    40  app_gap_task.o(i.app_gap_read_bdaddr_req_cmp_evt_handler)
    app_gap_read_ver_req                     0x100022d5   Thumb Code    14  app_gap.o(i.app_gap_read_ver_req)
    app_gap_read_ver_req_cmp_evt_handler     0x100022ed   Thumb Code    36  app_gap_task.o(i.app_gap_read_ver_req_cmp_evt_handler)
    app_gap_ready_evt_handler                0x10002315   Thumb Code    30  app_gap_task.o(i.app_gap_ready_evt_handler)
    app_gap_reset_req_cmp_handler            0x10002333   Thumb Code    22  app_gap_task.o(i.app_gap_reset_req_cmp_handler)
    app_gap_set_bondable_mode_req            0x10002349   Thumb Code    30  app_gap.o(i.app_gap_set_bondable_mode_req)
    app_gap_set_devname_req_cmp_evt_handler  0x10002371   Thumb Code    22  app_gap_task.o(i.app_gap_set_devname_req_cmp_evt_handler)
    app_gap_set_mode_req_cmp_evt_handler     0x10002389   Thumb Code   126  app_gap_task.o(i.app_gap_set_mode_req_cmp_evt_handler)
    app_gap_set_privacy_req_cmp_handler      0x10002415   Thumb Code     8  app_gap_task.o(i.app_gap_set_privacy_req_cmp_handler)
    app_gap_set_random_add_req_cmp_handler   0x1000241d   Thumb Code     8  app_gap_task.o(i.app_gap_set_random_add_req_cmp_handler)
    app_gap_set_sec_req                      0x10002425   Thumb Code    34  app_gap.o(i.app_gap_set_sec_req)
    app_gap_set_sec_req_cmp_evt_handler      0x10002451   Thumb Code    36  app_gap_task.o(i.app_gap_set_sec_req_cmp_evt_handler)
    app_gatt_resource_access_req_handler     0x10002479   Thumb Code    36  app_gap_task.o(i.app_gatt_resource_access_req_handler)
    app_get_bd_addr_by_conhdl                0x100024a5   Thumb Code    66  app_util.o(i.app_get_bd_addr_by_conhdl)
    app_get_bond_nb                          0x100024ed   Thumb Code     6  app_util.o(i.app_get_bond_nb)
    app_get_bond_status                      0x100024f9   Thumb Code    42  app_util.o(i.app_get_bond_status)
    app_get_conhdl_by_idx                    0x10002529   Thumb Code    30  app_util.o(i.app_get_conhdl_by_idx)
    app_get_link_status_by_idx               0x10002551   Thumb Code    26  app_util.o(i.app_get_link_status_by_idx)
    app_get_lk_sec_status                    0x10002571   Thumb Code    52  app_util.o(i.app_get_lk_sec_status)
    app_get_local_service_flag               0x100025a9   Thumb Code    22  app_util.o(i.app_get_local_service_flag)
    app_get_role                             0x100025c1   Thumb Code     6  app_util.o(i.app_get_role)
    app_i_to_array                           0x100025cd   Thumb Code    72  app_util.o(i.app_i_to_array)
    app_init                                 0x10002615   Thumb Code    32  app_env.o(i.app_init)
    app_init_local_smp_key                   0x10002639   Thumb Code    22  app_util.o(i.app_init_local_smp_key)
    app_led_timer_handler                    0x10002655   Thumb Code    24  usr_design.o(i.app_led_timer_handler)
    app_ota_ctrl_resp                        0x10002671   Thumb Code    26  otas.o(i.app_ota_ctrl_resp)
    app_otas_create_db                       0x10002695   Thumb Code    26  otas.o(i.app_otas_create_db)
    app_otas_disable_req                     0x100026b9   Thumb Code    26  otas.o(i.app_otas_disable_req)
    app_otas_enable_req                      0x100026dd   Thumb Code    46  otas.o(i.app_otas_enable_req)
    app_otas_start_handler                   0x10002715   Thumb Code    22  app_otas_task.o(i.app_otas_start_handler)
    app_qpps_cfg_indntf_ind_handler          0x100027f1   Thumb Code   134  app_qpps_task.o(i.app_qpps_cfg_indntf_ind_handler)
    app_qpps_create_db                       0x1000287d   Thumb Code    30  app_qpps.o(i.app_qpps_create_db)
    app_qpps_create_db_cfm_handler           0x100028a5   Thumb Code    28  app_qpps_task.o(i.app_qpps_create_db_cfm_handler)
    app_qpps_data_ind_handler                0x100028c1   Thumb Code    22  app_qpps_task.o(i.app_qpps_data_ind_handler)
    app_qpps_data_send                       0x100028d9   Thumb Code    52  app_qpps.o(i.app_qpps_data_send)
    app_qpps_data_send_cfm_handler           0x10002915   Thumb Code    60  app_qpps_task.o(i.app_qpps_data_send_cfm_handler)
    app_qpps_disable_ind_handler             0x10002955   Thumb Code    36  app_qpps_task.o(i.app_qpps_disable_ind_handler)
    app_qpps_enable_req                      0x1000297d   Thumb Code    46  app_qpps.o(i.app_qpps_enable_req)
    app_qpps_error_ind_handler               0x100029b1   Thumb Code     8  app_qpps_task.o(i.app_qpps_error_ind_handler)
    app_qpps_test_send_timer_handler         0x100029b9   Thumb Code    60  usr_design.o(i.app_qpps_test_send_timer_handler)
    app_set_adv_data                         0x10002a05   Thumb Code   188  app_util.o(i.app_set_adv_data)
    app_set_char_val_req                     0x10002ad9   Thumb Code    44  app_diss.o(i.app_set_char_val_req)
    app_set_link_status_by_conhdl            0x10002b0d   Thumb Code   158  app_util.o(i.app_set_link_status_by_conhdl)
    app_set_role                             0x10002bb1   Thumb Code     6  app_util.o(i.app_set_role)
    app_set_scan_rsp_data                    0x10002bbd   Thumb Code   294  app_util.o(i.app_set_scan_rsp_data)
    app_smpc_chk_bd_addr_req_ind_handler     0x10002e2d   Thumb Code    54  app_smp_task.o(i.app_smpc_chk_bd_addr_req_ind_handler)
    app_smpc_chk_bd_addr_req_rsp             0x10002e65   Thumb Code    56  app_smp.o(i.app_smpc_chk_bd_addr_req_rsp)
    app_smpc_irk_req_ind_handler             0x10002ea5   Thumb Code   212  app_smp_task.o(i.app_smpc_irk_req_ind_handler)
    app_smpc_irk_req_rsp                     0x10002f7d   Thumb Code    66  app_smp.o(i.app_smpc_irk_req_rsp)
    app_smpc_key_ind_handler                 0x10002fc9   Thumb Code   174  app_smp_task.o(i.app_smpc_key_ind_handler)
    app_smpc_ltk_req_ind_handler             0x1000307d   Thumb Code   216  app_smp_task.o(i.app_smpc_ltk_req_ind_handler)
    app_smpc_ltk_req_rsp                     0x10003159   Thumb Code    74  app_smp.o(i.app_smpc_ltk_req_rsp)
    app_smpc_sec_started_ind_handler         0x100031ad   Thumb Code    22  app_smp_task.o(i.app_smpc_sec_started_ind_handler)
    app_smpc_timeout_evt_handler             0x100031c5   Thumb Code    34  app_smp_task.o(i.app_smpc_timeout_evt_handler)
    app_smpc_tk_req_ind_handler              0x100031ed   Thumb Code    76  app_smp_task.o(i.app_smpc_tk_req_ind_handler)
    app_smpc_tk_req_rsp                      0x1000323d   Thumb Code    50  app_smp.o(i.app_smpc_tk_req_rsp)
    app_smpm_set_key_cfm_handler             0x10003279   Thumb Code    52  app_smp_task.o(i.app_smpm_set_key_cfm_handler)
    app_smpm_set_key_req                     0x100032b1   Thumb Code    42  app_smp.o(i.app_smpm_set_key_req)
    app_task_msg_hdl                         0x100032e5   Thumb Code   596  usr_design.o(i.app_task_msg_hdl)
    app_tx_done                              0x1000356d   Thumb Code   196  app_com.o(i.app_tx_done)
    at_HEXstringToNum                        0x1000366d   Thumb Code   196  at_command.o(i.at_HEXstringToNum)
    at_command_length_get                    0x10003731   Thumb Code    38  at_command.o(i.at_command_length_get)
    at_get_parameter                         0x10003757   Thumb Code    70  at_command.o(i.at_get_parameter)
    at_get_parameters_numbers                0x1000379d   Thumb Code    36  at_command.o(i.at_get_parameters_numbers)
    at_process_command                       0x100037c1   Thumb Code   114  at_command.o(i.at_process_command)
    atts_svc_create_db_ext                   0x10003899   Thumb Code   316  lib.o(i.atts_svc_create_db_ext)
    ble_adv                                  0x100039e5   Thumb Code   142  at_command.o(i.ble_adv)
    ble_channel_send_data                    0x10003a95   Thumb Code    88  app_fireble.o(i.ble_channel_send_data)
    ble_discon                               0x10003afd   Thumb Code    24  at_command.o(i.ble_discon)
    ble_ext_wakeup_allow                     0x10003b1d   Thumb Code    36  lib.o(i.ble_ext_wakeup_allow)
    ble_gpio                                 0x10003b45   Thumb Code   434  at_command.o(i.ble_gpio)
    ble_hw_sleep                             0x10003d15   Thumb Code    18  lib.o(i.ble_hw_sleep)
    ble_i2c                                  0x10003d29   Thumb Code   284  at_command.o(i.ble_i2c)
    ble_init                                 0x10003e69   Thumb Code   262  lib.o(i.ble_init)
    ble_pwm                                  0x10003fb9   Thumb Code   308  at_command.o(i.ble_pwm)
    ble_sleep                                0x1000410d   Thumb Code    42  lib.o(i.ble_sleep)
    ble_spi                                  0x1000413d   Thumb Code   218  at_command.o(i.ble_spi)
    check_ble_wakeup                         0x10004251   Thumb Code    14  lib.o(i.check_ble_wakeup)
    co_buf_rx_get                            0x10004265   Thumb Code    10  lib.o(i.co_buf_rx_get)
    com_event_uart_rx_frame_handler          0x10004275   Thumb Code    74  app_com.o(i.com_event_uart_rx_frame_handler)
    com_event_uart_rx_timeout_handler        0x100042d9   Thumb Code    20  app_com.o(i.com_event_uart_rx_timeout_handler)
    com_gpio_init                            0x100042f9   Thumb Code    36  app_com.o(i.com_gpio_init)
    com_init                                 0x10004329   Thumb Code    72  app_com.o(i.com_init)
    com_pdu_send                             0x1000438d   Thumb Code    46  app_com.o(i.com_pdu_send)
    com_tx_done                              0x100043e9   Thumb Code    46  app_com.o(i.com_tx_done)
    com_uart_at                              0x10004429   Thumb Code    74  app_com.o(i.com_uart_at)
    com_uart_at_rx_start                     0x10004489   Thumb Code    42  app_com.o(i.com_uart_at_rx_start)
    com_uart_rx                              0x100044c5   Thumb Code    54  app_com.o(i.com_uart_rx)
    com_uart_rx_start                        0x1000450d   Thumb Code    42  app_com.o(i.com_uart_rx_start)
    com_uart_write                           0x10004549   Thumb Code    26  app_com.o(i.com_uart_write)
    com_wakeup_handler                       0x10004571   Thumb Code   198  app_com.o(i.com_wakeup_handler)
    config_work_mode                         0x10004649   Thumb Code    74  lib.o(i.config_work_mode)
    dc_dc_enable                             0x100046f5   Thumb Code    50  lib.o(i.dc_dc_enable)
    delay_5                                  0x10004799   Thumb Code   124  system.o(i.delay_5)
    dev_send_to_app                          0x10004859   Thumb Code   206  app_com.o(i.dev_send_to_app)
    diss_check_val_len                       0x10004931   Thumb Code    56  diss.o(i.diss_check_val_len)
    diss_compute_cfg_flag                    0x10004969   Thumb Code    44  diss.o(i.diss_compute_cfg_flag)
    diss_disable                             0x10004a1d   Thumb Code    52  diss.o(i.diss_disable)
    diss_init                                0x10004abd   Thumb Code    24  diss.o(i.diss_init)
    enter_sleep                              0x10004b55   Thumb Code   404  sleep.o(i.enter_sleep)
    fireble_disable                          0x10005075   Thumb Code    52  fireble.o(i.fireble_disable)
    fireble_init                             0x10005139   Thumb Code    24  fireble.o(i.fireble_init)
    fireble_out_ch_data_cfm_send             0x10005159   Thumb Code    42  fireble.o(i.fireble_out_ch_data_cfm_send)
    foo1                                     0x100052ad   Thumb Code     2  lib.o(i.foo1)
    frieble_at_command                       0x100052b1   Thumb Code   154  fireble_task.o(i.frieble_at_command)
    fw_ble_sleep                             0x1000536d   Thumb Code   134  lib.o(i.fw_ble_sleep)
    get_bit_num                              0x10005a71   Thumb Code    24  app_qpps_task.o(i.get_bit_num)
    get_name                                 0x10005a89   Thumb Code    90  at_command.o(i.get_name)
    get_version                              0x10005af5   Thumb Code    38  at_command.o(i.get_version)
    gpio_enable_interrupt                    0x10005b41   Thumb Code    12  gpio.o(i.gpio_enable_interrupt)
    gpio_init                                0x10005b69   Thumb Code    34  gpio.o(i.gpio_init)
    gpio_interrupt_callback                  0x10005b95   Thumb Code    24  usr_design.o(i.gpio_interrupt_callback)
    gpio_pull_set                            0x10005bad   Thumb Code   104  gpio.o(i.gpio_pull_set)
    gpio_read_pin                            0x10005c15   Thumb Code    30  gpio.o(i.gpio_read_pin)
    gpio_read_pin_field                      0x10005c33   Thumb Code    18  gpio.o(i.gpio_read_pin_field)
    gpio_set_direction                       0x10005c45   Thumb Code    34  gpio.o(i.gpio_set_direction)
    gpio_set_direction_field                 0x10005c67   Thumb Code    40  gpio.o(i.gpio_set_direction_field)
    gpio_sleep_allowed                       0x10005c8f   Thumb Code    38  gpio.o(i.gpio_sleep_allowed)
    gpio_wakeup_config                       0x10005cb5   Thumb Code   144  gpio.o(i.gpio_wakeup_config)
    gpio_write_pin                           0x10005d45   Thumb Code    46  gpio.o(i.gpio_write_pin)
    gpio_write_pin_field                     0x10005d73   Thumb Code    46  gpio.o(i.gpio_write_pin_field)
    i2c_bus_check                            0x10005da1   Thumb Code    34  i2c.o(i.i2c_bus_check)
    i2c_init                                 0x10005dd5   Thumb Code    60  i2c.o(i.i2c_init)
    i2c_is_finish                            0x10005e19   Thumb Code    16  i2c.o(i.i2c_is_finish)
    i2c_polling                              0x10005e2d   Thumb Code   322  i2c.o(i.i2c_polling)
    i2c_read                                 0x10005f79   Thumb Code   178  i2c.o(i.i2c_read)
    i2c_write                                0x10006039   Thumb Code   124  i2c.o(i.i2c_write)
    is_flash_present                         0x10006105   Thumb Code    28  serialflash.o(i.is_flash_present)
    ke_schedule                              0x10006125   Thumb Code    60  lib.o(i.ke_schedule)
    ke_time                                  0x10006171   Thumb Code    34  lib.o(i.ke_time)
    ke_timer_empty                           0x10006199   Thumb Code    18  lib.o(i.ke_timer_empty)
    led_get                                  0x1000625d   Thumb Code    38  led.o(i.led_get)
    led_init                                 0x10006283   Thumb Code    34  led.o(i.led_init)
    led_set                                  0x100062a5   Thumb Code    40  led.o(i.led_set)
    main                                     0x10006365   Thumb Code   200  app_main.o(i.main)
    ota_control_app_resp_timer_handler       0x1000675d   Thumb Code    18  otas_task.o(i.ota_control_app_resp_timer_handler)
    otas_control                             0x10006821   Thumb Code    12  otas.o(i.otas_control)
    otas_disable                             0x1000689d   Thumb Code    50  otas.o(i.otas_disable)
    otas_error_ind_send                      0x10006939   Thumb Code    32  otas.o(i.otas_error_ind_send)
    otas_init                                0x10006965   Thumb Code   214  otas.o(i.otas_init)
    otas_proc_data_ind                       0x10006a4d   Thumb Code   154  otas.o(i.otas_proc_data_ind)
    otas_start_encrypt_req                   0x10006b21   Thumb Code    48  otas_task.o(i.otas_start_encrypt_req)
    plf_init                                 0x10006ccd   Thumb Code   614  lib.o(i.plf_init)
    power_off_flash                          0x10006ff1   Thumb Code    38  serialflash.o(i.power_off_flash)
    power_on_flash                           0x10007019   Thumb Code    68  serialflash.o(i.power_on_flash)
    prf_dispatch_disconnect                  0x100071b5   Thumb Code    76  prf_utils.o(i.prf_dispatch_disconnect)
    prf_init                                 0x10007209   Thumb Code    46  prf_utils.o(i.prf_init)
    prf_server_error_ind_send                0x1000726d   Thumb Code    44  prf_utils.o(i.prf_server_error_ind_send)
    proc_cmd_brick_data_write                0x1000729d   Thumb Code   110  otas.o(i.proc_cmd_brick_data_write)
    proc_cmd_meta_data_write                 0x10007311   Thumb Code   188  otas.o(i.proc_cmd_meta_data_write)
    pwm_config                               0x100073d5   Thumb Code   210  pwm.o(i.pwm_config)
    pwm_init                                 0x10007519   Thumb Code    72  pwm.o(i.pwm_init)
    pwm_io_config                            0x10007565   Thumb Code    60  at_command.o(i.pwm_io_config)
    pwm_output                               0x100075a1   Thumb Code   290  at_command.o(i.pwm_output)
    qpps_disable                             0x1000795d   Thumb Code    58  qpps.o(i.qpps_disable)
    qpps_error_ind_send                      0x10007a71   Thumb Code    38  qpps.o(i.qpps_error_ind_send)
    qpps_init                                0x10007aa5   Thumb Code    28  qpps.o(i.qpps_init)
    read_flash                               0x10007ac9   Thumb Code    52  serialflash.o(i.read_flash)
    read_flash_id                            0x10007b01   Thumb Code    20  serialflash.o(i.read_flash_id)
    restore_ble_setting                      0x10007b31   Thumb Code    68  lib.o(i.restore_ble_setting)
    rsp_cmd_meta_data_write                  0x10007b95   Thumb Code    24  otas.o(i.rsp_cmd_meta_data_write)
    rsp_pkt_check_error                      0x10007bad   Thumb Code    22  otas.o(i.rsp_pkt_check_error)
    rwble_slot_2_lpcycles                    0x10007bc5   Thumb Code    32  lib.o(i.rwble_slot_2_lpcycles)
    sector_erase_flash                       0x10007be9   Thumb Code    48  serialflash.o(i.sector_erase_flash)
    send_status_toapp                        0x10007c51   Thumb Code    32  otas.o(i.send_status_toapp)
    set_baudrate                             0x10007c7d   Thumb Code   152  at_command.o(i.set_baudrate)
    set_dbg_info                             0x10007d3d   Thumb Code    10  lib.o(i.set_dbg_info)
    show_com_mode                            0x10007d6b   Thumb Code    26  app_com.o(i.show_com_mode)
    sleep_cb                                 0x10007d85   Thumb Code    20  sleep.o(i.sleep_cb)
    sleep_init                               0x10007d9d   Thumb Code    40  sleep.o(i.sleep_init)
    sleep_post_process                       0x10007dd1   Thumb Code    90  lib.o(i.sleep_post_process)
    start_wait_app_resp_timer                0x10007fb1   Thumb Code    12  otas.o(i.start_wait_app_resp_timer)
    syscon_set_ahb_clk                       0x10008149   Thumb Code    64  syscon.o(i.syscon_set_ahb_clk)
    syscon_set_apb_clk                       0x10008195   Thumb Code    62  syscon.o(i.syscon_set_apb_clk)
    syscon_set_ble_clk                       0x100081dd   Thumb Code    66  syscon.o(i.syscon_set_ble_clk)
    syscon_set_sysclk_src                    0x10008229   Thumb Code   210  syscon.o(i.syscon_set_sysclk_src)
    syscon_set_timer_clk                     0x10008311   Thumb Code    50  syscon.o(i.syscon_set_timer_clk)
    syscon_set_usart_clk                     0x10008349   Thumb Code   112  syscon.o(i.syscon_set_usart_clk)
    task_app_desc_register                   0x100083cd   Thumb Code    44  app_task.o(i.task_app_desc_register)
    task_diss_desc_register                  0x10008409   Thumb Code    44  diss_task.o(i.task_diss_desc_register)
    task_fireble_desc_register               0x10008445   Thumb Code    44  fireble_task.o(i.task_fireble_desc_register)
    task_otas_desc_register                  0x10008545   Thumb Code    44  otas_task.o(i.task_otas_desc_register)
    task_qpps_desc_register                  0x1000857d   Thumb Code    44  qpps_task.o(i.task_qpps_desc_register)
    uart_init                                0x100086cd   Thumb Code   158  uart.o(i.uart_init)
    uart_read                                0x10008785   Thumb Code    60  uart.o(i.uart_read)
    uart_write                               0x10008975   Thumb Code    60  uart.o(i.uart_write)
    usr_at_wakeup_cb                         0x100089c1   Thumb Code    34  usr_design.o(i.usr_at_wakeup_cb)
    usr_init                                 0x100089f1   Thumb Code     2  usr_design.o(i.usr_init)
    usr_led1_set                             0x10008a39   Thumb Code    78  usr_design.o(i.usr_led1_set)
    usr_sleep                                0x10008a95   Thumb Code    58  sleep.o(i.usr_sleep)
    usr_sleep_restore                        0x10008ad5   Thumb Code    64  usr_design.o(i.usr_sleep_restore)
    usr_spi_init                             0x10008b1d   Thumb Code    66  usr_spi.o(i.usr_spi_init)
    usr_spi_io_conf                          0x10008b6d   Thumb Code    56  usr_spi.o(i.usr_spi_io_conf)
    usr_spi_tran                             0x10008ba5   Thumb Code    52  usr_spi.o(i.usr_spi_tran)
    wakeup_32k_xtal_start_timer              0x10008bdd   Thumb Code    14  sleep.o(i.wakeup_32k_xtal_start_timer)
    wakeup_32k_xtal_switch_clk               0x10008bf5   Thumb Code    80  sleep.o(i.wakeup_32k_xtal_switch_clk)
    wakeup_by_sleep_timer                    0x10008c49   Thumb Code   104  sleep.o(i.wakeup_by_sleep_timer)
    write_flash                              0x10008cb9   Thumb Code    46  serialflash.o(i.write_flash)
    command                                  0x10008cec   Data          72  at_command.o(.constdata)
    app_default_state                        0x10008d34   Data         392  app_task.o(.constdata)
    app_state_handler                        0x10008ebc   Data          40  app_task.o(.constdata)
    app_default_handler                      0x10008ee4   Data           8  app_task.o(.constdata)
    qpps_att_db                              0x10008eec   Data          84  qpps.o(.constdata)
    qpps_svc                                 0x10008f40   Data           2  qpps.o(.constdata)
    qpps_value_char                          0x10008f42   Data           5  qpps.o(.constdata)
    qpps_char_rx_data                        0x10008f47   Data           5  qpps.o(.constdata)
    qpps_disabled                            0x10008f4c   Data           8  qpps_task.o(.constdata)
    qpps_idle                                0x10008f54   Data           8  qpps_task.o(.constdata)
    qpps_connected                           0x10008f5c   Data          24  qpps_task.o(.constdata)
    qpps_default_state                       0x10008f74   Data           8  qpps_task.o(.constdata)
    qpps_state_handler                       0x10008f7c   Data          24  qpps_task.o(.constdata)
    qpps_default_handler                     0x10008f94   Data           8  qpps_task.o(.constdata)
    diss_att_db                              0x10008fa4   Data         228  diss.o(.constdata)
    diss_dis_svc                             0x10009088   Data           2  diss.o(.constdata)
    diss_manufacturer_name_char              0x1000908a   Data           5  diss.o(.constdata)
    diss_model_nb_str_char                   0x1000908f   Data           5  diss.o(.constdata)
    diss_serial_nb_str_char                  0x10009094   Data           5  diss.o(.constdata)
    diss_hard_rev_str_char                   0x10009099   Data           5  diss.o(.constdata)
    diss_firm_rev_str_char                   0x1000909e   Data           5  diss.o(.constdata)
    diss_sw_rev_str_char                     0x100090a3   Data           5  diss.o(.constdata)
    diss_system_id_char                      0x100090a8   Data           5  diss.o(.constdata)
    diss_ieee_char                           0x100090ad   Data           5  diss.o(.constdata)
    diss_pnp_id_char                         0x100090b2   Data           5  diss.o(.constdata)
    diss_disabled                            0x100090b8   Data           8  diss_task.o(.constdata)
    diss_idle                                0x100090c0   Data          16  diss_task.o(.constdata)
    diss_default_state                       0x100090d0   Data           8  diss_task.o(.constdata)
    diss_state_handler                       0x100090d8   Data          24  diss_task.o(.constdata)
    diss_default_handler                     0x100090f0   Data           8  diss_task.o(.constdata)
    uart_divider                             0x100090f8   Data          51  uart.o(.constdata)
    fireble_default_state                    0x10009154   Data           8  fireble_task.o(.constdata)
    fireble_state_handler                    0x1000915c   Data          24  fireble_task.o(.constdata)
    fireble_default_handler                  0x10009174   Data           8  fireble_task.o(.constdata)
    otas_att_db                              0x100091b4   Data         140  otas.o(.constdata)
    otas_disabled                            0x10009250   Data           8  otas_task.o(.constdata)
    otas_idle                                0x10009258   Data           8  otas_task.o(.constdata)
    otas_connected                           0x10009260   Data          32  otas_task.o(.constdata)
    otas_default_state                       0x10009280   Data          16  otas_task.o(.constdata)
    otas_default_handler                     0x10009290   Data           8  otas_task.o(.constdata)
    otas_state_handler                       0x10009298   Data          24  otas_task.o(.constdata)
    __ctype_table                            0x100092b0   Data         129  ctype_o.o(.constdata)
    Region$$Table$$Base                      0x100093c0   Number         0  anon$$obj.o(Region$$Table)
    Region$$Table$$Limit                     0x100093d0   Number         0  anon$$obj.o(Region$$Table)
    usr_env                                  0x100093d0   Data           6  usr_design.o(.data)
    i2c_buff                                 0x100093d7   Data           4  at_command.o(.data)
    app_state                                0x100093dc   Data           2  app_task.o(.data)
    app_qpps_env                             0x100093e0   Data           4  app_qpps_task.o(.data)
    baudrate                                 0x100093e4   Data           1  app_com.o(.data)
    app_diss_env                             0x100093e8   Data           4  app_diss_task.o(.data)
    qpp_uuid_list                            0x100093ec   Data          14  qpps_task.o(.data)
    qpps_state                               0x100093fa   Data           2  qpps_task.o(.data)
    diss_state                               0x100093fc   Data           2  diss_task.o(.data)
    sleep_env                                0x10009404   Data          20  sleep.o(.data)
    PGCR1_restore                            0x10009418   Data           4  sleep.o(.data)
    low_power_mode_en                        0x1000941c   Data           1  sleep.o(.data)
    g_SystemClock                            0x10009420   Data           4  syscon.o(.data)
    g_AhbClock                               0x10009424   Data           4  syscon.o(.data)
    g_ApbClock                               0x10009428   Data           4  syscon.o(.data)
    timer0_env                               0x1000942c   Data           8  timer.o(.data)
    timer1_env                               0x10009434   Data           8  timer.o(.data)
    timer2_env                               0x1000943c   Data           8  timer.o(.data)
    timer3_env                               0x10009444   Data           8  timer.o(.data)
    g_flash_cmd                              0x1000944c   Data           8  serialflash.o(.data)
    app_fireble_env                          0x10009454   Data           4  app_fireble_task.o(.data)
    ble_send_data_flag                       0x10009458   Data           1  app_fireble_task.o(.data)
    fireble_at_buf_len                       0x1000945a   Data           1  fireble_task.o(.data)
    fireble_state                            0x1000945c   Data           2  fireble_task.o(.data)
    ke_evt_hdlr                              0x10009464   Data           4  lib.o(.data)
    ke_env                                   0x10009468   Data           4  lib.o(.data)
    rwble_env                                0x1000946c   Data           4  lib.o(.data)
    otas_state                               0x10009488   Data           2  otas_task.o(.data)
    app_env                                  0x1000b1b0   Data         264  app_env.o(.bss)
    com_env                                  0x1000b2b8   Data         420  app_com.o(.bss)
    at_command_return                        0x1000b45c   Data         255  app_com.o(.bss)
    qpps_env                                 0x1000b55c   Data          16  qpps.o(.bss)
    diss_env                                 0x1000b56c   Data          18  diss.o(.bss)
    fireble_env                              0x1000b5fc   Data          28  fireble.o(.bss)
    fireble_at_buf                           0x1000b618   Data          40  fireble_task.o(.bss)
    otas_env                                 0x1000b640   Data          88  otas.o(.bss)
    gatt_idle_new                            0x1000b728   Data         256  lib.o(.bss)
    __initial_sp                             0x1000bc00   Data           0  startup.o(STACK)



==============================================================================

Memory Map of the image

  Image Entry point : 0x100000c1

  Load Region LR_ROM1 (Base: 0x10000000, Size: 0x00009494, Max: 0x0000cdb0, ABSOLUTE)

    Execution Region APP_CODE (Base: 0x10000000, Size: 0x0000bc00, Max: 0x0000cdb0, ABSOLUTE)

    Base Addr    Size         Type   Attr      Idx    E Section Name        Object

    0x10000000   0x000000c0   Data   RO            3    RESET               startup.o
    0x100000c0   0x00000000   Code   RO         3662  * .ARM.Collect$$$$00000000  mc_p.l(entry.o)
    0x100000c0   0x00000004   Code   RO         3957    .ARM.Collect$$$$00000001  mc_p.l(entry2.o)
    0x100000c4   0x00000004   Code   RO         3960    .ARM.Collect$$$$00000004  mc_p.l(entry5.o)
    0x100000c8   0x00000000   Code   RO         3962    .ARM.Collect$$$$00000008  mc_p.l(entry7b.o)
    0x100000c8   0x00000000   Code   RO         3964    .ARM.Collect$$$$0000000A  mc_p.l(entry8b.o)
    0x100000c8   0x00000008   Code   RO         3965    .ARM.Collect$$$$0000000B  mc_p.l(entry9a.o)
    0x100000d0   0x00000000   Code   RO         3967    .ARM.Collect$$$$0000000D  mc_p.l(entry10a.o)
    0x100000d0   0x00000000   Code   RO         3969    .ARM.Collect$$$$0000000F  mc_p.l(entry11a.o)
    0x100000d0   0x00000004   Code   RO         3958    .ARM.Collect$$$$00002712  mc_p.l(entry2.o)
    0x100000d4   0x00000030   Code   RO            4    .text               startup.o
    0x10000104   0x000001ae   Code   RO         3660    .text               qn9020b2_lib_peripheral.lib(math.o)
    0x100002b2   0x0000002c   Code   RO         3665    .text               mc_p.l(uidiv.o)
    0x100002de   0x00000028   Code   RO         3667    .text               mc_p.l(idiv.o)
    0x10000306   0x00000026   Code   RO         3669    .text               mc_p.l(llsshr.o)
    0x1000032c   0x00000024   Code   RO         3671    .text               mc_p.l(rand.o)
    0x10000350   0x00000024   Code   RO         3674    .text               mc_p.l(memcpya.o)
    0x10000374   0x00000024   Code   RO         3676    .text               mc_p.l(memseta.o)
    0x10000398   0x0000001a   Code   RO         3678    .text               mc_p.l(memcmp.o)
    0x100003b2   0x00000012   Code   RO         3680    .text               mc_p.l(strcpy.o)
    0x100003c4   0x0000001e   Code   RO         3682    .text               mc_p.l(strncmp.o)
    0x100003e2   0x0000001a   Code   RO         3947    .text               mc_p.l(atoi.o)
    0x100003fc   0x00000070   Code   RO         3985    .text               mc_p.l(strtol.o)
    0x1000046c   0x00000024   Code   RO         3998    .text               mc_p.l(init.o)
    0x10000490   0x00000008   Code   RO         4001    .text               mc_p.l(ctype_o.o)
    0x10000498   0x000000a6   Code   RO         4029    .text               mc_p.l(_strtoul.o)
    0x1000053e   0x0000001e   Code   RO         4032    .text               mc_p.l(_chval.o)
    0x1000055c   0x000000ac   Code   RO         3505    i.BLE_IRQHandler    qn9020b2_lib_peripheral.lib(lib.o)
    0x10000608   0x00000040   Code   RO         2249    i.GPIO_IRQHandler   gpio.o
    0x10000648   0x0000003c   Code   RO         2790    i.I2C_BYTE_READ     i2c.o
    0x10000684   0x00000034   Code   RO         2792    i.I2C_BYTE_WRITE    i2c.o
    0x100006b8   0x0000014c   Code   RO         2796    i.I2C_IRQHandler    i2c.o
    0x10000804   0x00000014   Code   RO         2090    i.NVIC_EnableIRQ    uart.o
    0x10000818   0x00000014   Code   RO         2731    i.NVIC_EnableIRQ    pwm.o
    0x1000082c   0x00000018   Code   RO         2391    i.OSC_EN_IRQHandler  sleep.o
    0x10000844   0x00000020   Code   RO         2732    i.PWM0_IRQHandler   pwm.o
    0x10000864   0x00000024   Code   RO         2733    i.PWM1_IRQHandler   pwm.o
    0x10000888   0x000000b0   Code   RO         3075    i.SPI0_RX_IRQHandler  spi.o
    0x10000938   0x00000074   Code   RO         3076    i.SPI0_TX_IRQHandler  spi.o
    0x100009ac   0x00000044   Code   RO          299    i.SystemIOCfg       system.o
    0x100009f0   0x0000022c   Code   RO          300    i.SystemInit        system.o
    0x10000c1c   0x0000005c   Code   RO         2605    i.TIMER0_IRQHandler  timer.o
    0x10000c78   0x0000005c   Code   RO         2606    i.TIMER1_IRQHandler  timer.o
    0x10000cd4   0x0000005c   Code   RO         2607    i.TIMER2_IRQHandler  timer.o
    0x10000d30   0x0000005c   Code   RO         2608    i.TIMER3_IRQHandler  timer.o
    0x10000d8c   0x000000ac   Code   RO         2091    i.UART0_RX_IRQHandler  uart.o
    0x10000e38   0x00000064   Code   RO         2092    i.UART0_TX_IRQHandler  uart.o
    0x10000e9c   0x000000ac   Code   RO         2093    i.UART1_RX_IRQHandler  uart.o
    0x10000f48   0x00000064   Code   RO         2094    i.UART1_TX_IRQHandler  uart.o
    0x10000fac   0x00000028   Code   RO         3895    i.__0sprintf$8      mc_p.l(printf8.o)
    0x10000fd4   0x0000001c   Code   RO          726    i.__ARM_common_switch8  at_command.o
    0x10000ff0   0x00000008   Code   RO         3978    i.__aeabi_errno_addr  mc_p.l(errno.o)
    0x10000ff8   0x00000034   Code   RO         3507    i.__nvds_get        qn9020b2_lib_peripheral.lib(lib.o)
    0x1000102c   0x00000030   Code   RO         3509    i.__nvds_put        qn9020b2_lib_peripheral.lib(lib.o)
    0x1000105c   0x000000e0   Code   RO         3510    i.__nvds_wrtie      qn9020b2_lib_peripheral.lib(lib.o)
    0x1000113c   0x0000000e   Code   RO         4036    i.__scatterload_copy  mc_p.l(handlers.o)
    0x1000114a   0x00000002   Code   RO         4037    i.__scatterload_null  mc_p.l(handlers.o)
    0x1000114c   0x0000000e   Code   RO         4038    i.__scatterload_zeroinit  mc_p.l(handlers.o)
    0x1000115a   0x00000002   PAD
    0x1000115c   0x00000428   Code   RO         3900    i._printf_core      mc_p.l(printf8.o)
    0x10001584   0x00000020   Code   RO         3901    i._printf_post_padding  mc_p.l(printf8.o)
    0x100015a4   0x0000002c   Code   RO         3902    i._printf_pre_padding  mc_p.l(printf8.o)
    0x100015d0   0x0000000a   Code   RO         3904    i._sputc            mc_p.l(printf8.o)
    0x100015da   0x00000002   PAD
    0x100015dc   0x000000b8   Code   RO          301    i.all_gpio_test     system.o
    0x10001694   0x00000068   Code   RO          985    i.app_32k_xtal_wakeup_timer  app_task.o
    0x100016fc   0x00000100   Code   RO          757    i.app_add_bonded_dev  app_util.o
    0x100017fc   0x00000010   Code   RO          759    i.app_clear_local_service_flag  app_util.o
    0x1000180c   0x00000050   Code   RO         1530    i.app_com_at_baudrate_change_handler  app_com.o
    0x1000185c   0x000000e0   Code   RO         1531    i.app_com_at_command_handler  app_com.o
    0x1000193c   0x00000090   Code   RO         1532    i.app_com_at_rx_enable_handler  app_com.o
    0x100019cc   0x00000050   Code   RO         1533    i.app_com_rx_timeout_handler  app_com.o
    0x10001a1c   0x0000002c   Code   RO         1534    i.app_com_uart_rx_done_ind_handler  app_com.o
    0x10001a48   0x00000030   Code   RO          760    i.app_create_server_service_DB  app_util.o
    0x10001a78   0x0000000e   Code   RO         1141    i.app_device_setup  app_gap_task.o
    0x10001a86   0x00000002   PAD
    0x10001a88   0x00000024   Code   RO         1752    i.app_diss_create_db  app_diss.o
    0x10001aac   0x0000019c   Code   RO         1784    i.app_diss_create_db_cfm_handler  app_diss_task.o
    0x10001c48   0x0000002c   Code   RO         1753    i.app_diss_enable_req  app_diss.o
    0x10001c74   0x00000008   Code   RO         1785    i.app_diss_error_ind_handler  app_diss_task.o
    0x10001c7c   0x00000010   Code   RO          900    i.app_diss_init     app_env.o
    0x10001c8c   0x000000c0   Code   RO          761    i.app_enable_server_service  app_util.o
    0x10001d4c   0x00000050   Code   RO          901    i.app_env_init      app_env.o
    0x10001d9c   0x00000028   Code   RO         1535    i.app_event_at_enable_press_handler  app_com.o
    0x10001dc4   0x00000010   Code   RO         1536    i.app_event_com_tx_handler  app_com.o
    0x10001dd4   0x0000003c   Code   RO          762    i.app_find_bonded_dev  app_util.o
    0x10001e10   0x00000024   Code   RO         3219    i.app_fireble_create_db  app_fireble.o
    0x10001e34   0x0000001c   Code   RO         3251    i.app_fireble_create_db_cfm_handler  app_fireble_task.o
    0x10001e50   0x0000002c   Code   RO         3252    i.app_fireble_disable_ind_handler  app_fireble_task.o
    0x10001e7c   0x00000038   Code   RO         3220    i.app_fireble_enable_req  app_fireble.o
    0x10001eb4   0x00000008   Code   RO         3253    i.app_fireble_error_ind_handler  app_fireble_task.o
    0x10001ebc   0x00000018   Code   RO          902    i.app_fireble_init  app_env.o
    0x10001ed4   0x00000016   Code   RO         3254    i.app_fireble_receive_data_ind_handler  app_fireble_task.o
    0x10001eea   0x00000002   PAD
    0x10001eec   0x0000002c   Code   RO         3255    i.app_fireble_send_data_cfm_handler  app_fireble_task.o
    0x10001f18   0x00000054   Code   RO          455    i.app_gap_adv_intv_update_timer_handler  usr_design.o
    0x10001f6c   0x00000024   Code   RO         1142    i.app_gap_adv_req_cmp_evt_handler  app_gap_task.o
    0x10001f90   0x00000098   Code   RO         1030    i.app_gap_adv_start_req  app_gap.o
    0x10002028   0x00000028   Code   RO         1031    i.app_gap_adv_stop_req  app_gap.o
    0x10002050   0x00000078   Code   RO         1143    i.app_gap_bond_req_cmp_ind_handler  app_gap_task.o
    0x100020c8   0x00000058   Code   RO         1144    i.app_gap_bond_req_ind_handler  app_gap_task.o
    0x10002120   0x00000044   Code   RO         1033    i.app_gap_bond_resp  app_gap.o
    0x10002164   0x00000016   Code   RO         1145    i.app_gap_change_param_req_cmp_handler  app_gap_task.o
    0x1000217a   0x00000038   Code   RO         1146    i.app_gap_discon_cmp_evt_handler  app_gap_task.o
    0x100021b2   0x00000002   PAD
    0x100021b4   0x0000002c   Code   RO         1034    i.app_gap_discon_req  app_gap.o
    0x100021e0   0x00000010   Code   RO          903    i.app_gap_init      app_env.o
    0x100021f0   0x00000054   Code   RO         1147    i.app_gap_le_create_conn_req_cmp_evt_handler  app_gap_task.o
    0x10002244   0x00000034   Code   RO         1035    i.app_gap_param_update_req  app_gap.o
    0x10002278   0x00000016   Code   RO         1148    i.app_gap_param_update_resp_handler  app_gap_task.o
    0x1000228e   0x00000002   PAD
    0x10002290   0x00000018   Code   RO         1036    i.app_gap_read_bdaddr_req  app_gap.o
    0x100022a8   0x0000002c   Code   RO         1149    i.app_gap_read_bdaddr_req_cmp_evt_handler  app_gap_task.o
    0x100022d4   0x00000018   Code   RO         1037    i.app_gap_read_ver_req  app_gap.o
    0x100022ec   0x00000028   Code   RO         1150    i.app_gap_read_ver_req_cmp_evt_handler  app_gap_task.o
    0x10002314   0x0000001e   Code   RO         1151    i.app_gap_ready_evt_handler  app_gap_task.o
    0x10002332   0x00000016   Code   RO         1152    i.app_gap_reset_req_cmp_handler  app_gap_task.o
    0x10002348   0x00000028   Code   RO         1040    i.app_gap_set_bondable_mode_req  app_gap.o
    0x10002370   0x00000016   Code   RO         1153    i.app_gap_set_devname_req_cmp_evt_handler  app_gap_task.o
    0x10002386   0x00000002   PAD
    0x10002388   0x0000008c   Code   RO         1154    i.app_gap_set_mode_req_cmp_evt_handler  app_gap_task.o
    0x10002414   0x00000008   Code   RO         1155    i.app_gap_set_privacy_req_cmp_handler  app_gap_task.o
    0x1000241c   0x00000008   Code   RO         1156    i.app_gap_set_random_add_req_cmp_handler  app_gap_task.o
    0x10002424   0x0000002c   Code   RO         1044    i.app_gap_set_sec_req  app_gap.o
    0x10002450   0x00000028   Code   RO         1157    i.app_gap_set_sec_req_cmp_evt_handler  app_gap_task.o
    0x10002478   0x0000002c   Code   RO         1158    i.app_gatt_resource_access_req_handler  app_gap_task.o
    0x100024a4   0x00000048   Code   RO          763    i.app_get_bd_addr_by_conhdl  app_util.o
    0x100024ec   0x0000000c   Code   RO          764    i.app_get_bond_nb   app_util.o
    0x100024f8   0x00000030   Code   RO          765    i.app_get_bond_status  app_util.o
    0x10002528   0x00000028   Code   RO          767    i.app_get_conhdl_by_idx  app_util.o
    0x10002550   0x00000020   Code   RO          768    i.app_get_link_status_by_idx  app_util.o
    0x10002570   0x00000038   Code   RO          769    i.app_get_lk_sec_status  app_util.o
    0x100025a8   0x00000016   Code   RO          770    i.app_get_local_service_flag  app_util.o
    0x100025be   0x00000002   PAD
    0x100025c0   0x0000000c   Code   RO          771    i.app_get_role      app_util.o
    0x100025cc   0x00000048   Code   RO          772    i.app_i_to_array    app_util.o
    0x10002614   0x00000024   Code   RO          904    i.app_init          app_env.o
    0x10002638   0x0000001c   Code   RO          773    i.app_init_local_smp_key  app_util.o
    0x10002654   0x0000001c   Code   RO          456    i.app_led_timer_handler  usr_design.o
    0x10002670   0x00000024   Code   RO         3452    i.app_ota_ctrl_resp  qn_ota.lib(otas.o)
    0x10002694   0x00000024   Code   RO         3453    i.app_otas_create_db  qn_ota.lib(otas.o)
    0x100026b8   0x00000024   Code   RO         3454    i.app_otas_disable_req  qn_ota.lib(otas.o)
    0x100026dc   0x00000038   Code   RO         3455    i.app_otas_enable_req  qn_ota.lib(otas.o)
    0x10002714   0x00000016   Code   RO         1510    i.app_otas_start_handler  app_otas_task.o
    0x1000272a   0x00000002   PAD
    0x1000272c   0x000000c4   Code   RO         1537    i.app_push          app_com.o
    0x100027f0   0x0000008c   Code   RO         1444    i.app_qpps_cfg_indntf_ind_handler  app_qpps_task.o
    0x1000287c   0x00000028   Code   RO         1412    i.app_qpps_create_db  app_qpps.o
    0x100028a4   0x0000001c   Code   RO         1445    i.app_qpps_create_db_cfm_handler  app_qpps_task.o
    0x100028c0   0x00000016   Code   RO         1446    i.app_qpps_data_ind_handler  app_qpps_task.o
    0x100028d6   0x00000002   PAD
    0x100028d8   0x0000003c   Code   RO         1413    i.app_qpps_data_send  app_qpps.o
    0x10002914   0x00000040   Code   RO         1447    i.app_qpps_data_send_cfm_handler  app_qpps_task.o
    0x10002954   0x00000028   Code   RO         1448    i.app_qpps_disable_ind_handler  app_qpps_task.o
    0x1000297c   0x00000034   Code   RO         1414    i.app_qpps_enable_req  app_qpps.o
    0x100029b0   0x00000008   Code   RO         1449    i.app_qpps_error_ind_handler  app_qpps_task.o
    0x100029b8   0x0000004c   Code   RO          457    i.app_qpps_test_send_timer_handler  usr_design.o
    0x10002a04   0x000000d4   Code   RO          774    i.app_set_adv_data  app_util.o
    0x10002ad8   0x00000034   Code   RO         1754    i.app_set_char_val_req  app_diss.o
    0x10002b0c   0x000000a4   Code   RO          775    i.app_set_link_status_by_conhdl  app_util.o
    0x10002bb0   0x0000000c   Code   RO          776    i.app_set_role      app_util.o
    0x10002bbc   0x0000012c   Code   RO          777    i.app_set_scan_rsp_data  app_util.o
    0x10002ce8   0x00000144   Code   RO          905    i.app_smp_init      app_env.o
    0x10002e2c   0x00000036   Code   RO         1350    i.app_smpc_chk_bd_addr_req_ind_handler  app_smp_task.o
    0x10002e62   0x00000002   PAD
    0x10002e64   0x00000040   Code   RO         1300    i.app_smpc_chk_bd_addr_req_rsp  app_smp.o
    0x10002ea4   0x000000d8   Code   RO         1351    i.app_smpc_irk_req_ind_handler  app_smp_task.o
    0x10002f7c   0x0000004c   Code   RO         1301    i.app_smpc_irk_req_rsp  app_smp.o
    0x10002fc8   0x000000b4   Code   RO         1352    i.app_smpc_key_ind_handler  app_smp_task.o
    0x1000307c   0x000000dc   Code   RO         1353    i.app_smpc_ltk_req_ind_handler  app_smp_task.o
    0x10003158   0x00000054   Code   RO         1302    i.app_smpc_ltk_req_rsp  app_smp.o
    0x100031ac   0x00000016   Code   RO         1354    i.app_smpc_sec_started_ind_handler  app_smp_task.o
    0x100031c2   0x00000002   PAD
    0x100031c4   0x00000028   Code   RO         1355    i.app_smpc_timeout_evt_handler  app_smp_task.o
    0x100031ec   0x00000050   Code   RO         1356    i.app_smpc_tk_req_ind_handler  app_smp_task.o
    0x1000323c   0x0000003c   Code   RO         1304    i.app_smpc_tk_req_rsp  app_smp.o
    0x10003278   0x00000038   Code   RO         1357    i.app_smpm_set_key_cfm_handler  app_smp_task.o
    0x100032b0   0x00000034   Code   RO         1305    i.app_smpm_set_key_req  app_smp.o
    0x100032e4   0x00000288   Code   RO          458    i.app_task_msg_hdl  usr_design.o
    0x1000356c   0x000000d4   Code   RO         1538    i.app_tx_done       app_com.o
    0x10003640   0x0000002c   Code   RO          986    i.app_uart_data_ind_handler  app_task.o
    0x1000366c   0x000000c4   Code   RO          606    i.at_HEXstringToNum  at_command.o
    0x10003730   0x00000026   Code   RO          607    i.at_command_length_get  at_command.o
    0x10003756   0x00000046   Code   RO          608    i.at_get_parameter  at_command.o
    0x1000379c   0x00000024   Code   RO          609    i.at_get_parameters_numbers  at_command.o
    0x100037c0   0x0000008c   Code   RO          610    i.at_process_command  at_command.o
    0x1000384c   0x0000004c   Code   RO         3511    i.atts_req_error_ind_handler_patch  qn9020b2_lib_peripheral.lib(lib.o)
    0x10003898   0x0000014c   Code   RO         3512    i.atts_svc_create_db_ext  qn9020b2_lib_peripheral.lib(lib.o)
    0x100039e4   0x000000b0   Code   RO          611    i.ble_adv           at_command.o
    0x10003a94   0x00000068   Code   RO         3221    i.ble_channel_send_data  app_fireble.o
    0x10003afc   0x00000020   Code   RO          612    i.ble_discon        at_command.o
    0x10003b1c   0x00000028   Code   RO         3513    i.ble_ext_wakeup_allow  qn9020b2_lib_peripheral.lib(lib.o)
    0x10003b44   0x000001d0   Code   RO          613    i.ble_gpio          at_command.o
    0x10003d14   0x00000012   Code   RO         3514    i.ble_hw_sleep      qn9020b2_lib_peripheral.lib(lib.o)
    0x10003d26   0x00000002   PAD
    0x10003d28   0x00000140   Code   RO          614    i.ble_i2c           at_command.o
    0x10003e68   0x00000150   Code   RO         3515    i.ble_init          qn9020b2_lib_peripheral.lib(lib.o)
    0x10003fb8   0x00000154   Code   RO          615    i.ble_pwm           at_command.o
    0x1000410c   0x00000030   Code   RO         3516    i.ble_sleep         qn9020b2_lib_peripheral.lib(lib.o)
    0x1000413c   0x000000fc   Code   RO          616    i.ble_spi           at_command.o
    0x10004238   0x0000000c   Code   RO         3517    i.cal_cal_SetCAL0WithMask  qn9020b2_lib_peripheral.lib(lib.o)
    0x10004244   0x0000000c   Code   RO         3518    i.cal_cal_SetCAL1WithMask  qn9020b2_lib_peripheral.lib(lib.o)
    0x10004250   0x00000014   Code   RO         3519    i.check_ble_wakeup  qn9020b2_lib_peripheral.lib(lib.o)
    0x10004264   0x00000010   Code   RO         3520    i.co_buf_rx_get     qn9020b2_lib_peripheral.lib(lib.o)
    0x10004274   0x00000064   Code   RO         1539    i.com_event_uart_rx_frame_handler  app_com.o
    0x100042d8   0x00000020   Code   RO         1540    i.com_event_uart_rx_timeout_handler  app_com.o
    0x100042f8   0x00000030   Code   RO         1541    i.com_gpio_init     app_com.o
    0x10004328   0x00000064   Code   RO         1542    i.com_init          app_com.o
    0x1000438c   0x00000034   Code   RO         1543    i.com_pdu_send      app_com.o
    0x100043c0   0x00000028   Code   RO         1544    i.com_push          app_com.o
    0x100043e8   0x00000040   Code   RO         1545    i.com_tx_done       app_com.o
    0x10004428   0x00000060   Code   RO         1546    i.com_uart_at       app_com.o
    0x10004488   0x0000003c   Code   RO         1547    i.com_uart_at_rx_start  app_com.o
    0x100044c4   0x00000048   Code   RO         1548    i.com_uart_rx       app_com.o
    0x1000450c   0x0000003c   Code   RO         1549    i.com_uart_rx_start  app_com.o
    0x10004548   0x00000028   Code   RO         1550    i.com_uart_write    app_com.o
    0x10004570   0x000000d8   Code   RO         1551    i.com_wakeup_handler  app_com.o
    0x10004648   0x00000064   Code   RO         3521    i.config_work_mode  qn9020b2_lib_peripheral.lib(lib.o)
    0x100046ac   0x00000046   Code   RO         2250    i.ctz               gpio.o
    0x100046f2   0x00000002   PAD
    0x100046f4   0x0000003c   Code   RO         3522    i.dc_dc_enable      qn9020b2_lib_peripheral.lib(lib.o)
    0x10004730   0x0000002c   Code   RO         3523    i.default_enter_sleep_cb  qn9020b2_lib_peripheral.lib(lib.o)
    0x1000475c   0x0000001c   Code   RO         3524    i.default_exit_sleep_cb  qn9020b2_lib_peripheral.lib(lib.o)
    0x10004778   0x00000010   Code   RO          302    i.delay             system.o
    0x10004788   0x00000010   Code   RO         3525    i.delay             qn9020b2_lib_peripheral.lib(lib.o)
    0x10004798   0x00000080   Code   RO          303    i.delay_5           system.o
    0x10004818   0x00000010   Code   RO          304    i.dev_allow_sleep   system.o
    0x10004828   0x00000010   Code   RO          459    i.dev_allow_sleep   usr_design.o
    0x10004838   0x00000010   Code   RO         2095    i.dev_allow_sleep   uart.o
    0x10004848   0x00000010   Code   RO         2096    i.dev_prevent_sleep  uart.o
    0x10004858   0x000000d8   Code   RO         1552    i.dev_send_to_app   app_com.o
    0x10004930   0x00000038   Code   RO         1988    i.diss_check_val_len  diss.o
    0x10004968   0x0000002c   Code   RO         1989    i.diss_compute_cfg_flag  diss.o
    0x10004994   0x00000088   Code   RO         2043    i.diss_create_db_req_handler  diss_task.o
    0x10004a1c   0x00000048   Code   RO         1990    i.diss_disable      diss.o
    0x10004a64   0x00000058   Code   RO         2044    i.diss_enable_req_handler  diss_task.o
    0x10004abc   0x00000020   Code   RO         1991    i.diss_init         diss.o
    0x10004adc   0x00000064   Code   RO         2045    i.diss_set_char_val_req_handler  diss_task.o
    0x10004b40   0x00000014   Code   RO         3526    i.dp_dp_SetRegWithMask  qn9020b2_lib_peripheral.lib(lib.o)
    0x10004b54   0x000001b0   Code   RO         2393    i.enter_sleep       sleep.o
    0x10004d04   0x00000370   Code   RO         3345    i.fireble_create_db_req_handler  fireble_task.o
    0x10005074   0x00000048   Code   RO         3306    i.fireble_disable   fireble.o
    0x100050bc   0x0000007c   Code   RO         3346    i.fireble_enable_req_handler  fireble_task.o
    0x10005138   0x00000020   Code   RO         3307    i.fireble_init      fireble.o
    0x10005158   0x00000038   Code   RO         3308    i.fireble_out_ch_data_cfm_send  fireble.o
    0x10005190   0x00000060   Code   RO         3347    i.fireble_out_ch_send_data_req_handler  fireble_task.o
    0x100051f0   0x0000009c   Code   RO         3527    i.flash_on          qn9020b2_lib_peripheral.lib(lib.o)
    0x1000528c   0x00000020   Code   RO         2925    i.flash_write_enable  serialflash.o
    0x100052ac   0x00000002   Code   RO         3528    i.foo1              qn9020b2_lib_peripheral.lib(lib.o)
    0x100052ae   0x00000002   PAD
    0x100052b0   0x000000bc   Code   RO         3348    i.frieble_at_command  fireble_task.o
    0x1000536c   0x0000009c   Code   RO         3529    i.fw_ble_sleep      qn9020b2_lib_peripheral.lib(lib.o)
    0x10005408   0x00000020   Code   RO         1924    i.gap_discon_cmp_evt_handler  qpps_task.o
    0x10005428   0x00000020   Code   RO         2046    i.gap_discon_cmp_evt_handler  diss_task.o
    0x10005448   0x00000020   Code   RO         3349    i.gap_discon_cmp_evt_handler  fireble_task.o
    0x10005468   0x000000a4   Code   RO         3530    i.gap_discon_ind_handler_patch  qn9020b2_lib_peripheral.lib(lib.o)
    0x1000550c   0x0000004c   Code   RO         1925    i.gatt_notify_cmp_evt_handler  qpps_task.o
    0x10005558   0x0000002c   Code   RO         3350    i.gatt_notify_cmp_evt_handler  fireble_task.o
    0x10005584   0x00000004   Code   RO         3630    i.gatt_notify_cmp_evt_handler  qn_ota.lib(otas_task.o)
    0x10005588   0x00000048   Code   RO         3531    i.gatt_read_char_req_handler_patch  qn9020b2_lib_peripheral.lib(lib.o)
    0x100055d0   0x000000fc   Code   RO         3532    i.gatt_write_char_req_handler_patch  qn9020b2_lib_peripheral.lib(lib.o)
    0x100056cc   0x00000170   Code   RO         1926    i.gatt_write_cmd_ind_handler  qpps_task.o
    0x1000583c   0x00000144   Code   RO         3351    i.gatt_write_cmd_ind_handler  fireble_task.o
    0x10005980   0x000000f0   Code   RO         3631    i.gatt_write_cmd_ind_handler  qn_ota.lib(otas_task.o)
    0x10005a70   0x00000018   Code   RO         1450    i.get_bit_num       app_qpps_task.o
    0x10005a88   0x0000006c   Code   RO          617    i.get_name          at_command.o
    0x10005af4   0x0000004c   Code   RO          618    i.get_version       at_command.o
    0x10005b40   0x0000000c   Code   RO         2252    i.gpio_enable_interrupt  gpio.o
    0x10005b4c   0x00000004   Code   RO         2253    i.gpio_gpio_ClrOutEnable  gpio.o
    0x10005b50   0x00000006   Code   RO         2254    i.gpio_gpio_SetIntFallingEdge  gpio.o
    0x10005b56   0x00000006   Code   RO         2255    i.gpio_gpio_SetIntRisingEdge  gpio.o
    0x10005b5c   0x00000004   Code   RO         2256    i.gpio_gpio_SetOutEnable  gpio.o
    0x10005b60   0x00000008   Code   RO         2257    i.gpio_gpio_SetOutputData  gpio.o
    0x10005b68   0x0000002c   Code   RO         2258    i.gpio_init         gpio.o
    0x10005b94   0x00000018   Code   RO          460    i.gpio_interrupt_callback  usr_design.o
    0x10005bac   0x00000068   Code   RO         2259    i.gpio_pull_set     gpio.o
    0x10005c14   0x0000001e   Code   RO         2260    i.gpio_read_pin     gpio.o
    0x10005c32   0x00000012   Code   RO         2261    i.gpio_read_pin_field  gpio.o
    0x10005c44   0x00000022   Code   RO         2262    i.gpio_set_direction  gpio.o
    0x10005c66   0x00000028   Code   RO         2263    i.gpio_set_direction_field  gpio.o
    0x10005c8e   0x00000026   Code   RO         2265    i.gpio_sleep_allowed  gpio.o
    0x10005cb4   0x00000090   Code   RO         2267    i.gpio_wakeup_config  gpio.o
    0x10005d44   0x0000002e   Code   RO         2268    i.gpio_write_pin    gpio.o
    0x10005d72   0x0000002e   Code   RO         2269    i.gpio_write_pin_field  gpio.o
    0x10005da0   0x0000002c   Code   RO         2801    i.i2c_bus_check     i2c.o
    0x10005dcc   0x00000004   Code   RO         2802    i.i2c_i2c_ClrIntStatus  i2c.o
    0x10005dd0   0x00000004   Code   RO         2803    i.i2c_i2c_SetTXD    i2c.o
    0x10005dd4   0x00000044   Code   RO         2804    i.i2c_init          i2c.o
    0x10005e18   0x00000014   Code   RO         2805    i.i2c_is_finish     i2c.o
    0x10005e2c   0x0000014c   Code   RO         2806    i.i2c_polling       i2c.o
    0x10005f78   0x000000c0   Code   RO         2807    i.i2c_read          i2c.o
    0x10006038   0x00000088   Code   RO         2808    i.i2c_write         i2c.o
    0x100060c0   0x00000030   Code   RO         2926    i.is_flash_busy     serialflash.o
    0x100060f0   0x00000014   Code   RO         3533    i.is_flash_off      qn9020b2_lib_peripheral.lib(lib.o)
    0x10006104   0x00000020   Code   RO         2927    i.is_flash_present  serialflash.o
    0x10006124   0x0000004c   Code   RO         3534    i.ke_schedule       qn9020b2_lib_peripheral.lib(lib.o)
    0x10006170   0x00000028   Code   RO         3535    i.ke_time           qn9020b2_lib_peripheral.lib(lib.o)
    0x10006198   0x00000018   Code   RO         3536    i.ke_timer_empty    qn9020b2_lib_peripheral.lib(lib.o)
    0x100061b0   0x0000005c   Code   RO         3537    i.l2cc_data_packet_ind_handler_patch  qn9020b2_lib_peripheral.lib(lib.o)
    0x1000620c   0x00000050   Code   RO         3538    i.l2cc_data_send_rsp_handler_patch  qn9020b2_lib_peripheral.lib(lib.o)
    0x1000625c   0x00000026   Code   RO         3187    i.led_get           led.o
    0x10006282   0x00000022   Code   RO         3188    i.led_init          led.o
    0x100062a4   0x00000028   Code   RO         3189    i.led_set           led.o
    0x100062cc   0x0000003c   Code   RO         3539    i.lld_sleep_lpcycles_2_us  qn9020b2_lib_peripheral.lib(lib.o)
    0x10006308   0x0000005c   Code   RO         3632    i.llm_le_enc_cmp_evt_handler  qn_ota.lib(otas_task.o)
    0x10006364   0x000000ec   Code   RO           12    i.main              app_main.o
    0x10006450   0x00000040   Code   RO         3540    i.nvds_copy         qn9020b2_lib_peripheral.lib(lib.o)
    0x10006490   0x0000002c   Code   RO         3541    i.nvds_erase        qn9020b2_lib_peripheral.lib(lib.o)
    0x100064bc   0x00000090   Code   RO         3542    i.nvds_purge        qn9020b2_lib_peripheral.lib(lib.o)
    0x1000654c   0x00000094   Code   RO         3543    i.nvds_read         qn9020b2_lib_peripheral.lib(lib.o)
    0x100065e0   0x00000070   Code   RO         3544    i.nvds_restore_backup  qn9020b2_lib_peripheral.lib(lib.o)
    0x10006650   0x0000004e   Code   RO         3545    i.nvds_write        qn9020b2_lib_peripheral.lib(lib.o)
    0x1000669e   0x00000002   PAD
    0x100066a0   0x00000078   Code   RO         3456    i.ota_calc_flash_crc  qn_ota.lib(otas.o)
    0x10006718   0x00000044   Code   RO         3633    i.ota_control_app_resp_handler  qn_ota.lib(otas_task.o)
    0x1000675c   0x00000018   Code   RO         3634    i.ota_control_app_resp_timer_handler  qn_ota.lib(otas_task.o)
    0x10006774   0x000000ac   Code   RO         3457    i.ota_set_active_block  qn_ota.lib(otas.o)
    0x10006820   0x00000010   Code   RO         3458    i.otas_control      qn_ota.lib(otas.o)
    0x10006830   0x0000006c   Code   RO         3635    i.otas_create_db_req_handler  qn_ota.lib(otas_task.o)
    0x1000689c   0x00000048   Code   RO         3459    i.otas_disable      qn_ota.lib(otas.o)
    0x100068e4   0x00000020   Code   RO         3636    i.otas_disable_req_handler  qn_ota.lib(otas_task.o)
    0x10006904   0x00000034   Code   RO         3637    i.otas_enable_req_handler  qn_ota.lib(otas_task.o)
    0x10006938   0x0000002c   Code   RO         3460    i.otas_error_ind_send  qn_ota.lib(otas.o)
    0x10006964   0x000000e8   Code   RO         3462    i.otas_init         qn_ota.lib(otas.o)
    0x10006a4c   0x000000a0   Code   RO         3463    i.otas_proc_data_ind  qn_ota.lib(otas.o)
    0x10006aec   0x00000034   Code   RO         3464    i.otas_start_decrypt  qn_ota.lib(otas.o)
    0x10006b20   0x00000034   Code   RO         3638    i.otas_start_encrypt_req  qn_ota.lib(otas_task.o)
    0x10006b54   0x00000178   Code   RO         3546    i.patch_nvds_put    qn9020b2_lib_peripheral.lib(lib.o)
    0x10006ccc   0x00000314   Code   RO         3547    i.plf_init          qn9020b2_lib_peripheral.lib(lib.o)
    0x10006fe0   0x00000010   Code   RO         3548    i.plf_reset_cb      qn9020b2_lib_peripheral.lib(lib.o)
    0x10006ff0   0x00000026   Code   RO         2928    i.power_off_flash   serialflash.o
    0x10007016   0x00000002   PAD
    0x10007018   0x0000004c   Code   RO         2929    i.power_on_flash    serialflash.o
    0x10007064   0x00000150   Code   RO         3549    i.powerup_calibration  qn9020b2_lib_peripheral.lib(lib.o)
    0x100071b4   0x00000054   Code   RO         1820    i.prf_dispatch_disconnect  prf_utils.o
    0x10007208   0x00000044   Code   RO         1821    i.prf_init          prf_utils.o
    0x1000724c   0x00000020   Code   RO           13    i.prf_register      app_main.o
    0x1000726c   0x00000030   Code   RO         1823    i.prf_server_error_ind_send  prf_utils.o
    0x1000729c   0x00000074   Code   RO         3465    i.proc_cmd_brick_data_write  qn_ota.lib(otas.o)
    0x10007310   0x000000c4   Code   RO         3466    i.proc_cmd_meta_data_write  qn_ota.lib(otas.o)
    0x100073d4   0x000000e4   Code   RO         2734    i.pwm_config        pwm.o
    0x100074b8   0x00000060   Code   RO          619    i.pwm_enable        at_command.o
    0x10007518   0x0000004c   Code   RO         2735    i.pwm_init          pwm.o
    0x10007564   0x0000003c   Code   RO          620    i.pwm_io_config     at_command.o
    0x100075a0   0x00000130   Code   RO          621    i.pwm_output        at_command.o
    0x100076d0   0x00000004   Code   RO         2736    i.pwm_pwm_ClrIntStatus  pwm.o
    0x100076d4   0x00000016   Code   RO         2737    i.pwm_pwm_SetCRWithMask  pwm.o
    0x100076ea   0x00000002   PAD
    0x100076ec   0x000001b8   Code   RO         1927    i.qpps_create_db_req_handler  qpps_task.o
    0x100078a4   0x000000b8   Code   RO         1928    i.qpps_data_send_req_handler  qpps_task.o
    0x1000795c   0x00000050   Code   RO         1880    i.qpps_disable      qpps.o
    0x100079ac   0x000000c4   Code   RO         1929    i.qpps_enable_req_handler  qpps_task.o
    0x10007a70   0x00000034   Code   RO         1881    i.qpps_error_ind_send  qpps.o
    0x10007aa4   0x00000024   Code   RO         1882    i.qpps_init         qpps.o
    0x10007ac8   0x00000038   Code   RO         2930    i.read_flash        serialflash.o
    0x10007b00   0x00000018   Code   RO         2931    i.read_flash_id     serialflash.o
    0x10007b18   0x00000018   Code   RO         3639    i.reset_rx_buffer   qn_ota.lib(otas_task.o)
    0x10007b30   0x00000054   Code   RO         3552    i.restore_ble_setting  qn9020b2_lib_peripheral.lib(lib.o)
    0x10007b84   0x00000010   Code   RO         3467    i.rsp_cmd_flash_check  qn_ota.lib(otas.o)
    0x10007b94   0x00000018   Code   RO         3468    i.rsp_cmd_meta_data_write  qn_ota.lib(otas.o)
    0x10007bac   0x00000016   Code   RO         3469    i.rsp_pkt_check_error  qn_ota.lib(otas.o)
    0x10007bc2   0x00000002   PAD
    0x10007bc4   0x00000024   Code   RO         3553    i.rwble_slot_2_lpcycles  qn9020b2_lib_peripheral.lib(lib.o)
    0x10007be8   0x00000038   Code   RO         2932    i.sector_erase_flash  serialflash.o
    0x10007c20   0x00000030   Code   RO         3554    i.sector_erase_flash_patch  qn9020b2_lib_peripheral.lib(lib.o)
    0x10007c50   0x0000002c   Code   RO         3470    i.send_status_toapp  qn_ota.lib(otas.o)
    0x10007c7c   0x000000c0   Code   RO          622    i.set_baudrate      at_command.o
    0x10007d3c   0x00000010   Code   RO         3556    i.set_dbg_info      qn9020b2_lib_peripheral.lib(lib.o)
    0x10007d4c   0x00000016   Code   RO         2934    i.sf_ctrl_SetCRWithMask  serialflash.o
    0x10007d62   0x00000004   Code   RO         2935    i.sf_ctrl_SetCmdAddr  serialflash.o
    0x10007d66   0x00000004   Code   RO         2936    i.sf_ctrl_SetDataLen  serialflash.o
    0x10007d6a   0x0000001a   Code   RO         1553    i.show_com_mode     app_com.o
    0x10007d84   0x00000018   Code   RO         2395    i.sleep_cb          sleep.o
    0x10007d9c   0x00000034   Code   RO         2396    i.sleep_init        sleep.o
    0x10007dd0   0x0000005a   Code   RO         3557    i.sleep_post_process  qn9020b2_lib_peripheral.lib(lib.o)
    0x10007e2a   0x00000002   PAD
    0x10007e2c   0x00000058   Code   RO         3558    i.smp_rtx_ind_handler_patch  qn9020b2_lib_peripheral.lib(lib.o)
    0x10007e84   0x0000003c   Code   RO          305    i.spi_clock_off     system.o
    0x10007ec0   0x0000002c   Code   RO         3081    i.spi_rx_data       spi.o
    0x10007eec   0x00000014   Code   RO         3082    i.spi_rx_int_enable  spi.o
    0x10007f00   0x00000006   Code   RO         3083    i.spi_spi_GetSR     spi.o
    0x10007f06   0x00000016   Code   RO         3084    i.spi_spi_SetCR0WithMask  spi.o
    0x10007f1c   0x00000004   Code   RO         3085    i.spi_spi_SetTXD    spi.o
    0x10007f20   0x00000040   Code   RO         3087    i.spi_tx_data       spi.o
    0x10007f60   0x00000050   Code   RO         3088    i.spi_tx_int_enable  spi.o
    0x10007fb0   0x00000014   Code   RO         3471    i.start_wait_app_resp_timer  qn_ota.lib(otas.o)
    0x10007fc4   0x00000016   Code   RO          306    i.syscon_SetCMDCRWithMask  system.o
    0x10007fda   0x00000016   Code   RO         2397    i.syscon_SetCMDCRWithMask  sleep.o
    0x10007ff0   0x00000016   Code   RO         2508    i.syscon_SetCMDCRWithMask  syscon.o
    0x10008006   0x00000004   Code   RO          307    i.syscon_SetCRSC    system.o
    0x1000800a   0x00000004   Code   RO         2097    i.syscon_SetCRSC    uart.o
    0x1000800e   0x00000004   Code   RO         3031    i.syscon_SetCRSC    usr_spi.o
    0x10008012   0x00000004   Code   RO          308    i.syscon_SetCRSS    system.o
    0x10008016   0x0000001a   Code   RO          987    i.syscon_SetIvrefX32WithMask  app_task.o
    0x10008030   0x0000001a   Code   RO         2398    i.syscon_SetIvrefX32WithMask  sleep.o
    0x1000804a   0x0000000e   Code   RO         3559    i.syscon_SetIvrefX32WithMask  qn9020b2_lib_peripheral.lib(lib.o)
    0x10008058   0x00000004   Code   RO          309    i.syscon_SetPDCR    system.o
    0x1000805c   0x0000001a   Code   RO         2399    i.syscon_SetPGCR0WithMask  sleep.o
    0x10008076   0x0000001a   Code   RO          310    i.syscon_SetPGCR1WithMask  system.o
    0x10008090   0x0000001a   Code   RO         2400    i.syscon_SetPGCR1WithMask  sleep.o
    0x100080aa   0x0000001a   Code   RO         2509    i.syscon_SetPGCR1WithMask  syscon.o
    0x100080c4   0x0000000e   Code   RO         3560    i.syscon_SetPGCR1WithMask  qn9020b2_lib_peripheral.lib(lib.o)
    0x100080d2   0x0000001a   Code   RO         2401    i.syscon_SetPGCR2WithMask  sleep.o
    0x100080ec   0x0000001a   Code   RO         2937    i.syscon_SetPGCR2WithMask  serialflash.o
    0x10008106   0x0000000e   Code   RO         3561    i.syscon_SetPGCR2WithMask  qn9020b2_lib_peripheral.lib(lib.o)
    0x10008114   0x00000004   Code   RO          311    i.syscon_SetPMCR0   system.o
    0x10008118   0x00000004   Code   RO          312    i.syscon_SetPMCR1   system.o
    0x1000811c   0x00000016   Code   RO          623    i.syscon_SetPMCR1WithMask  at_command.o
    0x10008132   0x00000004   Code   RO          313    i.syscon_SetPPCR0   system.o
    0x10008136   0x00000004   Code   RO          314    i.syscon_SetPPCR1   system.o
    0x1000813a   0x0000000e   Code   RO         3562    i.syscon_SetXtalBuckWithMask  qn9020b2_lib_peripheral.lib(lib.o)
    0x10008148   0x0000004c   Code   RO         2514    i.syscon_set_ahb_clk  syscon.o
    0x10008194   0x00000048   Code   RO         2515    i.syscon_set_apb_clk  syscon.o
    0x100081dc   0x0000004c   Code   RO         2516    i.syscon_set_ble_clk  syscon.o
    0x10008228   0x000000e8   Code   RO         2517    i.syscon_set_sysclk_src  syscon.o
    0x10008310   0x00000038   Code   RO         2518    i.syscon_set_timer_clk  syscon.o
    0x10008348   0x00000084   Code   RO         2519    i.syscon_set_usart_clk  syscon.o
    0x100083cc   0x0000003c   Code   RO          988    i.task_app_desc_register  app_task.o
    0x10008408   0x0000003c   Code   RO         2047    i.task_diss_desc_register  diss_task.o
    0x10008444   0x0000003c   Code   RO         3352    i.task_fireble_desc_register  fireble_task.o
    0x10008480   0x000000c4   Code   RO         3563    i.task_gatt_desc_register  qn9020b2_lib_peripheral.lib(lib.o)
    0x10008544   0x00000038   Code   RO         3640    i.task_otas_desc_register  qn_ota.lib(otas_task.o)
    0x1000857c   0x0000003c   Code   RO         1930    i.task_qpps_desc_register  qpps_task.o
    0x100085b8   0x00000050   Code   RO          315    i.timer_clock_off   system.o
    0x10008608   0x00000004   Code   RO         2618    i.timer_timer_ClrIntFlag  timer.o
    0x1000860c   0x00000006   Code   RO         2619    i.timer_timer_GetIntFlag  timer.o
    0x10008612   0x00000002   PAD
    0x10008614   0x0000007c   Code   RO         3472    i.transmit_rsp_to_client  qn_ota.lib(otas.o)
    0x10008690   0x0000003c   Code   RO          316    i.uart_clock_off    system.o
    0x100086cc   0x000000b8   Code   RO         2104    i.uart_init         uart.o
    0x10008784   0x0000004c   Code   RO         2106    i.uart_read         uart.o
    0x100087d0   0x00000044   Code   RO          461    i.uart_rx_enable    usr_design.o
    0x10008814   0x00000058   Code   RO         1554    i.uart_rx_int_enable  app_com.o
    0x1000886c   0x0000003c   Code   RO         2107    i.uart_rx_int_enable  uart.o
    0x100088a8   0x00000040   Code   RO          462    i.uart_tx_enable    usr_design.o
    0x100088e8   0x00000038   Code   RO         2108    i.uart_tx_int_enable  uart.o
    0x10008920   0x00000004   Code   RO         1555    i.uart_uart_ClrIntFlag  app_com.o
    0x10008924   0x00000004   Code   RO         2109    i.uart_uart_ClrIntFlag  uart.o
    0x10008928   0x00000006   Code   RO         2110    i.uart_uart_GetIntFlag  uart.o
    0x1000892e   0x00000016   Code   RO          317    i.uart_uart_SetCRWithMask  system.o
    0x10008944   0x00000016   Code   RO          463    i.uart_uart_SetCRWithMask  usr_design.o
    0x1000895a   0x00000016   Code   RO         2111    i.uart_uart_SetCRWithMask  uart.o
    0x10008970   0x00000004   Code   RO         2112    i.uart_uart_SetTXD  uart.o
    0x10008974   0x0000004c   Code   RO         2113    i.uart_write        uart.o
    0x100089c0   0x00000030   Code   RO          464    i.usr_at_wakeup_cb  usr_design.o
    0x100089f0   0x00000002   Code   RO          465    i.usr_init          usr_design.o
    0x100089f2   0x00000002   PAD
    0x100089f4   0x00000044   Code   RO          466    i.usr_led1_process  usr_design.o
    0x10008a38   0x0000005c   Code   RO          467    i.usr_led1_set      usr_design.o
    0x10008a94   0x00000040   Code   RO         2402    i.usr_sleep         sleep.o
    0x10008ad4   0x00000048   Code   RO          468    i.usr_sleep_restore  usr_design.o
    0x10008b1c   0x00000050   Code   RO         3032    i.usr_spi_init      usr_spi.o
    0x10008b6c   0x00000038   Code   RO         3033    i.usr_spi_io_conf   usr_spi.o
    0x10008ba4   0x00000038   Code   RO         3034    i.usr_spi_tran      usr_spi.o
    0x10008bdc   0x00000018   Code   RO         2403    i.wakeup_32k_xtal_start_timer  sleep.o
    0x10008bf4   0x00000054   Code   RO         2404    i.wakeup_32k_xtal_switch_clk  sleep.o
    0x10008c48   0x00000070   Code   RO         2406    i.wakeup_by_sleep_timer  sleep.o
    0x10008cb8   0x00000034   Code   RO         2938    i.write_flash       serialflash.o
    0x10008cec   0x00000048   Data   RO          624    .constdata          at_command.o
    0x10008d34   0x000001b8   Data   RO          989    .constdata          app_task.o
    0x10008eec   0x00000060   Data   RO         1884    .constdata          qpps.o
    0x10008f4c   0x00000055   Data   RO         1931    .constdata          qpps_task.o
    0x10008fa1   0x00000003   PAD
    0x10008fa4   0x00000113   Data   RO         1993    .constdata          diss.o
    0x100090b7   0x00000001   PAD
    0x100090b8   0x00000040   Data   RO         2048    .constdata          diss_task.o
    0x100090f8   0x00000033   Data   RO         2115    .constdata          uart.o
    0x1000912b   0x00000001   PAD
    0x1000912c   0x0000005d   Data   RO         3354    .constdata          fireble_task.o
    0x10009189   0x00000001   PAD
    0x1000918a   0x00000002   Data   RO         3474    .constdata          qn_ota.lib(otas.o)
    0x1000918c   0x00000013   Data   RO         3475    .constdata          qn_ota.lib(otas.o)
    0x1000919f   0x00000013   Data   RO         3476    .constdata          qn_ota.lib(otas.o)
    0x100091b2   0x00000002   PAD
    0x100091b4   0x0000008c   Data   RO         3477    .constdata          qn_ota.lib(otas.o)
    0x10009240   0x00000010   Data   RO         3565    .constdata          qn9020b2_lib_peripheral.lib(lib.o)
    0x10009250   0x00000008   Data   RO         3641    .constdata          qn_ota.lib(otas_task.o)
    0x10009258   0x00000008   Data   RO         3642    .constdata          qn_ota.lib(otas_task.o)
    0x10009260   0x00000020   Data   RO         3643    .constdata          qn_ota.lib(otas_task.o)
    0x10009280   0x00000010   Data   RO         3644    .constdata          qn_ota.lib(otas_task.o)
    0x10009290   0x00000020   Data   RO         3645    .constdata          qn_ota.lib(otas_task.o)
    0x100092b0   0x00000081   Data   RO         4002    .constdata          mc_p.l(ctype_o.o)
    0x10009331   0x00000003   PAD
    0x10009334   0x00000004   Data   RO         4003    .constdata          mc_p.l(ctype_o.o)
    0x10009338   0x00000038   Data   RO          625    .conststring        at_command.o
    0x10009370   0x00000008   Data   RO         1885    .conststring        qpps.o
    0x10009378   0x00000034   Data   RO         3478    .conststring        qn_ota.lib(otas.o)
    0x100093ac   0x00000014   Data   RO         3479    .conststrlit        qn_ota.lib(otas.o)
    0x100093c0   0x00000010   Data   RO         4034    Region$$Table       anon$$obj.o
    0x100093d0   0x00000007   Data   RW          469    .data               usr_design.o
    0x100093d7   0x00000004   Data   RW          626    .data               at_command.o
    0x100093db   0x00000001   PAD
    0x100093dc   0x00000002   Data   RW          990    .data               app_task.o
    0x100093de   0x00000002   PAD
    0x100093e0   0x00000004   Data   RW         1451    .data               app_qpps_task.o
    0x100093e4   0x00000001   Data   RW         1557    .data               app_com.o
    0x100093e5   0x00000003   PAD
    0x100093e8   0x00000004   Data   RW         1786    .data               app_diss_task.o
    0x100093ec   0x00000010   Data   RW         1932    .data               qpps_task.o
    0x100093fc   0x00000002   Data   RW         2049    .data               diss_task.o
    0x100093fe   0x00000002   PAD
    0x10009400   0x00000004   Data   RW         2270    .data               gpio.o
    0x10009404   0x00000019   Data   RW         2407    .data               sleep.o
    0x1000941d   0x00000003   PAD
    0x10009420   0x0000000c   Data   RW         2520    .data               syscon.o
    0x1000942c   0x00000020   Data   RW         2623    .data               timer.o
    0x1000944c   0x00000008   Data   RW         2939    .data               serialflash.o
    0x10009454   0x00000005   Data   RW         3256    .data               app_fireble_task.o
    0x10009459   0x00000001   PAD
    0x1000945a   0x00000004   Data   RW         3355    .data               fireble_task.o
    0x1000945e   0x00000002   PAD
    0x10009460   0x00000028   Data   RW         3566    .data               qn9020b2_lib_peripheral.lib(lib.o)
    0x10009488   0x00000002   Data   RW         3646    .data               qn_ota.lib(otas_task.o)
    0x1000948a   0x00000002   PAD
    0x1000948c   0x00000004   Data   RW         3672    .data               mc_p.l(rand.o)
    0x10009490   0x00000004   Data   RW         3981    .data               mc_p.l(errno.o)
    0x10009494   0x00001d1c   Zero   RW           14    .bss                app_main.o
    0x1000b1b0   0x00000108   Zero   RW          906    .bss                app_env.o
    0x1000b2b8   0x000002a3   Zero   RW         1556    .bss                app_com.o
    0x1000b55b   0x00000001   PAD
    0x1000b55c   0x00000010   Zero   RW         1883    .bss                qpps.o
    0x1000b56c   0x00000012   Zero   RW         1992    .bss                diss.o
    0x1000b57e   0x00000002   PAD
    0x1000b580   0x00000030   Zero   RW         2114    .bss                uart.o
    0x1000b5b0   0x00000014   Zero   RW         2809    .bss                i2c.o
    0x1000b5c4   0x00000038   Zero   RW         3091    .bss                spi.o
    0x1000b5fc   0x0000001c   Zero   RW         3309    .bss                fireble.o
    0x1000b618   0x00000028   Zero   RW         3353    .bss                fireble_task.o
    0x1000b640   0x00000058   Zero   RW         3473    .bss                qn_ota.lib(otas.o)
    0x1000b698   0x00000368   Zero   RW         3564    .bss                qn9020b2_lib_peripheral.lib(lib.o)
    0x1000ba00   0x00000200   Zero   RW            1    STACK               startup.o


==============================================================================

Image component sizes


      Code (inc. data)   RO Data    RW Data    ZI Data      Debug   Object Name

      2350        358          0          1        675      36959   app_com.o
       132         24          0          0          0       2294   app_diss.o
       420        104          0          4          0       3225   app_diss_task.o
       496         88          0          0        264       5369   app_env.o
       196         32          0          0          0       2657   app_fireble.o
       146         10          0          5          0       5264   app_fireble_task.o
       488         86          0          0          0       6118   app_gap.o
       840         64          0          0          0      17978   app_gap_task.o
       268         50          0          0       7452     101342   app_main.o
        22          0          0          0          0       1105   app_otas_task.o
       152         24          0          0          0       2496   app_qpps.o
       326         14          0          4          0       6317   app_qpps_task.o
       336         48          0          0          0       4126   app_smp.o
       868         28          0          0          0       7119   app_smp_task.o
       234         30        440          2          0      17421   app_task.o
      1654        134          0          0          0      12614   app_util.o
      2950        330        128          4          0      35311   at_command.o
       204         28        275          0         18       5354   diss.o
       416         84         64          2          0       5886   diss_task.o
       160         42          0          0         28       4037   fireble.o
      1748        160         93          4         40      12606   fireble_task.o
       718         14          0          4          0      27762   gpio.o
      1244         74          0          0         20      22898   i2c.o
       112          0          0          0          0       1719   led.o
       200         34          0          0          0       2881   prf_utils.o
       418         36          0          0          0      19360   pwm.o
       168         44        104          0         16       5092   qpps.o
      1356        136         85         16          0      10059   qpps_task.o
       470         52          0          8          0      23184   serialflash.o
       942         80          0         25          0      25681   sleep.o
       532         28          0          0         56      21150   spi.o
        48         14        192          0        512        868   startup.o
       692         80          0         12          0      20671   syscon.o
      1266        120          0          0          0      39757   system.o
       378         32          0         32          0      19070   timer.o
      1088        114         51          0         48      31220   uart.o
      1312        148          0          7          0      32256   usr_design.o
       196         18          0          0          0      17668   usr_spi.o

    ----------------------------------------------------------------------
     25576       2762       1454        144       9132     616894   Object Totals
         0          0         16          0          0          0   (incl. Generated)
        30          0          6         14          3          0   (incl. Padding)

    ----------------------------------------------------------------------

      Code (inc. data)   RO Data    RW Data    ZI Data      Debug   Library Member Name

        30          0          0          0          0         60   _chval.o
       166          0          0          0          0         84   _strtoul.o
        26          0          0          0          0         72   atoi.o
         8          4        133          0          0         60   ctype_o.o
         0          0          0          0          0          0   entry.o
         0          0          0          0          0          0   entry10a.o
         0          0          0          0          0          0   entry11a.o
         8          4          0          0          0          0   entry2.o
         4          0          0          0          0          0   entry5.o
         0          0          0          0          0          0   entry7b.o
         0          0          0          0          0          0   entry8b.o
         8          4          0          0          0          0   entry9a.o
         8          4          0          4          0         60   errno.o
        30          0          0          0          0          0   handlers.o
        40          0          0          0          0         72   idiv.o
        36          8          0          0          0         68   init.o
        38          0          0          0          0         68   llsshr.o
        26          0          0          0          0         72   memcmp.o
        36          0          0          0          0         60   memcpya.o
        36          0          0          0          0        100   memseta.o
      1190         48          0          0          0        384   printf8.o
        36         12          0          4          0        120   rand.o
        18          0          0          0          0         60   strcpy.o
        30          0          0          0          0         72   strncmp.o
       112          4          0          0          0         76   strtol.o
        44          0          0          0          0         72   uidiv.o
      5588        834         16         40        872       3840   lib.o
       430          0          0          0          0        116   math.o
      1594        176        252          0         88       1432   otas.o
       752         98         96          2          0        760   otas_task.o

    ----------------------------------------------------------------------
     10308       1196        502         52        960       7708   Library Totals
        14          0          5          2          0          0   (incl. Padding)

    ----------------------------------------------------------------------

      Code (inc. data)   RO Data    RW Data    ZI Data      Debug   Library Name

      1930         88        133          8          0       1560   mc_p.l
      6018        834         16         40        872       3956   qn9020b2_lib_peripheral.lib
      2346        274        348          2         88       2192   qn_ota.lib

    ----------------------------------------------------------------------
     10308       1196        502         52        960       7708   Library Totals

    ----------------------------------------------------------------------

==============================================================================


      Code (inc. data)   RO Data    RW Data    ZI Data      Debug   

     35884       3958       1956        196      10092     606574   Grand Totals
     35884       3958       1956        196      10092     606574   ELF Image Totals
     35884       3958       1956        196          0          0   ROM Totals

==============================================================================

    Total RO  Size (Code + RO Data)                37840 (  36.95kB)
    Total RW  Size (RW Data + ZI Data)             10288 (  10.05kB)
    Total ROM Size (Code + RO Data + RW Data)      38036 (  37.14kB)

==============================================================================

