<html>
<body>
<pre>
<h1>µVision Build Log</h1>
<h2>Tool Versions:</h2>
IDE-Version: ¦ÌVision V5.17.0.0
Copyright (C) 2015 ARM Ltd and ARM Germany GmbH. All rights reserved.
License Information: kingchad wu, csust, LIC=V8574-F4FDN-49VG2-98DKB-XZRPL-GKWC7
 
Tool Versions:
Toolchain:       MDK-ARM Professional  Version: 5.17
Toolchain Path:  C:\Keil_v5\ARM\ARMCC\Bin
C Compiler:      Armcc.exe V5.06 update 1 (build 61)
Assembler:       Armasm.exe V5.06 update 1 (build 61)
Linker/Locator:  ArmLink.exe V5.06 update 1 (build 61)
Library Manager: ArmAr.exe V5.06 update 1 (build 61)
Hex Converter:   FromElf.exe V5.06 update 1 (build 61)
CPU DLL:         SARMCM3.DLL V5.17
Dialog DLL:      DARMCM1.DLL V1.12.0.0
Target DLL:      Segger\JL2CM3.dll V2.99.16.0
Dialog DLL:      TARMCM1.DLL V1.9.0.0
 
<h2>Project:</h2>
Z:\home\nephne\blueTest\gpio\keil\gpio.uvproj
Project File Date:  05/20/2015

<h2>Output:</h2>
*** Using Compiler 'V5.06 update 1 (build 61)', folder: 'C:\Keil_v5\ARM\ARMCC\Bin'
Build target 'gpio'
compiling gpio_example.c...
..\src\gpio_example.c(110): warning:  #68-D: integer conversion resulted in a change of sign
  			gpio_write_pin_field(GPIO_P27, GPIO_HIGH);
..\src\gpio_example.c: 1 warning, 0 errors
linking...
Program Size: Code=3102 RO-data=222 RW-data=104 ZI-data=676  
After Build - User command #1: fromelf --bin --output ./bin/gpio.bin ./obj/gpio.axf
".\obj\gpio.axf" - 0 Error(s), 1 Warning(s).
Build Time Elapsed:  00:00:01
</pre>
</body>
</html>
