<!doctype html public "-//w3c//dtd html 4.0 transitional//en">
<html><head>
<title>Static Call Graph - [.\obj\uart.axf]</title></head>
<body><HR>
<H1>Static Call Graph for image .\obj\uart.axf</H1><HR>
<BR><P>#&#060CALLGRAPH&#062# ARM Linker, 5060061: Last Updated: Sun Jan 10 22:03:31 2016
<BR><P>
<H3>Maximum Stack Usage =        304 bytes + Unknown(Cycles, Untraceable Function Pointers)</H3><H3>
Call chain for Maximum Stack Depth:</H3>
main &rArr; SystemInit &rArr; syscon_set_sysclk_src &rArr; syscon_SetCMDCRWithMask
<P>
<H3>
Mutually Recursive functions
</H3> <LI><a href="#[1]">NMI_Handler</a>&nbsp;&nbsp;&nbsp;&rArr;&nbsp;&nbsp;&nbsp;<a href="#[1]">NMI_Handler</a><BR>
 <LI><a href="#[2]">HardFault_Handler</a>&nbsp;&nbsp;&nbsp;&rArr;&nbsp;&nbsp;&nbsp;<a href="#[2]">HardFault_Handler</a><BR>
 <LI><a href="#[3]">MemManage_Handler</a>&nbsp;&nbsp;&nbsp;&rArr;&nbsp;&nbsp;&nbsp;<a href="#[3]">MemManage_Handler</a><BR>
 <LI><a href="#[4]">BusFault_Handler</a>&nbsp;&nbsp;&nbsp;&rArr;&nbsp;&nbsp;&nbsp;<a href="#[4]">BusFault_Handler</a><BR>
 <LI><a href="#[5]">UsageFault_Handler</a>&nbsp;&nbsp;&nbsp;&rArr;&nbsp;&nbsp;&nbsp;<a href="#[5]">UsageFault_Handler</a><BR>
 <LI><a href="#[6]">SVC_Handler</a>&nbsp;&nbsp;&nbsp;&rArr;&nbsp;&nbsp;&nbsp;<a href="#[6]">SVC_Handler</a><BR>
 <LI><a href="#[7]">DebugMon_Handler</a>&nbsp;&nbsp;&nbsp;&rArr;&nbsp;&nbsp;&nbsp;<a href="#[7]">DebugMon_Handler</a><BR>
 <LI><a href="#[8]">PendSV_Handler</a>&nbsp;&nbsp;&nbsp;&rArr;&nbsp;&nbsp;&nbsp;<a href="#[8]">PendSV_Handler</a><BR>
 <LI><a href="#[9]">SysTick_Handler</a>&nbsp;&nbsp;&nbsp;&rArr;&nbsp;&nbsp;&nbsp;<a href="#[9]">SysTick_Handler</a><BR>
 <LI><a href="#[11]">ADC_IRQHandler</a>&nbsp;&nbsp;&nbsp;&rArr;&nbsp;&nbsp;&nbsp;<a href="#[11]">ADC_IRQHandler</a><BR>
</UL>
<P>
<H3>
Function Pointers
</H3><UL>
 <LI><a href="#[b]">ACMP0_IRQHandler</a> from analog.o(i.ACMP0_IRQHandler) referenced from startup.o(RESET)
 <LI><a href="#[c]">ACMP1_IRQHandler</a> from analog.o(i.ACMP1_IRQHandler) referenced from startup.o(RESET)
 <LI><a href="#[11]">ADC_IRQHandler</a> from startup.o(.text) referenced from startup.o(RESET)
 <LI><a href="#[d]">BLE_IRQHandler</a> from startup.o(.text) referenced from startup.o(RESET)
 <LI><a href="#[4]">BusFault_Handler</a> from startup.o(.text) referenced from startup.o(RESET)
 <LI><a href="#[21]">CALIB_IRQHandler</a> from startup.o(.text) referenced from startup.o(RESET)
 <LI><a href="#[12]">DMA_IRQHandler</a> from dma.o(i.DMA_IRQHandler) referenced from startup.o(RESET)
 <LI><a href="#[7]">DebugMon_Handler</a> from startup.o(.text) referenced from startup.o(RESET)
 <LI><a href="#[a]">GPIO_IRQHandler</a> from gpio.o(i.GPIO_IRQHandler) referenced from startup.o(RESET)
 <LI><a href="#[2]">HardFault_Handler</a> from startup.o(.text) referenced from startup.o(RESET)
 <LI><a href="#[19]">I2C_IRQHandler</a> from startup.o(.text) referenced from startup.o(RESET)
 <LI><a href="#[3]">MemManage_Handler</a> from startup.o(.text) referenced from startup.o(RESET)
 <LI><a href="#[1]">NMI_Handler</a> from startup.o(.text) referenced from startup.o(RESET)
 <LI><a href="#[f]">OSC_EN_IRQHandler</a> from startup.o(.text) referenced from startup.o(RESET)
 <LI><a href="#[1f]">PWM0_IRQHandler</a> from startup.o(.text) referenced from startup.o(RESET)
 <LI><a href="#[20]">PWM1_IRQHandler</a> from startup.o(.text) referenced from startup.o(RESET)
 <LI><a href="#[8]">PendSV_Handler</a> from startup.o(.text) referenced from startup.o(RESET)
 <LI><a href="#[e]">RTC_CAP_IRQHandler</a> from rtc.o(i.RTC_CAP_IRQHandler) referenced from startup.o(RESET)
 <LI><a href="#[10]">RTC_IRQHandler</a> from rtc.o(i.RTC_IRQHandler) referenced from startup.o(RESET)
 <LI><a href="#[0]">Reset_Handler</a> from startup.o(.text) referenced from startup.o(RESET)
 <LI><a href="#[15]">SPI0_IRQHandler</a> from spi.o(i.SPI0_IRQHandler) referenced 2 times from startup.o(RESET)
 <LI><a href="#[18]">SPI1_IRQHandler</a> from startup.o(.text) referenced 2 times from startup.o(RESET)
 <LI><a href="#[6]">SVC_Handler</a> from startup.o(.text) referenced from startup.o(RESET)
 <LI><a href="#[9]">SysTick_Handler</a> from startup.o(.text) referenced from startup.o(RESET)
 <LI><a href="#[1a]">TIMER0_IRQHandler</a> from timer.o(i.TIMER0_IRQHandler) referenced from startup.o(RESET)
 <LI><a href="#[1b]">TIMER1_IRQHandler</a> from timer.o(i.TIMER1_IRQHandler) referenced from startup.o(RESET)
 <LI><a href="#[1c]">TIMER2_IRQHandler</a> from timer.o(i.TIMER2_IRQHandler) referenced from startup.o(RESET)
 <LI><a href="#[1d]">TIMER3_IRQHandler</a> from timer.o(i.TIMER3_IRQHandler) referenced from startup.o(RESET)
 <LI><a href="#[22]">TUNER_RX_IRQHandler</a> from startup.o(.text) referenced from startup.o(RESET)
 <LI><a href="#[24]">TUNER_SETTING_IRQHandler</a> from startup.o(.text) referenced from startup.o(RESET)
 <LI><a href="#[23]">TUNER_TX_IRQHandler</a> from startup.o(.text) referenced from startup.o(RESET)
 <LI><a href="#[14]">UART0_RX_IRQHandler</a> from uart.o(i.UART0_RX_IRQHandler) referenced from startup.o(RESET)
 <LI><a href="#[13]">UART0_TX_IRQHandler</a> from uart.o(i.UART0_TX_IRQHandler) referenced from startup.o(RESET)
 <LI><a href="#[17]">UART1_RX_IRQHandler</a> from startup.o(.text) referenced from startup.o(RESET)
 <LI><a href="#[16]">UART1_TX_IRQHandler</a> from startup.o(.text) referenced from startup.o(RESET)
 <LI><a href="#[5]">UsageFault_Handler</a> from startup.o(.text) referenced from startup.o(RESET)
 <LI><a href="#[1e]">WDT_IRQHandler</a> from wdt.o(i.WDT_IRQHandler) referenced from startup.o(RESET)
 <LI><a href="#[26]">__main</a> from entry.o(.ARM.Collect$$$$00000000) referenced from startup.o(.text)
 <LI><a href="#[27]">led_blink_left</a> from uart_example.o(i.led_blink_left) referenced from uart_example.o(i.main)
 <LI><a href="#[28]">led_blink_right</a> from uart_example.o(i.led_blink_right) referenced from uart_example.o(i.main)
 <LI><a href="#[25]">main</a> from uart_example.o(i.main) referenced from entry9a.o(.ARM.Collect$$$$0000000B)
</UL>
<P>
<H3>
Global Symbols
</H3>
<P><STRONG><a name="[26]"></a>__main</STRONG> (Thumb, 0 bytes, Stack size unknown bytes, entry.o(.ARM.Collect$$$$00000000))
<BR>[Address Reference Count : 1]<UL><LI> startup.o(.text)
</UL>
<P><STRONG><a name="[52]"></a>_main_stk</STRONG> (Thumb, 0 bytes, Stack size unknown bytes, entry2.o(.ARM.Collect$$$$00000001))

<P><STRONG><a name="[29]"></a>_main_scatterload</STRONG> (Thumb, 0 bytes, Stack size unknown bytes, entry5.o(.ARM.Collect$$$$00000004))
<BR><BR>[Calls]<UL><LI><a href="#[2a]">&gt;&gt;</a>&nbsp;&nbsp;&nbsp;__scatterload
</UL>

<P><STRONG><a name="[2e]"></a>__main_after_scatterload</STRONG> (Thumb, 0 bytes, Stack size unknown bytes, entry5.o(.ARM.Collect$$$$00000004))
<BR><BR>[Called By]<UL><LI><a href="#[2a]">&gt;&gt;</a>&nbsp;&nbsp;&nbsp;__scatterload
</UL>

<P><STRONG><a name="[53]"></a>_main_clock</STRONG> (Thumb, 0 bytes, Stack size unknown bytes, entry7b.o(.ARM.Collect$$$$00000008))

<P><STRONG><a name="[54]"></a>_main_cpp_init</STRONG> (Thumb, 0 bytes, Stack size unknown bytes, entry8b.o(.ARM.Collect$$$$0000000A))

<P><STRONG><a name="[55]"></a>_main_init</STRONG> (Thumb, 0 bytes, Stack size unknown bytes, entry9a.o(.ARM.Collect$$$$0000000B))

<P><STRONG><a name="[56]"></a>__rt_final_cpp</STRONG> (Thumb, 0 bytes, Stack size unknown bytes, entry10a.o(.ARM.Collect$$$$0000000D))

<P><STRONG><a name="[57]"></a>__rt_final_exit</STRONG> (Thumb, 0 bytes, Stack size unknown bytes, entry11a.o(.ARM.Collect$$$$0000000F))

<P><STRONG><a name="[0]"></a>Reset_Handler</STRONG> (Thumb, 14 bytes, Stack size 0 bytes, startup.o(.text))
<BR>[Address Reference Count : 1]<UL><LI> startup.o(RESET)
</UL>
<P><STRONG><a name="[1]"></a>NMI_Handler</STRONG> (Thumb, 2 bytes, Stack size 0 bytes, startup.o(.text))
<BR><BR>[Calls]<UL><LI><a href="#[1]">&gt;&gt;</a>&nbsp;&nbsp;&nbsp;NMI_Handler
</UL>
<BR>[Called By]<UL><LI><a href="#[1]">&gt;&gt;</a>&nbsp;&nbsp;&nbsp;NMI_Handler
</UL>
<BR>[Address Reference Count : 1]<UL><LI> startup.o(RESET)
</UL>
<P><STRONG><a name="[2]"></a>HardFault_Handler</STRONG> (Thumb, 2 bytes, Stack size 0 bytes, startup.o(.text))
<BR><BR>[Calls]<UL><LI><a href="#[2]">&gt;&gt;</a>&nbsp;&nbsp;&nbsp;HardFault_Handler
</UL>
<BR>[Called By]<UL><LI><a href="#[2]">&gt;&gt;</a>&nbsp;&nbsp;&nbsp;HardFault_Handler
</UL>
<BR>[Address Reference Count : 1]<UL><LI> startup.o(RESET)
</UL>
<P><STRONG><a name="[3]"></a>MemManage_Handler</STRONG> (Thumb, 2 bytes, Stack size 0 bytes, startup.o(.text))
<BR><BR>[Calls]<UL><LI><a href="#[3]">&gt;&gt;</a>&nbsp;&nbsp;&nbsp;MemManage_Handler
</UL>
<BR>[Called By]<UL><LI><a href="#[3]">&gt;&gt;</a>&nbsp;&nbsp;&nbsp;MemManage_Handler
</UL>
<BR>[Address Reference Count : 1]<UL><LI> startup.o(RESET)
</UL>
<P><STRONG><a name="[4]"></a>BusFault_Handler</STRONG> (Thumb, 2 bytes, Stack size 0 bytes, startup.o(.text))
<BR><BR>[Calls]<UL><LI><a href="#[4]">&gt;&gt;</a>&nbsp;&nbsp;&nbsp;BusFault_Handler
</UL>
<BR>[Called By]<UL><LI><a href="#[4]">&gt;&gt;</a>&nbsp;&nbsp;&nbsp;BusFault_Handler
</UL>
<BR>[Address Reference Count : 1]<UL><LI> startup.o(RESET)
</UL>
<P><STRONG><a name="[5]"></a>UsageFault_Handler</STRONG> (Thumb, 2 bytes, Stack size 0 bytes, startup.o(.text))
<BR><BR>[Calls]<UL><LI><a href="#[5]">&gt;&gt;</a>&nbsp;&nbsp;&nbsp;UsageFault_Handler
</UL>
<BR>[Called By]<UL><LI><a href="#[5]">&gt;&gt;</a>&nbsp;&nbsp;&nbsp;UsageFault_Handler
</UL>
<BR>[Address Reference Count : 1]<UL><LI> startup.o(RESET)
</UL>
<P><STRONG><a name="[6]"></a>SVC_Handler</STRONG> (Thumb, 2 bytes, Stack size 0 bytes, startup.o(.text))
<BR><BR>[Calls]<UL><LI><a href="#[6]">&gt;&gt;</a>&nbsp;&nbsp;&nbsp;SVC_Handler
</UL>
<BR>[Called By]<UL><LI><a href="#[6]">&gt;&gt;</a>&nbsp;&nbsp;&nbsp;SVC_Handler
</UL>
<BR>[Address Reference Count : 1]<UL><LI> startup.o(RESET)
</UL>
<P><STRONG><a name="[7]"></a>DebugMon_Handler</STRONG> (Thumb, 2 bytes, Stack size 0 bytes, startup.o(.text))
<BR><BR>[Calls]<UL><LI><a href="#[7]">&gt;&gt;</a>&nbsp;&nbsp;&nbsp;DebugMon_Handler
</UL>
<BR>[Called By]<UL><LI><a href="#[7]">&gt;&gt;</a>&nbsp;&nbsp;&nbsp;DebugMon_Handler
</UL>
<BR>[Address Reference Count : 1]<UL><LI> startup.o(RESET)
</UL>
<P><STRONG><a name="[8]"></a>PendSV_Handler</STRONG> (Thumb, 2 bytes, Stack size 0 bytes, startup.o(.text))
<BR><BR>[Calls]<UL><LI><a href="#[8]">&gt;&gt;</a>&nbsp;&nbsp;&nbsp;PendSV_Handler
</UL>
<BR>[Called By]<UL><LI><a href="#[8]">&gt;&gt;</a>&nbsp;&nbsp;&nbsp;PendSV_Handler
</UL>
<BR>[Address Reference Count : 1]<UL><LI> startup.o(RESET)
</UL>
<P><STRONG><a name="[9]"></a>SysTick_Handler</STRONG> (Thumb, 2 bytes, Stack size 0 bytes, startup.o(.text))
<BR><BR>[Calls]<UL><LI><a href="#[9]">&gt;&gt;</a>&nbsp;&nbsp;&nbsp;SysTick_Handler
</UL>
<BR>[Called By]<UL><LI><a href="#[9]">&gt;&gt;</a>&nbsp;&nbsp;&nbsp;SysTick_Handler
</UL>
<BR>[Address Reference Count : 1]<UL><LI> startup.o(RESET)
</UL>
<P><STRONG><a name="[11]"></a>ADC_IRQHandler</STRONG> (Thumb, 0 bytes, Stack size 0 bytes, startup.o(.text))
<BR><BR>[Calls]<UL><LI><a href="#[11]">&gt;&gt;</a>&nbsp;&nbsp;&nbsp;ADC_IRQHandler
</UL>
<BR>[Called By]<UL><LI><a href="#[11]">&gt;&gt;</a>&nbsp;&nbsp;&nbsp;ADC_IRQHandler
</UL>
<BR>[Address Reference Count : 1]<UL><LI> startup.o(RESET)
</UL>
<P><STRONG><a name="[d]"></a>BLE_IRQHandler</STRONG> (Thumb, 0 bytes, Stack size 0 bytes, startup.o(.text))
<BR>[Address Reference Count : 1]<UL><LI> startup.o(RESET)
</UL>
<P><STRONG><a name="[21]"></a>CALIB_IRQHandler</STRONG> (Thumb, 0 bytes, Stack size 0 bytes, startup.o(.text))
<BR>[Address Reference Count : 1]<UL><LI> startup.o(RESET)
</UL>
<P><STRONG><a name="[19]"></a>I2C_IRQHandler</STRONG> (Thumb, 0 bytes, Stack size 0 bytes, startup.o(.text))
<BR>[Address Reference Count : 1]<UL><LI> startup.o(RESET)
</UL>
<P><STRONG><a name="[f]"></a>OSC_EN_IRQHandler</STRONG> (Thumb, 0 bytes, Stack size 0 bytes, startup.o(.text))
<BR>[Address Reference Count : 1]<UL><LI> startup.o(RESET)
</UL>
<P><STRONG><a name="[1f]"></a>PWM0_IRQHandler</STRONG> (Thumb, 0 bytes, Stack size 0 bytes, startup.o(.text))
<BR>[Address Reference Count : 1]<UL><LI> startup.o(RESET)
</UL>
<P><STRONG><a name="[20]"></a>PWM1_IRQHandler</STRONG> (Thumb, 0 bytes, Stack size 0 bytes, startup.o(.text))
<BR>[Address Reference Count : 1]<UL><LI> startup.o(RESET)
</UL>
<P><STRONG><a name="[18]"></a>SPI1_IRQHandler</STRONG> (Thumb, 0 bytes, Stack size 0 bytes, startup.o(.text))
<BR>[Address Reference Count : 1]<UL><LI> startup.o(RESET)
</UL>
<P><STRONG><a name="[22]"></a>TUNER_RX_IRQHandler</STRONG> (Thumb, 0 bytes, Stack size 0 bytes, startup.o(.text))
<BR>[Address Reference Count : 1]<UL><LI> startup.o(RESET)
</UL>
<P><STRONG><a name="[24]"></a>TUNER_SETTING_IRQHandler</STRONG> (Thumb, 0 bytes, Stack size 0 bytes, startup.o(.text))
<BR>[Address Reference Count : 1]<UL><LI> startup.o(RESET)
</UL>
<P><STRONG><a name="[23]"></a>TUNER_TX_IRQHandler</STRONG> (Thumb, 0 bytes, Stack size 0 bytes, startup.o(.text))
<BR>[Address Reference Count : 1]<UL><LI> startup.o(RESET)
</UL>
<P><STRONG><a name="[17]"></a>UART1_RX_IRQHandler</STRONG> (Thumb, 0 bytes, Stack size 0 bytes, startup.o(.text))
<BR>[Address Reference Count : 1]<UL><LI> startup.o(RESET)
</UL>
<P><STRONG><a name="[16]"></a>UART1_TX_IRQHandler</STRONG> (Thumb, 0 bytes, Stack size 0 bytes, startup.o(.text))
<BR>[Address Reference Count : 1]<UL><LI> startup.o(RESET)
</UL>
<P><STRONG><a name="[58]"></a>__aeabi_uidiv</STRONG> (Thumb, 0 bytes, Stack size 12 bytes, uidiv.o(.text), UNUSED)

<P><STRONG><a name="[2d]"></a>__aeabi_uidivmod</STRONG> (Thumb, 44 bytes, Stack size 12 bytes, uidiv.o(.text))
<BR><BR>[Stack]<UL><LI>Max Depth = 12<LI>Call Chain = __aeabi_uidivmod
</UL>
<BR>[Called By]<UL><LI><a href="#[42]">&gt;&gt;</a>&nbsp;&nbsp;&nbsp;syscon_set_usart_clk
<LI><a href="#[41]">&gt;&gt;</a>&nbsp;&nbsp;&nbsp;syscon_set_timer_clk
<LI><a href="#[40]">&gt;&gt;</a>&nbsp;&nbsp;&nbsp;syscon_set_ble_clk
<LI><a href="#[3f]">&gt;&gt;</a>&nbsp;&nbsp;&nbsp;syscon_set_apb_clk
<LI><a href="#[3e]">&gt;&gt;</a>&nbsp;&nbsp;&nbsp;syscon_set_ahb_clk
<LI><a href="#[2c]">&gt;&gt;</a>&nbsp;&nbsp;&nbsp;_localtime
</UL>

<P><STRONG><a name="[2b]"></a>localtime</STRONG> (Thumb, 10 bytes, Stack size 8 bytes, localtime_w.o(.text))
<BR><BR>[Stack]<UL><LI>Max Depth = 36<LI>Call Chain = localtime &rArr; _localtime &rArr; __aeabi_uidivmod
</UL>
<BR>[Calls]<UL><LI><a href="#[2c]">&gt;&gt;</a>&nbsp;&nbsp;&nbsp;_localtime
</UL>
<BR>[Called By]<UL><LI><a href="#[34]">&gt;&gt;</a>&nbsp;&nbsp;&nbsp;rtc_time_get
</UL>

<P><STRONG><a name="[2c]"></a>_localtime</STRONG> (Thumb, 104 bytes, Stack size 16 bytes, localtime_i.o(.text))
<BR><BR>[Stack]<UL><LI>Max Depth = 28<LI>Call Chain = _localtime &rArr; __aeabi_uidivmod
</UL>
<BR>[Calls]<UL><LI><a href="#[2d]">&gt;&gt;</a>&nbsp;&nbsp;&nbsp;__aeabi_uidivmod
</UL>
<BR>[Called By]<UL><LI><a href="#[2b]">&gt;&gt;</a>&nbsp;&nbsp;&nbsp;localtime
</UL>

<P><STRONG><a name="[2a]"></a>__scatterload</STRONG> (Thumb, 28 bytes, Stack size 0 bytes, init.o(.text))
<BR><BR>[Calls]<UL><LI><a href="#[2e]">&gt;&gt;</a>&nbsp;&nbsp;&nbsp;__main_after_scatterload
</UL>
<BR>[Called By]<UL><LI><a href="#[29]">&gt;&gt;</a>&nbsp;&nbsp;&nbsp;_main_scatterload
</UL>

<P><STRONG><a name="[59]"></a>__scatterload_rt2</STRONG> (Thumb, 0 bytes, Stack size 0 bytes, init.o(.text), UNUSED)

<P><STRONG><a name="[30]"></a>__rd_reg</STRONG> (Thumb, 6 bytes, Stack size 0 bytes, math.o(REG_ACCESS_SECTION))
<BR><BR>[Called By]<UL><LI><a href="#[33]">&gt;&gt;</a>&nbsp;&nbsp;&nbsp;rtc_rtc_GetSR
<LI><a href="#[12]">&gt;&gt;</a>&nbsp;&nbsp;&nbsp;DMA_IRQHandler
<LI><a href="#[3b]">&gt;&gt;</a>&nbsp;&nbsp;&nbsp;syscon_set_sysclk_src
<LI><a href="#[3d]">&gt;&gt;</a>&nbsp;&nbsp;&nbsp;ref_pll_calibration
<LI><a href="#[3c]">&gt;&gt;</a>&nbsp;&nbsp;&nbsp;calibration_init
<LI><a href="#[4e]">&gt;&gt;</a>&nbsp;&nbsp;&nbsp;uart_read
<LI><a href="#[14]">&gt;&gt;</a>&nbsp;&nbsp;&nbsp;UART0_RX_IRQHandler
<LI><a href="#[45]">&gt;&gt;</a>&nbsp;&nbsp;&nbsp;uart_uart_GetIntFlag
<LI><a href="#[1d]">&gt;&gt;</a>&nbsp;&nbsp;&nbsp;TIMER3_IRQHandler
<LI><a href="#[1c]">&gt;&gt;</a>&nbsp;&nbsp;&nbsp;TIMER2_IRQHandler
<LI><a href="#[1b]">&gt;&gt;</a>&nbsp;&nbsp;&nbsp;TIMER1_IRQHandler
<LI><a href="#[1a]">&gt;&gt;</a>&nbsp;&nbsp;&nbsp;TIMER0_IRQHandler
<LI><a href="#[43]">&gt;&gt;</a>&nbsp;&nbsp;&nbsp;timer_timer_GetIntFlag
<LI><a href="#[15]">&gt;&gt;</a>&nbsp;&nbsp;&nbsp;SPI0_IRQHandler
<LI><a href="#[37]">&gt;&gt;</a>&nbsp;&nbsp;&nbsp;spi_spi_GetSR
<LI><a href="#[35]">&gt;&gt;</a>&nbsp;&nbsp;&nbsp;spi_rx_data
<LI><a href="#[36]">&gt;&gt;</a>&nbsp;&nbsp;&nbsp;spi_int_enable
<LI><a href="#[34]">&gt;&gt;</a>&nbsp;&nbsp;&nbsp;rtc_time_get
</UL>

<P><STRONG><a name="[31]"></a>__wr_reg</STRONG> (Thumb, 6 bytes, Stack size 0 bytes, math.o(REG_ACCESS_SECTION))
<BR><BR>[Called By]<UL><LI><a href="#[10]">&gt;&gt;</a>&nbsp;&nbsp;&nbsp;RTC_IRQHandler
<LI><a href="#[e]">&gt;&gt;</a>&nbsp;&nbsp;&nbsp;RTC_CAP_IRQHandler
<LI><a href="#[12]">&gt;&gt;</a>&nbsp;&nbsp;&nbsp;DMA_IRQHandler
<LI><a href="#[3c]">&gt;&gt;</a>&nbsp;&nbsp;&nbsp;calibration_init
<LI><a href="#[3a]">&gt;&gt;</a>&nbsp;&nbsp;&nbsp;SystemInit
<LI><a href="#[4a]">&gt;&gt;</a>&nbsp;&nbsp;&nbsp;wdt_irq_clear
<LI><a href="#[51]">&gt;&gt;</a>&nbsp;&nbsp;&nbsp;wdt_wdt_SetLKR
<LI><a href="#[4c]">&gt;&gt;</a>&nbsp;&nbsp;&nbsp;uart_init
<LI><a href="#[48]">&gt;&gt;</a>&nbsp;&nbsp;&nbsp;uart_uart_SetTXD
<LI><a href="#[46]">&gt;&gt;</a>&nbsp;&nbsp;&nbsp;uart_uart_ClrIntFlag
<LI><a href="#[44]">&gt;&gt;</a>&nbsp;&nbsp;&nbsp;timer_timer_ClrIntFlag
<LI><a href="#[39]">&gt;&gt;</a>&nbsp;&nbsp;&nbsp;spi_spi_SetTXD
</UL>

<P><STRONG><a name="[32]"></a>__wr_reg_with_msk</STRONG> (Thumb, 14 bytes, Stack size 0 bytes, math.o(REG_ACCESS_SECTION))
<BR><BR>[Called By]<UL><LI><a href="#[a]">&gt;&gt;</a>&nbsp;&nbsp;&nbsp;GPIO_IRQHandler
<LI><a href="#[3b]">&gt;&gt;</a>&nbsp;&nbsp;&nbsp;syscon_set_sysclk_src
<LI><a href="#[3c]">&gt;&gt;</a>&nbsp;&nbsp;&nbsp;calibration_init
<LI><a href="#[3a]">&gt;&gt;</a>&nbsp;&nbsp;&nbsp;SystemInit
<LI><a href="#[4b]">&gt;&gt;</a>&nbsp;&nbsp;&nbsp;cal_cal_SetCAL0WithMask
<LI><a href="#[25]">&gt;&gt;</a>&nbsp;&nbsp;&nbsp;main
<LI><a href="#[49]">&gt;&gt;</a>&nbsp;&nbsp;&nbsp;uart_tx_int_enable
<LI><a href="#[47]">&gt;&gt;</a>&nbsp;&nbsp;&nbsp;uart_rx_int_enable
<LI><a href="#[50]">&gt;&gt;</a>&nbsp;&nbsp;&nbsp;syscon_SetCMDCRWithMask
<LI><a href="#[36]">&gt;&gt;</a>&nbsp;&nbsp;&nbsp;spi_int_enable
</UL>

<P><STRONG><a name="[b]"></a>ACMP0_IRQHandler</STRONG> (Thumb, 12 bytes, Stack size 0 bytes, analog.o(i.ACMP0_IRQHandler))
<BR>[Address Reference Count : 1]<UL><LI> startup.o(RESET)
</UL>
<P><STRONG><a name="[c]"></a>ACMP1_IRQHandler</STRONG> (Thumb, 12 bytes, Stack size 0 bytes, analog.o(i.ACMP1_IRQHandler))
<BR>[Address Reference Count : 1]<UL><LI> startup.o(RESET)
</UL>
<P><STRONG><a name="[12]"></a>DMA_IRQHandler</STRONG> (Thumb, 54 bytes, Stack size 8 bytes, dma.o(i.DMA_IRQHandler))
<BR><BR>[Stack]<UL><LI>Max Depth = 8<LI>Call Chain = DMA_IRQHandler
</UL>
<BR>[Calls]<UL><LI><a href="#[2f]">&gt;&gt;</a>&nbsp;&nbsp;&nbsp;dev_allow_sleep
<LI><a href="#[30]">&gt;&gt;</a>&nbsp;&nbsp;&nbsp;__rd_reg
<LI><a href="#[31]">&gt;&gt;</a>&nbsp;&nbsp;&nbsp;__wr_reg
</UL>
<BR>[Address Reference Count : 1]<UL><LI> startup.o(RESET)
</UL>
<P><STRONG><a name="[a]"></a>GPIO_IRQHandler</STRONG> (Thumb, 64 bytes, Stack size 24 bytes, gpio.o(i.GPIO_IRQHandler))
<BR><BR>[Stack]<UL><LI>Max Depth = 24<LI>Call Chain = GPIO_IRQHandler
</UL>
<BR>[Calls]<UL><LI><a href="#[32]">&gt;&gt;</a>&nbsp;&nbsp;&nbsp;__wr_reg_with_msk
</UL>
<BR>[Address Reference Count : 1]<UL><LI> startup.o(RESET)
</UL>
<P><STRONG><a name="[e]"></a>RTC_CAP_IRQHandler</STRONG> (Thumb, 46 bytes, Stack size 8 bytes, rtc.o(i.RTC_CAP_IRQHandler))
<BR><BR>[Stack]<UL><LI>Max Depth = 16<LI>Call Chain = RTC_CAP_IRQHandler &rArr; rtc_rtc_GetSR
</UL>
<BR>[Calls]<UL><LI><a href="#[33]">&gt;&gt;</a>&nbsp;&nbsp;&nbsp;rtc_rtc_GetSR
<LI><a href="#[31]">&gt;&gt;</a>&nbsp;&nbsp;&nbsp;__wr_reg
</UL>
<BR>[Address Reference Count : 1]<UL><LI> startup.o(RESET)
</UL>
<P><STRONG><a name="[10]"></a>RTC_IRQHandler</STRONG> (Thumb, 40 bytes, Stack size 8 bytes, rtc.o(i.RTC_IRQHandler))
<BR><BR>[Stack]<UL><LI>Max Depth = 52<LI>Call Chain = RTC_IRQHandler &rArr; rtc_time_get &rArr; localtime &rArr; _localtime &rArr; __aeabi_uidivmod
</UL>
<BR>[Calls]<UL><LI><a href="#[33]">&gt;&gt;</a>&nbsp;&nbsp;&nbsp;rtc_rtc_GetSR
<LI><a href="#[31]">&gt;&gt;</a>&nbsp;&nbsp;&nbsp;__wr_reg
<LI><a href="#[34]">&gt;&gt;</a>&nbsp;&nbsp;&nbsp;rtc_time_get
</UL>
<BR>[Address Reference Count : 1]<UL><LI> startup.o(RESET)
</UL>
<P><STRONG><a name="[15]"></a>SPI0_IRQHandler</STRONG> (Thumb, 158 bytes, Stack size 24 bytes, spi.o(i.SPI0_IRQHandler))
<BR><BR>[Stack]<UL><LI>Max Depth = 72<LI>Call Chain = SPI0_IRQHandler &rArr; spi_int_enable &rArr; spi_tx_data &rArr; spi_spi_SetTXD
</UL>
<BR>[Calls]<UL><LI><a href="#[30]">&gt;&gt;</a>&nbsp;&nbsp;&nbsp;__rd_reg
<LI><a href="#[38]">&gt;&gt;</a>&nbsp;&nbsp;&nbsp;spi_tx_data
<LI><a href="#[39]">&gt;&gt;</a>&nbsp;&nbsp;&nbsp;spi_spi_SetTXD
<LI><a href="#[37]">&gt;&gt;</a>&nbsp;&nbsp;&nbsp;spi_spi_GetSR
<LI><a href="#[35]">&gt;&gt;</a>&nbsp;&nbsp;&nbsp;spi_rx_data
<LI><a href="#[36]">&gt;&gt;</a>&nbsp;&nbsp;&nbsp;spi_int_enable
</UL>
<BR>[Address Reference Count : 1]<UL><LI> startup.o(RESET)
</UL>
<P><STRONG><a name="[3a]"></a>SystemInit</STRONG> (Thumb, 200 bytes, Stack size 16 bytes, system.o(i.SystemInit))
<BR><BR>[Stack]<UL><LI>Max Depth = 48<LI>Call Chain = SystemInit &rArr; syscon_set_sysclk_src &rArr; syscon_SetCMDCRWithMask
</UL>
<BR>[Calls]<UL><LI><a href="#[42]">&gt;&gt;</a>&nbsp;&nbsp;&nbsp;syscon_set_usart_clk
<LI><a href="#[41]">&gt;&gt;</a>&nbsp;&nbsp;&nbsp;syscon_set_timer_clk
<LI><a href="#[3b]">&gt;&gt;</a>&nbsp;&nbsp;&nbsp;syscon_set_sysclk_src
<LI><a href="#[40]">&gt;&gt;</a>&nbsp;&nbsp;&nbsp;syscon_set_ble_clk
<LI><a href="#[3f]">&gt;&gt;</a>&nbsp;&nbsp;&nbsp;syscon_set_apb_clk
<LI><a href="#[3e]">&gt;&gt;</a>&nbsp;&nbsp;&nbsp;syscon_set_ahb_clk
<LI><a href="#[3d]">&gt;&gt;</a>&nbsp;&nbsp;&nbsp;ref_pll_calibration
<LI><a href="#[3c]">&gt;&gt;</a>&nbsp;&nbsp;&nbsp;calibration_init
<LI><a href="#[32]">&gt;&gt;</a>&nbsp;&nbsp;&nbsp;__wr_reg_with_msk
<LI><a href="#[31]">&gt;&gt;</a>&nbsp;&nbsp;&nbsp;__wr_reg
</UL>
<BR>[Called By]<UL><LI><a href="#[25]">&gt;&gt;</a>&nbsp;&nbsp;&nbsp;main
</UL>

<P><STRONG><a name="[1a]"></a>TIMER0_IRQHandler</STRONG> (Thumb, 70 bytes, Stack size 16 bytes, timer.o(i.TIMER0_IRQHandler))
<BR><BR>[Stack]<UL><LI>Max Depth = 24<LI>Call Chain = TIMER0_IRQHandler &rArr; timer_timer_GetIntFlag
</UL>
<BR>[Calls]<UL><LI><a href="#[30]">&gt;&gt;</a>&nbsp;&nbsp;&nbsp;__rd_reg
<LI><a href="#[43]">&gt;&gt;</a>&nbsp;&nbsp;&nbsp;timer_timer_GetIntFlag
<LI><a href="#[44]">&gt;&gt;</a>&nbsp;&nbsp;&nbsp;timer_timer_ClrIntFlag
</UL>
<BR>[Address Reference Count : 1]<UL><LI> startup.o(RESET)
</UL>
<P><STRONG><a name="[1b]"></a>TIMER1_IRQHandler</STRONG> (Thumb, 70 bytes, Stack size 16 bytes, timer.o(i.TIMER1_IRQHandler))
<BR><BR>[Stack]<UL><LI>Max Depth = 24<LI>Call Chain = TIMER1_IRQHandler &rArr; timer_timer_GetIntFlag
</UL>
<BR>[Calls]<UL><LI><a href="#[30]">&gt;&gt;</a>&nbsp;&nbsp;&nbsp;__rd_reg
<LI><a href="#[43]">&gt;&gt;</a>&nbsp;&nbsp;&nbsp;timer_timer_GetIntFlag
<LI><a href="#[44]">&gt;&gt;</a>&nbsp;&nbsp;&nbsp;timer_timer_ClrIntFlag
</UL>
<BR>[Address Reference Count : 1]<UL><LI> startup.o(RESET)
</UL>
<P><STRONG><a name="[1c]"></a>TIMER2_IRQHandler</STRONG> (Thumb, 70 bytes, Stack size 16 bytes, timer.o(i.TIMER2_IRQHandler))
<BR><BR>[Stack]<UL><LI>Max Depth = 24<LI>Call Chain = TIMER2_IRQHandler &rArr; timer_timer_GetIntFlag
</UL>
<BR>[Calls]<UL><LI><a href="#[30]">&gt;&gt;</a>&nbsp;&nbsp;&nbsp;__rd_reg
<LI><a href="#[43]">&gt;&gt;</a>&nbsp;&nbsp;&nbsp;timer_timer_GetIntFlag
<LI><a href="#[44]">&gt;&gt;</a>&nbsp;&nbsp;&nbsp;timer_timer_ClrIntFlag
</UL>
<BR>[Address Reference Count : 1]<UL><LI> startup.o(RESET)
</UL>
<P><STRONG><a name="[1d]"></a>TIMER3_IRQHandler</STRONG> (Thumb, 70 bytes, Stack size 16 bytes, timer.o(i.TIMER3_IRQHandler))
<BR><BR>[Stack]<UL><LI>Max Depth = 24<LI>Call Chain = TIMER3_IRQHandler &rArr; timer_timer_GetIntFlag
</UL>
<BR>[Calls]<UL><LI><a href="#[30]">&gt;&gt;</a>&nbsp;&nbsp;&nbsp;__rd_reg
<LI><a href="#[43]">&gt;&gt;</a>&nbsp;&nbsp;&nbsp;timer_timer_GetIntFlag
<LI><a href="#[44]">&gt;&gt;</a>&nbsp;&nbsp;&nbsp;timer_timer_ClrIntFlag
</UL>
<BR>[Address Reference Count : 1]<UL><LI> startup.o(RESET)
</UL>
<P><STRONG><a name="[14]"></a>UART0_RX_IRQHandler</STRONG> (Thumb, 106 bytes, Stack size 16 bytes, uart.o(i.UART0_RX_IRQHandler))
<BR><BR>[Stack]<UL><LI>Max Depth = 24<LI>Call Chain = UART0_RX_IRQHandler &rArr; uart_uart_GetIntFlag
</UL>
<BR>[Calls]<UL><LI><a href="#[30]">&gt;&gt;</a>&nbsp;&nbsp;&nbsp;__rd_reg
<LI><a href="#[45]">&gt;&gt;</a>&nbsp;&nbsp;&nbsp;uart_uart_GetIntFlag
<LI><a href="#[46]">&gt;&gt;</a>&nbsp;&nbsp;&nbsp;uart_uart_ClrIntFlag
<LI><a href="#[47]">&gt;&gt;</a>&nbsp;&nbsp;&nbsp;uart_rx_int_enable
</UL>
<BR>[Address Reference Count : 1]<UL><LI> startup.o(RESET)
</UL>
<P><STRONG><a name="[13]"></a>UART0_TX_IRQHandler</STRONG> (Thumb, 66 bytes, Stack size 16 bytes, uart.o(i.UART0_TX_IRQHandler))
<BR><BR>[Stack]<UL><LI>Max Depth = 24<LI>Call Chain = UART0_TX_IRQHandler &rArr; uart_uart_SetTXD
</UL>
<BR>[Calls]<UL><LI><a href="#[48]">&gt;&gt;</a>&nbsp;&nbsp;&nbsp;uart_uart_SetTXD
<LI><a href="#[45]">&gt;&gt;</a>&nbsp;&nbsp;&nbsp;uart_uart_GetIntFlag
<LI><a href="#[49]">&gt;&gt;</a>&nbsp;&nbsp;&nbsp;uart_tx_int_enable
</UL>
<BR>[Address Reference Count : 1]<UL><LI> startup.o(RESET)
</UL>
<P><STRONG><a name="[1e]"></a>WDT_IRQHandler</STRONG> (Thumb, 18 bytes, Stack size 8 bytes, wdt.o(i.WDT_IRQHandler))
<BR><BR>[Stack]<UL><LI>Max Depth = 24<LI>Call Chain = WDT_IRQHandler &rArr; wdt_irq_clear &rArr; wdt_wdt_SetLKR
</UL>
<BR>[Calls]<UL><LI><a href="#[4a]">&gt;&gt;</a>&nbsp;&nbsp;&nbsp;wdt_irq_clear
</UL>
<BR>[Address Reference Count : 1]<UL><LI> startup.o(RESET)
</UL>
<P><STRONG><a name="[5a]"></a>__scatterload_copy</STRONG> (Thumb, 14 bytes, Stack size unknown bytes, handlers.o(i.__scatterload_copy), UNUSED)

<P><STRONG><a name="[5b]"></a>__scatterload_null</STRONG> (Thumb, 2 bytes, Stack size unknown bytes, handlers.o(i.__scatterload_null), UNUSED)

<P><STRONG><a name="[5c]"></a>__scatterload_zeroinit</STRONG> (Thumb, 14 bytes, Stack size unknown bytes, handlers.o(i.__scatterload_zeroinit), UNUSED)

<P><STRONG><a name="[3c]"></a>calibration_init</STRONG> (Thumb, 130 bytes, Stack size 16 bytes, calibration.o(i.calibration_init))
<BR><BR>[Stack]<UL><LI>Max Depth = 24<LI>Call Chain = calibration_init &rArr; cal_cal_SetCAL0WithMask
</UL>
<BR>[Calls]<UL><LI><a href="#[30]">&gt;&gt;</a>&nbsp;&nbsp;&nbsp;__rd_reg
<LI><a href="#[32]">&gt;&gt;</a>&nbsp;&nbsp;&nbsp;__wr_reg_with_msk
<LI><a href="#[31]">&gt;&gt;</a>&nbsp;&nbsp;&nbsp;__wr_reg
<LI><a href="#[4b]">&gt;&gt;</a>&nbsp;&nbsp;&nbsp;cal_cal_SetCAL0WithMask
</UL>
<BR>[Called By]<UL><LI><a href="#[3a]">&gt;&gt;</a>&nbsp;&nbsp;&nbsp;SystemInit
</UL>

<P><STRONG><a name="[27]"></a>led_blink_left</STRONG> (Thumb, 8 bytes, Stack size 0 bytes, uart_example.o(i.led_blink_left))
<BR>[Address Reference Count : 1]<UL><LI> uart_example.o(i.main)
</UL>
<P><STRONG><a name="[28]"></a>led_blink_right</STRONG> (Thumb, 8 bytes, Stack size 0 bytes, uart_example.o(i.led_blink_right))
<BR>[Address Reference Count : 1]<UL><LI> uart_example.o(i.main)
</UL>
<P><STRONG><a name="[25]"></a>main</STRONG> (Thumb, 108 bytes, Stack size 256 bytes, uart_example.o(i.main))
<BR><BR>[Stack]<UL><LI>Max Depth = 304<LI>Call Chain = main &rArr; SystemInit &rArr; syscon_set_sysclk_src &rArr; syscon_SetCMDCRWithMask
</UL>
<BR>[Calls]<UL><LI><a href="#[32]">&gt;&gt;</a>&nbsp;&nbsp;&nbsp;__wr_reg_with_msk
<LI><a href="#[3a]">&gt;&gt;</a>&nbsp;&nbsp;&nbsp;SystemInit
<LI><a href="#[4f]">&gt;&gt;</a>&nbsp;&nbsp;&nbsp;uart_write
<LI><a href="#[4e]">&gt;&gt;</a>&nbsp;&nbsp;&nbsp;uart_read
<LI><a href="#[4d]">&gt;&gt;</a>&nbsp;&nbsp;&nbsp;uart_printf
<LI><a href="#[4c]">&gt;&gt;</a>&nbsp;&nbsp;&nbsp;uart_init
</UL>
<BR>[Address Reference Count : 1]<UL><LI> entry9a.o(.ARM.Collect$$$$0000000B)
</UL>
<P><STRONG><a name="[3d]"></a>ref_pll_calibration</STRONG> (Thumb, 44 bytes, Stack size 16 bytes, calibration.o(i.ref_pll_calibration))
<BR><BR>[Stack]<UL><LI>Max Depth = 24<LI>Call Chain = ref_pll_calibration &rArr; cal_cal_SetCAL0WithMask
</UL>
<BR>[Calls]<UL><LI><a href="#[30]">&gt;&gt;</a>&nbsp;&nbsp;&nbsp;__rd_reg
<LI><a href="#[4b]">&gt;&gt;</a>&nbsp;&nbsp;&nbsp;cal_cal_SetCAL0WithMask
</UL>
<BR>[Called By]<UL><LI><a href="#[3a]">&gt;&gt;</a>&nbsp;&nbsp;&nbsp;SystemInit
</UL>

<P><STRONG><a name="[34]"></a>rtc_time_get</STRONG> (Thumb, 60 bytes, Stack size 8 bytes, rtc.o(i.rtc_time_get))
<BR><BR>[Stack]<UL><LI>Max Depth = 44<LI>Call Chain = rtc_time_get &rArr; localtime &rArr; _localtime &rArr; __aeabi_uidivmod
</UL>
<BR>[Calls]<UL><LI><a href="#[30]">&gt;&gt;</a>&nbsp;&nbsp;&nbsp;__rd_reg
<LI><a href="#[2b]">&gt;&gt;</a>&nbsp;&nbsp;&nbsp;localtime
</UL>
<BR>[Called By]<UL><LI><a href="#[10]">&gt;&gt;</a>&nbsp;&nbsp;&nbsp;RTC_IRQHandler
</UL>

<P><STRONG><a name="[3e]"></a>syscon_set_ahb_clk</STRONG> (Thumb, 48 bytes, Stack size 16 bytes, syscon.o(i.syscon_set_ahb_clk))
<BR><BR>[Stack]<UL><LI>Max Depth = 28<LI>Call Chain = syscon_set_ahb_clk &rArr; __aeabi_uidivmod
</UL>
<BR>[Calls]<UL><LI><a href="#[50]">&gt;&gt;</a>&nbsp;&nbsp;&nbsp;syscon_SetCMDCRWithMask
<LI><a href="#[2d]">&gt;&gt;</a>&nbsp;&nbsp;&nbsp;__aeabi_uidivmod
</UL>
<BR>[Called By]<UL><LI><a href="#[3a]">&gt;&gt;</a>&nbsp;&nbsp;&nbsp;SystemInit
</UL>

<P><STRONG><a name="[3f]"></a>syscon_set_apb_clk</STRONG> (Thumb, 46 bytes, Stack size 16 bytes, syscon.o(i.syscon_set_apb_clk))
<BR><BR>[Stack]<UL><LI>Max Depth = 28<LI>Call Chain = syscon_set_apb_clk &rArr; __aeabi_uidivmod
</UL>
<BR>[Calls]<UL><LI><a href="#[50]">&gt;&gt;</a>&nbsp;&nbsp;&nbsp;syscon_SetCMDCRWithMask
<LI><a href="#[2d]">&gt;&gt;</a>&nbsp;&nbsp;&nbsp;__aeabi_uidivmod
</UL>
<BR>[Called By]<UL><LI><a href="#[3a]">&gt;&gt;</a>&nbsp;&nbsp;&nbsp;SystemInit
</UL>

<P><STRONG><a name="[40]"></a>syscon_set_ble_clk</STRONG> (Thumb, 56 bytes, Stack size 8 bytes, syscon.o(i.syscon_set_ble_clk))
<BR><BR>[Stack]<UL><LI>Max Depth = 20<LI>Call Chain = syscon_set_ble_clk &rArr; __aeabi_uidivmod
</UL>
<BR>[Calls]<UL><LI><a href="#[50]">&gt;&gt;</a>&nbsp;&nbsp;&nbsp;syscon_SetCMDCRWithMask
<LI><a href="#[2d]">&gt;&gt;</a>&nbsp;&nbsp;&nbsp;__aeabi_uidivmod
</UL>
<BR>[Called By]<UL><LI><a href="#[3a]">&gt;&gt;</a>&nbsp;&nbsp;&nbsp;SystemInit
</UL>

<P><STRONG><a name="[3b]"></a>syscon_set_sysclk_src</STRONG> (Thumb, 154 bytes, Stack size 24 bytes, syscon.o(i.syscon_set_sysclk_src))
<BR><BR>[Stack]<UL><LI>Max Depth = 32<LI>Call Chain = syscon_set_sysclk_src &rArr; syscon_SetCMDCRWithMask
</UL>
<BR>[Calls]<UL><LI><a href="#[30]">&gt;&gt;</a>&nbsp;&nbsp;&nbsp;__rd_reg
<LI><a href="#[32]">&gt;&gt;</a>&nbsp;&nbsp;&nbsp;__wr_reg_with_msk
<LI><a href="#[50]">&gt;&gt;</a>&nbsp;&nbsp;&nbsp;syscon_SetCMDCRWithMask
</UL>
<BR>[Called By]<UL><LI><a href="#[3a]">&gt;&gt;</a>&nbsp;&nbsp;&nbsp;SystemInit
</UL>

<P><STRONG><a name="[41]"></a>syscon_set_timer_clk</STRONG> (Thumb, 38 bytes, Stack size 8 bytes, syscon.o(i.syscon_set_timer_clk))
<BR><BR>[Stack]<UL><LI>Max Depth = 20<LI>Call Chain = syscon_set_timer_clk &rArr; __aeabi_uidivmod
</UL>
<BR>[Calls]<UL><LI><a href="#[50]">&gt;&gt;</a>&nbsp;&nbsp;&nbsp;syscon_SetCMDCRWithMask
<LI><a href="#[2d]">&gt;&gt;</a>&nbsp;&nbsp;&nbsp;__aeabi_uidivmod
</UL>
<BR>[Called By]<UL><LI><a href="#[3a]">&gt;&gt;</a>&nbsp;&nbsp;&nbsp;SystemInit
</UL>

<P><STRONG><a name="[42]"></a>syscon_set_usart_clk</STRONG> (Thumb, 92 bytes, Stack size 16 bytes, syscon.o(i.syscon_set_usart_clk))
<BR><BR>[Stack]<UL><LI>Max Depth = 28<LI>Call Chain = syscon_set_usart_clk &rArr; __aeabi_uidivmod
</UL>
<BR>[Calls]<UL><LI><a href="#[50]">&gt;&gt;</a>&nbsp;&nbsp;&nbsp;syscon_SetCMDCRWithMask
<LI><a href="#[2d]">&gt;&gt;</a>&nbsp;&nbsp;&nbsp;__aeabi_uidivmod
</UL>
<BR>[Called By]<UL><LI><a href="#[3a]">&gt;&gt;</a>&nbsp;&nbsp;&nbsp;SystemInit
</UL>

<P><STRONG><a name="[4c]"></a>uart_init</STRONG> (Thumb, 124 bytes, Stack size 24 bytes, uart.o(i.uart_init))
<BR><BR>[Stack]<UL><LI>Max Depth = 24<LI>Call Chain = uart_init
</UL>
<BR>[Calls]<UL><LI><a href="#[31]">&gt;&gt;</a>&nbsp;&nbsp;&nbsp;__wr_reg
</UL>
<BR>[Called By]<UL><LI><a href="#[25]">&gt;&gt;</a>&nbsp;&nbsp;&nbsp;main
</UL>

<P><STRONG><a name="[4d]"></a>uart_printf</STRONG> (Thumb, 36 bytes, Stack size 16 bytes, uart.o(i.uart_printf))
<BR><BR>[Stack]<UL><LI>Max Depth = 24<LI>Call Chain = uart_printf &rArr; uart_uart_SetTXD
</UL>
<BR>[Calls]<UL><LI><a href="#[48]">&gt;&gt;</a>&nbsp;&nbsp;&nbsp;uart_uart_SetTXD
<LI><a href="#[45]">&gt;&gt;</a>&nbsp;&nbsp;&nbsp;uart_uart_GetIntFlag
</UL>
<BR>[Called By]<UL><LI><a href="#[25]">&gt;&gt;</a>&nbsp;&nbsp;&nbsp;main
</UL>

<P><STRONG><a name="[4e]"></a>uart_read</STRONG> (Thumb, 88 bytes, Stack size 16 bytes, uart.o(i.uart_read))
<BR><BR>[Stack]<UL><LI>Max Depth = 24<LI>Call Chain = uart_read &rArr; uart_uart_GetIntFlag
</UL>
<BR>[Calls]<UL><LI><a href="#[30]">&gt;&gt;</a>&nbsp;&nbsp;&nbsp;__rd_reg
<LI><a href="#[45]">&gt;&gt;</a>&nbsp;&nbsp;&nbsp;uart_uart_GetIntFlag
<LI><a href="#[47]">&gt;&gt;</a>&nbsp;&nbsp;&nbsp;uart_rx_int_enable
</UL>
<BR>[Called By]<UL><LI><a href="#[25]">&gt;&gt;</a>&nbsp;&nbsp;&nbsp;main
</UL>

<P><STRONG><a name="[4f]"></a>uart_write</STRONG> (Thumb, 98 bytes, Stack size 16 bytes, uart.o(i.uart_write))
<BR><BR>[Stack]<UL><LI>Max Depth = 24<LI>Call Chain = uart_write &rArr; uart_uart_SetTXD
</UL>
<BR>[Calls]<UL><LI><a href="#[48]">&gt;&gt;</a>&nbsp;&nbsp;&nbsp;uart_uart_SetTXD
<LI><a href="#[45]">&gt;&gt;</a>&nbsp;&nbsp;&nbsp;uart_uart_GetIntFlag
<LI><a href="#[49]">&gt;&gt;</a>&nbsp;&nbsp;&nbsp;uart_tx_int_enable
</UL>
<BR>[Called By]<UL><LI><a href="#[25]">&gt;&gt;</a>&nbsp;&nbsp;&nbsp;main
</UL>

<P><STRONG><a name="[4a]"></a>wdt_irq_clear</STRONG> (Thumb, 32 bytes, Stack size 8 bytes, wdt.o(i.wdt_irq_clear))
<BR><BR>[Stack]<UL><LI>Max Depth = 16<LI>Call Chain = wdt_irq_clear &rArr; wdt_wdt_SetLKR
</UL>
<BR>[Calls]<UL><LI><a href="#[31]">&gt;&gt;</a>&nbsp;&nbsp;&nbsp;__wr_reg
<LI><a href="#[51]">&gt;&gt;</a>&nbsp;&nbsp;&nbsp;wdt_wdt_SetLKR
</UL>
<BR>[Called By]<UL><LI><a href="#[1e]">&gt;&gt;</a>&nbsp;&nbsp;&nbsp;WDT_IRQHandler
</UL>
<P>
<H3>
Local Symbols
</H3>
<P><STRONG><a name="[2f]"></a>dev_allow_sleep</STRONG> (Thumb, 10 bytes, Stack size 0 bytes, dma.o(i.dev_allow_sleep))
<BR><BR>[Called By]<UL><LI><a href="#[12]">&gt;&gt;</a>&nbsp;&nbsp;&nbsp;DMA_IRQHandler
</UL>

<P><STRONG><a name="[33]"></a>rtc_rtc_GetSR</STRONG> (Thumb, 10 bytes, Stack size 8 bytes, rtc.o(i.rtc_rtc_GetSR))
<BR><BR>[Stack]<UL><LI>Max Depth = 8<LI>Call Chain = rtc_rtc_GetSR
</UL>
<BR>[Calls]<UL><LI><a href="#[30]">&gt;&gt;</a>&nbsp;&nbsp;&nbsp;__rd_reg
</UL>
<BR>[Called By]<UL><LI><a href="#[10]">&gt;&gt;</a>&nbsp;&nbsp;&nbsp;RTC_IRQHandler
<LI><a href="#[e]">&gt;&gt;</a>&nbsp;&nbsp;&nbsp;RTC_CAP_IRQHandler
</UL>

<P><STRONG><a name="[36]"></a>spi_int_enable</STRONG> (Thumb, 124 bytes, Stack size 24 bytes, spi.o(i.spi_int_enable))
<BR><BR>[Stack]<UL><LI>Max Depth = 48<LI>Call Chain = spi_int_enable &rArr; spi_tx_data &rArr; spi_spi_SetTXD
</UL>
<BR>[Calls]<UL><LI><a href="#[30]">&gt;&gt;</a>&nbsp;&nbsp;&nbsp;__rd_reg
<LI><a href="#[32]">&gt;&gt;</a>&nbsp;&nbsp;&nbsp;__wr_reg_with_msk
<LI><a href="#[38]">&gt;&gt;</a>&nbsp;&nbsp;&nbsp;spi_tx_data
<LI><a href="#[39]">&gt;&gt;</a>&nbsp;&nbsp;&nbsp;spi_spi_SetTXD
<LI><a href="#[37]">&gt;&gt;</a>&nbsp;&nbsp;&nbsp;spi_spi_GetSR
</UL>
<BR>[Called By]<UL><LI><a href="#[15]">&gt;&gt;</a>&nbsp;&nbsp;&nbsp;SPI0_IRQHandler
</UL>

<P><STRONG><a name="[35]"></a>spi_rx_data</STRONG> (Thumb, 76 bytes, Stack size 16 bytes, spi.o(i.spi_rx_data))
<BR><BR>[Stack]<UL><LI>Max Depth = 16<LI>Call Chain = spi_rx_data
</UL>
<BR>[Calls]<UL><LI><a href="#[30]">&gt;&gt;</a>&nbsp;&nbsp;&nbsp;__rd_reg
</UL>
<BR>[Called By]<UL><LI><a href="#[15]">&gt;&gt;</a>&nbsp;&nbsp;&nbsp;SPI0_IRQHandler
</UL>

<P><STRONG><a name="[37]"></a>spi_spi_GetSR</STRONG> (Thumb, 10 bytes, Stack size 8 bytes, spi.o(i.spi_spi_GetSR))
<BR><BR>[Stack]<UL><LI>Max Depth = 8<LI>Call Chain = spi_spi_GetSR
</UL>
<BR>[Calls]<UL><LI><a href="#[30]">&gt;&gt;</a>&nbsp;&nbsp;&nbsp;__rd_reg
</UL>
<BR>[Called By]<UL><LI><a href="#[15]">&gt;&gt;</a>&nbsp;&nbsp;&nbsp;SPI0_IRQHandler
<LI><a href="#[36]">&gt;&gt;</a>&nbsp;&nbsp;&nbsp;spi_int_enable
</UL>

<P><STRONG><a name="[39]"></a>spi_spi_SetTXD</STRONG> (Thumb, 10 bytes, Stack size 8 bytes, spi.o(i.spi_spi_SetTXD))
<BR><BR>[Stack]<UL><LI>Max Depth = 8<LI>Call Chain = spi_spi_SetTXD
</UL>
<BR>[Calls]<UL><LI><a href="#[31]">&gt;&gt;</a>&nbsp;&nbsp;&nbsp;__wr_reg
</UL>
<BR>[Called By]<UL><LI><a href="#[15]">&gt;&gt;</a>&nbsp;&nbsp;&nbsp;SPI0_IRQHandler
<LI><a href="#[38]">&gt;&gt;</a>&nbsp;&nbsp;&nbsp;spi_tx_data
<LI><a href="#[36]">&gt;&gt;</a>&nbsp;&nbsp;&nbsp;spi_int_enable
</UL>

<P><STRONG><a name="[38]"></a>spi_tx_data</STRONG> (Thumb, 70 bytes, Stack size 16 bytes, spi.o(i.spi_tx_data))
<BR><BR>[Stack]<UL><LI>Max Depth = 24<LI>Call Chain = spi_tx_data &rArr; spi_spi_SetTXD
</UL>
<BR>[Calls]<UL><LI><a href="#[39]">&gt;&gt;</a>&nbsp;&nbsp;&nbsp;spi_spi_SetTXD
</UL>
<BR>[Called By]<UL><LI><a href="#[15]">&gt;&gt;</a>&nbsp;&nbsp;&nbsp;SPI0_IRQHandler
<LI><a href="#[36]">&gt;&gt;</a>&nbsp;&nbsp;&nbsp;spi_int_enable
</UL>

<P><STRONG><a name="[50]"></a>syscon_SetCMDCRWithMask</STRONG> (Thumb, 10 bytes, Stack size 8 bytes, syscon.o(i.syscon_SetCMDCRWithMask))
<BR><BR>[Stack]<UL><LI>Max Depth = 8<LI>Call Chain = syscon_SetCMDCRWithMask
</UL>
<BR>[Calls]<UL><LI><a href="#[32]">&gt;&gt;</a>&nbsp;&nbsp;&nbsp;__wr_reg_with_msk
</UL>
<BR>[Called By]<UL><LI><a href="#[42]">&gt;&gt;</a>&nbsp;&nbsp;&nbsp;syscon_set_usart_clk
<LI><a href="#[41]">&gt;&gt;</a>&nbsp;&nbsp;&nbsp;syscon_set_timer_clk
<LI><a href="#[3b]">&gt;&gt;</a>&nbsp;&nbsp;&nbsp;syscon_set_sysclk_src
<LI><a href="#[40]">&gt;&gt;</a>&nbsp;&nbsp;&nbsp;syscon_set_ble_clk
<LI><a href="#[3f]">&gt;&gt;</a>&nbsp;&nbsp;&nbsp;syscon_set_apb_clk
<LI><a href="#[3e]">&gt;&gt;</a>&nbsp;&nbsp;&nbsp;syscon_set_ahb_clk
</UL>

<P><STRONG><a name="[44]"></a>timer_timer_ClrIntFlag</STRONG> (Thumb, 10 bytes, Stack size 8 bytes, timer.o(i.timer_timer_ClrIntFlag))
<BR><BR>[Stack]<UL><LI>Max Depth = 8<LI>Call Chain = timer_timer_ClrIntFlag
</UL>
<BR>[Calls]<UL><LI><a href="#[31]">&gt;&gt;</a>&nbsp;&nbsp;&nbsp;__wr_reg
</UL>
<BR>[Called By]<UL><LI><a href="#[1d]">&gt;&gt;</a>&nbsp;&nbsp;&nbsp;TIMER3_IRQHandler
<LI><a href="#[1c]">&gt;&gt;</a>&nbsp;&nbsp;&nbsp;TIMER2_IRQHandler
<LI><a href="#[1b]">&gt;&gt;</a>&nbsp;&nbsp;&nbsp;TIMER1_IRQHandler
<LI><a href="#[1a]">&gt;&gt;</a>&nbsp;&nbsp;&nbsp;TIMER0_IRQHandler
</UL>

<P><STRONG><a name="[43]"></a>timer_timer_GetIntFlag</STRONG> (Thumb, 10 bytes, Stack size 8 bytes, timer.o(i.timer_timer_GetIntFlag))
<BR><BR>[Stack]<UL><LI>Max Depth = 8<LI>Call Chain = timer_timer_GetIntFlag
</UL>
<BR>[Calls]<UL><LI><a href="#[30]">&gt;&gt;</a>&nbsp;&nbsp;&nbsp;__rd_reg
</UL>
<BR>[Called By]<UL><LI><a href="#[1d]">&gt;&gt;</a>&nbsp;&nbsp;&nbsp;TIMER3_IRQHandler
<LI><a href="#[1c]">&gt;&gt;</a>&nbsp;&nbsp;&nbsp;TIMER2_IRQHandler
<LI><a href="#[1b]">&gt;&gt;</a>&nbsp;&nbsp;&nbsp;TIMER1_IRQHandler
<LI><a href="#[1a]">&gt;&gt;</a>&nbsp;&nbsp;&nbsp;TIMER0_IRQHandler
</UL>

<P><STRONG><a name="[47]"></a>uart_rx_int_enable</STRONG> (Thumb, 18 bytes, Stack size 8 bytes, uart.o(i.uart_rx_int_enable))
<BR><BR>[Stack]<UL><LI>Max Depth = 8<LI>Call Chain = uart_rx_int_enable
</UL>
<BR>[Calls]<UL><LI><a href="#[32]">&gt;&gt;</a>&nbsp;&nbsp;&nbsp;__wr_reg_with_msk
</UL>
<BR>[Called By]<UL><LI><a href="#[4e]">&gt;&gt;</a>&nbsp;&nbsp;&nbsp;uart_read
<LI><a href="#[14]">&gt;&gt;</a>&nbsp;&nbsp;&nbsp;UART0_RX_IRQHandler
</UL>

<P><STRONG><a name="[49]"></a>uart_tx_int_enable</STRONG> (Thumb, 46 bytes, Stack size 8 bytes, uart.o(i.uart_tx_int_enable))
<BR><BR>[Stack]<UL><LI>Max Depth = 8<LI>Call Chain = uart_tx_int_enable
</UL>
<BR>[Calls]<UL><LI><a href="#[32]">&gt;&gt;</a>&nbsp;&nbsp;&nbsp;__wr_reg_with_msk
</UL>
<BR>[Called By]<UL><LI><a href="#[4f]">&gt;&gt;</a>&nbsp;&nbsp;&nbsp;uart_write
<LI><a href="#[13]">&gt;&gt;</a>&nbsp;&nbsp;&nbsp;UART0_TX_IRQHandler
</UL>

<P><STRONG><a name="[46]"></a>uart_uart_ClrIntFlag</STRONG> (Thumb, 10 bytes, Stack size 8 bytes, uart.o(i.uart_uart_ClrIntFlag))
<BR><BR>[Stack]<UL><LI>Max Depth = 8<LI>Call Chain = uart_uart_ClrIntFlag
</UL>
<BR>[Calls]<UL><LI><a href="#[31]">&gt;&gt;</a>&nbsp;&nbsp;&nbsp;__wr_reg
</UL>
<BR>[Called By]<UL><LI><a href="#[14]">&gt;&gt;</a>&nbsp;&nbsp;&nbsp;UART0_RX_IRQHandler
</UL>

<P><STRONG><a name="[45]"></a>uart_uart_GetIntFlag</STRONG> (Thumb, 10 bytes, Stack size 8 bytes, uart.o(i.uart_uart_GetIntFlag))
<BR><BR>[Stack]<UL><LI>Max Depth = 8<LI>Call Chain = uart_uart_GetIntFlag
</UL>
<BR>[Calls]<UL><LI><a href="#[30]">&gt;&gt;</a>&nbsp;&nbsp;&nbsp;__rd_reg
</UL>
<BR>[Called By]<UL><LI><a href="#[4f]">&gt;&gt;</a>&nbsp;&nbsp;&nbsp;uart_write
<LI><a href="#[4e]">&gt;&gt;</a>&nbsp;&nbsp;&nbsp;uart_read
<LI><a href="#[4d]">&gt;&gt;</a>&nbsp;&nbsp;&nbsp;uart_printf
<LI><a href="#[13]">&gt;&gt;</a>&nbsp;&nbsp;&nbsp;UART0_TX_IRQHandler
<LI><a href="#[14]">&gt;&gt;</a>&nbsp;&nbsp;&nbsp;UART0_RX_IRQHandler
</UL>

<P><STRONG><a name="[48]"></a>uart_uart_SetTXD</STRONG> (Thumb, 8 bytes, Stack size 8 bytes, uart.o(i.uart_uart_SetTXD))
<BR><BR>[Stack]<UL><LI>Max Depth = 8<LI>Call Chain = uart_uart_SetTXD
</UL>
<BR>[Calls]<UL><LI><a href="#[31]">&gt;&gt;</a>&nbsp;&nbsp;&nbsp;__wr_reg
</UL>
<BR>[Called By]<UL><LI><a href="#[4f]">&gt;&gt;</a>&nbsp;&nbsp;&nbsp;uart_write
<LI><a href="#[4d]">&gt;&gt;</a>&nbsp;&nbsp;&nbsp;uart_printf
<LI><a href="#[13]">&gt;&gt;</a>&nbsp;&nbsp;&nbsp;UART0_TX_IRQHandler
</UL>

<P><STRONG><a name="[51]"></a>wdt_wdt_SetLKR</STRONG> (Thumb, 14 bytes, Stack size 8 bytes, wdt.o(i.wdt_wdt_SetLKR))
<BR><BR>[Stack]<UL><LI>Max Depth = 8<LI>Call Chain = wdt_wdt_SetLKR
</UL>
<BR>[Calls]<UL><LI><a href="#[31]">&gt;&gt;</a>&nbsp;&nbsp;&nbsp;__wr_reg
</UL>
<BR>[Called By]<UL><LI><a href="#[4a]">&gt;&gt;</a>&nbsp;&nbsp;&nbsp;wdt_irq_clear
</UL>

<P><STRONG><a name="[4b]"></a>cal_cal_SetCAL0WithMask</STRONG> (Thumb, 8 bytes, Stack size 8 bytes, calibration.o(i.cal_cal_SetCAL0WithMask))
<BR><BR>[Stack]<UL><LI>Max Depth = 8<LI>Call Chain = cal_cal_SetCAL0WithMask
</UL>
<BR>[Calls]<UL><LI><a href="#[32]">&gt;&gt;</a>&nbsp;&nbsp;&nbsp;__wr_reg_with_msk
</UL>
<BR>[Called By]<UL><LI><a href="#[3d]">&gt;&gt;</a>&nbsp;&nbsp;&nbsp;ref_pll_calibration
<LI><a href="#[3c]">&gt;&gt;</a>&nbsp;&nbsp;&nbsp;calibration_init
</UL>
<P>
<H3>
Undefined Global Symbols
</H3><HR></body></html>
